📊 **[동결 0일차 / 30일]**  08-16 13:22
잔여 30일 · 기준선 대비 · 거래소 원장 기준

**8401** -1.48%  $29.56  5승9패(36%)  동결후 +0.00 / 0건
**8403** -10.99%  $26.70  20승45패(31%)  동결후 -0.00 / 0건
**8408** -1.55%  $29.53  10승35패(22%)  동결후 -0.00 / 0건
**8409** -4.38%  $28.69  4승14패(22%)  동결후 +0.00 / 0건

**합계 -4.60%**  $114.48 / $120  39승103패(27%)
📊 **[동결 0일차 / 30일]**  08-16 21:00
잔여 30일 · 기준선 대비 · 거래소 원장 기준

**8401** -1.27%  $29.62  5승9패(36%)  동결후 +0.00 / 0건
**8403** -8.82%  $27.35  22승45패(33%)  동결후 +0.57 / 2건
**8408** -1.20%  $29.64  11승37패(23%)  동결후 +0.10 / 3건
**8409** -4.38%  $28.69  4승14패(22%)  동결후 +0.00 / 0건

**합계 -3.92%**  $115.30 / $120  42승105패(29%)
📊 **[동결 1일차 / 30일]**  08-17 09:00
잔여 29일 · 기준선 대비 · 거래소 원장 기준

**8401** -1.81%  $29.46  6승10패(38%)  동결후 +0.02 / 2건
**8403** -8.06%  $27.58  24승46패(34%)  동결후 +0.93 / 5건
**8408** +1.07%  $30.32  11승37패(23%)  동결후 +0.07 / 3건
**8409** -4.23%  $28.73  4승14패(22%)  동결후 -0.02 / 0건

**합계 -3.26%**  $116.09 / $120  45승107패(30%)
📊 **[동결 1일차 / 30일]**  08-17 21:00
잔여 29일 · 기준선 대비 · 거래소 원장 기준

**8401** -2.07%  $29.38  7승10패(41%)  건당 -0.140%  동결후 +0.04 / 3건  (표본부족)
**8403** -7.90%  $27.63  27승49패(36%)  건당 -0.143%  동결후 +0.99 / 11건
**8408** -1.12%  $29.66  12승40패(23%)  건당 -0.029%  동결후 +0.13 / 7건
**8409** -5.51%  $28.35  4승17패(19%)  건당 -0.398%  동결후 -0.46 / 3건  (표본부족)

**합계 -4.15%**  $115.02 / $120  50승116패(30%)

🎯 **건당 실거래 -0.137% / 백테 +0.057% → 괴리 -0.194%p (1.7σ, 166건) · 판정까지 72건 더**
📊 **[동결 2일차 / 30일]**  08-18 09:00
잔여 28일 · 기준선 대비 · 거래소 원장 기준

**8401** -3.44%  $28.97  7승13패(35%)  건당 -0.238%  동결후 -0.47 / 6건  (표본부족)  ⚠️엔진정지
**8403** -9.36%  $27.19  27승54패(33%)  건당 -0.170%  동결후 +0.42 / 16건  ⚠️엔진정지
**8408** -2.13%  $29.36  12승41패(23%)  건당 -0.055%  동결후 -0.17 / 8건  ⚠️엔진정지
**8409** -5.72%  $28.28  7승17패(29%)  건당 -0.337%  동결후 -0.40 / 6건  (표본부족)  ⚠️엔진정지

**합계 -5.16%**  $113.80 / $120  53승125패(30%)

🎯 **건당 실거래 -0.165% / 백테 +0.057% → 괴리 -0.222%p (2.0σ, 178건) · 판정까지 5건 더**
📊 **[동결 2일차 / 30일]**  08-18 21:00
잔여 28일 · 기준선 대비 · 거래소 원장 기준

**8401** +0.00%  $30.00  0승0패(0%)  건당 —  동결후 +0.56 / -14건  (표본부족)
**8403** -0.06%  $81.69  0승0패(0%)  건당 —  동결후 +3.23 / -65건
**8408** +0.00%  $29.36  0승0패(0%)  건당 —  동결후 +0.47 / -45건
**8409** +0.75%  $28.50  0승0패(0%)  건당 —  동결후 +1.30 / -18건  (표본부족)

**합계 +41.29%**  $169.54 / $120  0승0패(0%)
📊 **[동결 3일차 / 30일]**  08-19 09:00
잔여 27일 · 기준선 대비 · 거래소 원장 기준

**8401** -0.75%  $29.78  0승2패(0%)  건당 -0.501%  동결후 +0.34 / -12건  (표본부족)
**8403** +0.21%  $81.79  0승0패(0%)  건당 —  동결후 +3.23 / -65건
**8408** -2.39%  $28.66  0승3패(0%)  건당 -0.561%  동결후 +0.10 / -42건
**8409** -0.02%  $28.28  1승0패(100%)  건당 -0.023%  동결후 +1.31 / -17건  (표본부족)

**합계 +40.42%**  $168.51 / $120  1승5패(17%)

🎯 **건당 실거래 -0.453% / 백테 +0.057% → 괴리 -0.510%p (0.8σ, 6건) · 판정까지 28건 더**
📊 **[동결 3일차 / 30일]**  08-19 21:00
잔여 27일 · 기준선 대비 · 거래소 원장 기준

**8401** -0.12%  $9.99  0승0패(0%)  건당 —  동결후 +0.56 / -14건  (표본부족)
**8403** +0.22%  $81.80  0승0패(0%)  건당 —  동결후 +3.23 / -65건
**8408** +0.11%  $10.01  0승0패(0%)  건당 —  동결후 +0.46 / -45건
**8409** -0.47%  $9.95  0승1패(0%)  건당 -1.697%  동결후 +1.19 / -17건  (표본부족)

**합계 -6.87%**  $111.75 / $120  0승1패(0%)

🎯 **건당 실거래 -1.791% / 백테 +0.057% → 괴리 -1.848%p (1.2σ, 1건) · 판정까지 1건 더**
📊 **[동결 4일차 / 30일]**  08-20 09:00
잔여 26일 · 기준선 대비 · 거래소 원장 기준

**8401** -1.69%  $9.83  0승2패(0%)  건당 -1.144%  동결후 +0.39 / -12건  (표본부족)
**8403** +0.19%  $81.78  0승1패(0%)  건당 -0.116%  동결후 +3.16 / -64건
**8408** +2.25%  $10.22  2승0패(100%)  건당 +1.467%  동결후 +0.69 / -43건
**8409** +6.53%  $10.65  11승11패(50%)  건당 +0.362%  동결후 +1.95 / 4건  (표본부족)

**합계 -6.26%**  $112.48 / $120  13승14패(48%)

🎯 **건당 실거래 +0.232% / 백테 +0.057% → 괴리 +0.175%p (0.6σ, 27건) · 판정까지 265건 더**
📊 **[동결 4일차 / 30일]**  08-20 21:00
잔여 26일 · 기준선 대비 · 거래소 원장 기준

**8401** +8.01%  $10.80  3승2패(60%)  건당 +0.884%  동결후 +0.92 / -9건  (표본부족)
**8403** +0.15%  $81.74  0승1패(0%)  건당 -0.116%  동결후 +3.16 / -64건
**8408** +2.25%  $10.22  2승0패(100%)  건당 +1.467%  동결후 +0.69 / -43건
**8409** +12.63%  $11.26  26승23패(53%)  건당 +0.289%  동결후 +2.51 / 31건  (표본부족)

**합계 -4.98%**  $114.03 / $120  31승26패(54%)

🎯 **건당 실거래 +0.321% / 백테 +0.057% → 괴리 +0.264%p (1.3σ, 57건) · 판정까지 71건 더**
📊 **[동결 5일차 / 30일]**  08-21 09:00
잔여 25일 · 기준선 대비 · 거래소 원장 기준

**8401** +7.71%  $10.77  10승13패(43%)  건당 +0.447%  동결후 +1.39 / 9건  (표본부족)
**8403** +0.85%  $82.31  1승1패(50%)  건당 +0.514%  동결후 +3.86 / -63건
**8408** +2.25%  $10.22  2승0패(100%)  건당 +1.467%  동결후 +0.69 / -43건
**8409** +12.81%  $11.28  37승40패(48%)  건당 +0.161%  동결후 +2.36 / 59건  (표본부족)

**합계 -4.51%**  $114.59 / $120  50승54패(48%)

🎯 **건당 실거래 +0.281% / 백테 +0.057% → 괴리 +0.224%p (1.5σ, 104건) · 판정까지 76건 더**
📊 **[동결 5일차 / 30일]**  08-21 21:00
잔여 25일 · 기준선 대비 · 거래소 원장 기준

**8401** +15.69%  $11.57  23승28패(45%)  건당 +0.354%  동결후 +2.12 / 37건  (표본부족)
**8403** +2.49%  $83.65  1승1패(50%)  건당 +0.505%  동결후 +3.86 / -63건
**8408** +2.25%  $10.22  2승0패(100%)  건당 +1.467%  동결후 +0.69 / -43건
**8409** +20.38%  $12.04  53승53패(50%)  건당 +0.213%  동결후 +3.35 / 88건  (표본부족)

**합계 -2.10%**  $117.48 / $120  79승82패(49%)

🎯 **건당 실거래 +0.290% / 백테 +0.057% → 괴리 +0.233%p (2.0σ, 161건) · 판정까지 5건 더**
