[2026-08-09 14:50:07] 수익성 점검 시작 (dry_run=True, kill_switch=False)
[2026-08-09 14:50:07] [8402] 재기동 성공 (dry-run)
[2026-08-09 14:50:07] [8402] 진단 리포트 발송 완료
[2026-08-09 14:50:07] 수익성 점검 종료
[2026-08-09 14:51:35] 수익성 점검 시작 (dry_run=True, kill_switch=False)
[2026-08-09 14:51:35] [8402] 발동 — 일평균 -1.68% · 청산 26건 · 경과 4.7일
[2026-08-09 14:51:35] [8402] 해당 조치 없음
[2026-08-09 14:51:36] [8402] 진단 리포트 발송 완료
[2026-08-09 14:51:36] 수익성 점검 종료
[2026-08-09 14:52:30] 수익성 점검 시작 (dry_run=False, kill_switch=False)
[2026-08-09 14:52:30] [8402] 발동 — 일평균 -1.68% · 청산 26건 · 경과 4.7일
[2026-08-09 14:52:30] [8402] 해당 조치 없음
[2026-08-09 14:52:30] [8402] 진단 리포트 발송 완료
[2026-08-09 14:52:30] 수익성 점검 종료
[2026-08-09 14:52:30] 수익성 점검 시작 (dry_run=False, kill_switch=False)
[2026-08-09 14:52:31] [8409] 설정 변경 감지 1건 → 알림 발송
[2026-08-09 14:52:31] [8402] 발동 — 일평균 -1.68% · 청산 26건 · 경과 4.7일
[2026-08-09 14:52:31] [8402] 해당 조치 없음
[2026-08-09 14:52:31] [8402] 진단 리포트 발송 완료
[2026-08-09 14:52:31] 수익성 점검 종료
[2026-08-09 14:52:41] 수익성 점검 시작 (dry_run=False, kill_switch=False)
[2026-08-09 14:52:41] [8409] 설정 변경 감지 1건 → 알림 발송
[2026-08-09 14:52:41] [8402] 발동 — 일평균 -1.68% · 청산 26건 · 경과 4.7일
[2026-08-09 14:52:41] [8402] 해당 조치 없음
[2026-08-09 14:52:41] [8402] 진단 리포트 발송 완료
[2026-08-09 14:52:41] 수익성 점검 종료
[2026-08-09 14:53:24] 수익성 점검 시작 (dry_run=False, kill_switch=False)
[2026-08-09 14:53:24] [8402] 발동 — 일평균 -1.68% · 청산 26건 · 경과 4.7일
[2026-08-09 14:53:24] [8402] 해당 조치 없음
[2026-08-09 14:53:24] [8402] 진단 리포트 발송 완료
[2026-08-09 14:53:24] 수익성 점검 종료
[2026-08-09 14:54:06] 수익성 점검 시작 (dry_run=False, kill_switch=False)
[2026-08-09 14:54:06] [8402] 발동 — 일평균 -1.68% · 청산 26건 · 경과 4.7일
[2026-08-09 14:54:06] [8402] 해당 조치 없음
[2026-08-09 14:54:07] [8402] 진단 리포트 발송 완료
[2026-08-09 14:54:07] 수익성 점검 종료
[2026-08-09 15:03:31] 수익성 점검 시작 (dry_run=False, kill_switch=False)
[2026-08-09 15:03:31] [8407] 설정 변경 감지 1건 → 알림 발송
[2026-08-09 15:03:31] [8402] 발동 — 일평균 -1.68% · 청산 26건 · 경과 4.7일
[2026-08-09 15:03:31] [8402] 해당 조치 없음
[2026-08-09 15:03:32] [8402] 진단 리포트 발송 완료
[2026-08-09 15:03:32] 수익성 점검 종료
[2026-08-09 15:54:16] 수익성 점검 시작 (dry_run=False, kill_switch=False)
[2026-08-09 15:54:16] [8403] 설정 변경 감지 1건 → 알림 발송
[2026-08-09 15:54:16] [8402] 발동 — 일평균 -1.66% · 청산 26건 · 경과 4.7일
[2026-08-09 15:54:16] [8402] 해당 조치 없음
[2026-08-09 15:54:17] [8402] 진단 리포트 발송 완료
[2026-08-09 15:54:17] [8407] 일평균 -1.68% 이나 표본 미달로 보류 — 설정변경 0.9h 전 < 12.0h
[2026-08-09 15:54:17] 수익성 점검 종료
[2026-08-09 16:54:22] 수익성 점검 시작 (dry_run=False, kill_switch=False)
[2026-08-09 16:54:22] [8407] 설정 변경 감지 1건 → 알림 발송
[2026-08-09 16:54:22] [8402] 발동 — 일평균 -1.65% · 청산 26건 · 경과 4.8일
[2026-08-09 16:54:22] [8402] 해당 조치 없음
[2026-08-09 16:54:23] [8402] 진단 리포트 발송 완료
[2026-08-09 16:54:23] [8407] 일평균 -1.59% 이나 표본 미달로 보류 — 설정변경 0.5h 전 < 12.0h
[2026-08-09 16:54:23] 수익성 점검 종료
[2026-08-09 17:54:36] 수익성 점검 시작 (dry_run=False, kill_switch=False)
[2026-08-09 17:54:36] [8405] 설정 변경 감지 1건 → 알림 발송
[2026-08-09 17:54:36] [8402] 발동 — 일평균 -1.64% · 청산 26건 · 경과 4.8일
[2026-08-09 17:54:36] [8402] 해당 조치 없음
[2026-08-09 17:54:37] [8402] 진단 리포트 발송 완료
[2026-08-09 17:54:37] [8407] 일평균 -1.57% 이나 표본 미달로 보류 — 설정변경 1.5h 전 < 12.0h
[2026-08-09 17:54:37] 수익성 점검 종료
[2026-08-09 18:54:46] 수익성 점검 시작 (dry_run=False, kill_switch=False)
[2026-08-09 18:54:46] [8402] 발동 — 일평균 -1.62% · 청산 26건 · 경과 4.9일
[2026-08-09 18:54:46] [8402] 해당 조치 없음
[2026-08-09 18:54:47] [8402] 진단 리포트 발송 완료
[2026-08-09 18:54:47] [8407] 일평균 -2.97% 이나 표본 미달로 보류 — 설정변경 2.5h 전 < 12.0h
[2026-08-09 18:54:47] 수익성 점검 종료
[2026-08-09 19:54:56] 수익성 점검 시작 (dry_run=False, kill_switch=False)
[2026-08-09 19:54:56] [8402] 발동 — 일평균 -1.61% · 청산 26건 · 경과 4.9일
[2026-08-09 19:54:56] [8402] 해당 조치 없음
[2026-08-09 19:54:56] [8402] 진단 리포트 발송 완료
[2026-08-09 19:54:56] [8407] 일평균 -2.95% 이나 표본 미달로 보류 — 설정변경 3.5h 전 < 12.0h
[2026-08-09 19:54:56] 수익성 점검 종료
[2026-08-09 20:55:02] 수익성 점검 시작 (dry_run=False, kill_switch=False)
[2026-08-09 20:55:02] [8402] 발동 — 일평균 -1.26% · 청산 51건 · 경과 4.9일
[2026-08-09 20:55:02] [8402] config 변경 (PI/USDT:USDT 14건 승률 0% 누적 -0.2356 — 블랙리스트 추가): {'SYMBOL_BLACKLIST': ['IP/USDT:USDT', 'NES/USDT:USDT', 'WLD/USDT:USDT', 'XAG/USDT:USDT', 'XAU/USDT:USDT', 'XAUT/USDT:USDT']} → {'SYMBOL_BLACKLIST': ['IP/USDT:USDT', 'NES/USDT:USDT', 'WLD/USDT:USDT', 'XAG/USDT:USDT', 'XAU/USDT:USDT', 'XAUT/USDT:USDT', 'PI/USDT:USDT']}
[2026-08-09 20:55:14] [8402] 재기동 성공 alhost:8402 (PID 20344)

  📋 엔진 로그: tail -f /Users/l/project/8402/bot_engine.log
  📋 UI 로그:   tail -f /Users/l/project/8402/streamlit_server.log
======================================================

[2026-08-09 20:55:15] [8402] 진단 리포트 발송 완료
[2026-08-09 20:55:15] [8407] 일평균 -2.92% 이나 표본 미달로 보류 — 설정변경 4.5h 전 < 12.0h
[2026-08-09 20:55:15] 수익성 점검 종료
[2026-08-09 21:55:28] 수익성 점검 시작 (dry_run=False, kill_switch=False)
[2026-08-09 21:55:29] [8402] 설정 변경 감지 1건 → 알림 발송
[2026-08-09 21:55:29] [8407] 설정 변경 감지 1건 → 알림 발송
[2026-08-09 21:55:29] [8402] 일평균 -1.25% 이나 표본 미달로 보류 — 설정변경 1.0h 전 < 12.0h
[2026-08-09 21:55:29] [8407] 일평균 -2.89% 이나 표본 미달로 보류 — 설정변경 0.7h 전 < 12.0h
[2026-08-09 21:55:29] 수익성 점검 종료
[2026-08-09 22:55:39] 수익성 점검 시작 (dry_run=False, kill_switch=False)
[2026-08-09 22:55:39] [8405] 설정 변경 감지 1건 → 알림 발송
[2026-08-09 22:55:39] [8402] 일평균 -1.24% 이나 표본 미달로 보류 — 설정변경 2.0h 전 < 12.0h
[2026-08-09 22:55:39] [8407] 일평균 -2.86% 이나 표본 미달로 보류 — 설정변경 1.7h 전 < 12.0h
[2026-08-09 22:55:39] 수익성 점검 종료
[2026-08-09 23:55:48] 수익성 점검 시작 (dry_run=False, kill_switch=False)
[2026-08-09 23:55:49] [8402] 설정 변경 감지 1건 → 알림 발송
[2026-08-09 23:55:49] [8404] 설정 변경 감지 1건 → 알림 발송
[2026-08-09 23:55:50] [8405] 설정 변경 감지 1건 → 알림 발송
[2026-08-09 23:55:50] [8404] 일평균 -1.74% 이나 표본 미달로 보류 — 설정변경 0.8h 전 < 12.0h
[2026-08-09 23:55:50] [8407] 일평균 -2.83% 이나 표본 미달로 보류 — 설정변경 2.7h 전 < 12.0h
[2026-08-09 23:55:50] 수익성 점검 종료
[2026-08-10 00:55:58] 수익성 점검 시작 (dry_run=False, kill_switch=False)
[2026-08-10 00:55:58] [8405] 설정 변경 감지 1건 → 알림 발송
[2026-08-10 00:55:58] [8404] 일평균 -1.73% 이나 표본 미달로 보류 — 설정변경 1.8h 전 < 12.0h
[2026-08-10 00:55:58] [8407] 일평균 -2.81% 이나 표본 미달로 보류 — 설정변경 3.7h 전 < 12.0h
[2026-08-10 00:55:58] 수익성 점검 종료
[2026-08-10 01:56:09] 수익성 점검 시작 (dry_run=False, kill_switch=False)
[2026-08-10 01:56:09] [8404] 설정 변경 감지 1건 → 알림 발송
[2026-08-10 01:56:09] [8402] 일평균 -1.27% 이나 표본 미달로 보류 — 설정변경 2.8h 전 < 12.0h
[2026-08-10 01:56:09] [8404] 일평균 -1.79% 이나 표본 미달로 보류 — 설정변경 0.7h 전 < 12.0h
[2026-08-10 01:56:09] [8407] 일평균 -2.78% 이나 표본 미달로 보류 — 설정변경 4.7h 전 < 12.0h
[2026-08-10 01:56:09] 수익성 점검 종료
[2026-08-10 02:56:18] 수익성 점검 시작 (dry_run=False, kill_switch=False)
[2026-08-10 02:56:18] [8405] 설정 변경 감지 1건 → 알림 발송
[2026-08-10 02:56:18] [8402] 일평균 -1.26% 이나 표본 미달로 보류 — 설정변경 3.8h 전 < 12.0h
[2026-08-10 02:56:18] [8404] 일평균 -1.78% 이나 표본 미달로 보류 — 설정변경 1.7h 전 < 12.0h
[2026-08-10 02:56:18] [8407] 일평균 -2.75% 이나 표본 미달로 보류 — 설정변경 5.7h 전 < 12.0h
[2026-08-10 02:56:18] 수익성 점검 종료
[2026-08-10 03:56:27] 수익성 점검 시작 (dry_run=False, kill_switch=False)
[2026-08-10 03:56:27] [8402] 일평균 -1.25% 이나 표본 미달로 보류 — 설정변경 4.8h 전 < 12.0h
[2026-08-10 03:56:27] [8404] 일평균 -1.77% 이나 표본 미달로 보류 — 설정변경 2.7h 전 < 12.0h
[2026-08-10 03:56:27] [8407] 일평균 -2.73% 이나 표본 미달로 보류 — 설정변경 6.7h 전 < 12.0h
[2026-08-10 03:56:27] 수익성 점검 종료
[2026-08-10 04:56:33] 수익성 점검 시작 (dry_run=False, kill_switch=False)
[2026-08-10 04:56:33] [8402] 일평균 -1.24% 이나 표본 미달로 보류 — 설정변경 5.8h 전 < 12.0h
[2026-08-10 04:56:33] [8404] 일평균 -1.76% 이나 표본 미달로 보류 — 설정변경 3.7h 전 < 12.0h
[2026-08-10 04:56:33] [8407] 일평균 -2.70% 이나 표본 미달로 보류 — 설정변경 7.7h 전 < 12.0h
[2026-08-10 04:56:33] 수익성 점검 종료
[2026-08-10 05:56:44] 수익성 점검 시작 (dry_run=False, kill_switch=False)
[2026-08-10 05:56:44] [8402] 일평균 -1.25% 이나 표본 미달로 보류 — 설정변경 6.8h 전 < 12.0h
[2026-08-10 05:56:44] [8404] 일평균 -1.74% 이나 표본 미달로 보류 — 설정변경 4.7h 전 < 12.0h
[2026-08-10 05:56:44] [8407] 일평균 -2.68% 이나 표본 미달로 보류 — 설정변경 8.7h 전 < 12.0h
[2026-08-10 05:56:44] 수익성 점검 종료
[2026-08-10 06:56:52] 수익성 점검 시작 (dry_run=False, kill_switch=False)
[2026-08-10 06:56:52] [8402] 일평균 -1.24% 이나 표본 미달로 보류 — 설정변경 7.8h 전 < 12.0h
[2026-08-10 06:56:52] [8404] 일평균 -1.73% 이나 표본 미달로 보류 — 설정변경 5.7h 전 < 12.0h
[2026-08-10 06:56:52] [8407] 일평균 -2.66% 이나 표본 미달로 보류 — 설정변경 9.7h 전 < 12.0h
[2026-08-10 06:56:52] 수익성 점검 종료
[2026-08-10 07:57:01] 수익성 점검 시작 (dry_run=False, kill_switch=False)
[2026-08-10 07:57:01] [8405] 설정 변경 감지 1건 → 알림 발송
[2026-08-10 07:57:01] [8402] 일평균 -1.13% 이나 표본 미달로 보류 — 설정변경 8.8h 전 < 12.0h
[2026-08-10 07:57:01] [8404] 일평균 -1.62% 이나 표본 미달로 보류 — 설정변경 6.7h 전 < 12.0h
[2026-08-10 07:57:01] [8407] 일평균 -2.63% 이나 표본 미달로 보류 — 설정변경 10.7h 전 < 12.0h
[2026-08-10 07:57:01] 수익성 점검 종료
[2026-08-10 08:57:10] 수익성 점검 시작 (dry_run=False, kill_switch=False)
[2026-08-10 08:57:11] [8405] 설정 변경 감지 1건 → 알림 발송
[2026-08-10 08:57:11] [8408] 설정 변경 감지 1건 → 알림 발송
[2026-08-10 08:57:11] [8402] 일평균 -1.12% 이나 표본 미달로 보류 — 설정변경 9.8h 전 < 12.0h
[2026-08-10 08:57:11] [8404] 일평균 -1.59% 이나 표본 미달로 보류 — 설정변경 7.7h 전 < 12.0h
[2026-08-10 08:57:11] [8407] 일평균 -2.61% 이나 표본 미달로 보류 — 설정변경 11.7h 전 < 12.0h
[2026-08-10 08:57:11] 수익성 점검 종료
[2026-08-10 09:57:20] 수익성 점검 시작 (dry_run=False, kill_switch=False)
[2026-08-10 09:57:20] [8402] 일평균 -1.23% 이나 표본 미달로 보류 — 설정변경 10.8h 전 < 12.0h
[2026-08-10 09:57:20] [8404] 일평균 -1.71% 이나 표본 미달로 보류 — 설정변경 8.7h 전 < 12.0h
[2026-08-10 09:57:20] [8407] 발동 — 일평균 -2.59% · 청산 46건 · 경과 4.8일
[2026-08-10 09:57:20] [8407] config 변경 (일평균 -2.59% < -2.0% — 레버리지 11→8 축소): {'LEVERAGE': 11} → {'LEVERAGE': 8}
[2026-08-10 09:57:32] [8407] 재기동 성공 alhost:8407 (PID 47680)

  📋 엔진 로그: tail -f /Users/l/project/8407/bot_engine.log
  📋 UI 로그:   tail -f /Users/l/project/8407/streamlit_server.log
======================================================

[2026-08-10 09:57:33] [8407] 진단 리포트 발송 완료
[2026-08-10 09:57:33] [8409] 일평균 -1.23% 이나 표본 미달로 보류 — 경과 1.5일 < 2.0
[2026-08-10 09:57:33] 수익성 점검 종료
[2026-08-10 10:58:34] 수익성 점검 시작 (dry_run=False, kill_switch=False)
[2026-08-10 10:58:35] [8407] 설정 변경 감지 1건 → 알림 발송
[2026-08-10 10:58:35] [8402] 일평균 -1.22% 이나 표본 미달로 보류 — 설정변경 11.8h 전 < 12.0h
[2026-08-10 10:58:35] [8404] 일평균 -1.70% 이나 표본 미달로 보류 — 설정변경 9.8h 전 < 12.0h
[2026-08-10 10:58:35] [8407] 일평균 -2.56% 이나 표본 미달로 보류 — 설정변경 1.0h 전 < 12.0h
[2026-08-10 10:58:35] [8409] 일평균 -2.18% 이나 표본 미달로 보류 — 경과 1.6일 < 2.0
[2026-08-10 10:58:35] 수익성 점검 종료
[2026-08-10 11:58:43] 수익성 점검 시작 (dry_run=False, kill_switch=False)
[2026-08-10 11:58:43] [8403] 설정 변경 감지 1건 → 알림 발송
[2026-08-10 11:58:43] [8402] 발동 — 일평균 -1.21% · 청산 58건 · 경과 5.6일
[2026-08-10 11:58:43] [8402] 해당 조치 없음
[2026-08-10 11:58:43] [8402] 진단 리포트 발송 완료
[2026-08-10 11:58:43] [8404] 일평균 -1.69% 이나 표본 미달로 보류 — 설정변경 10.8h 전 < 12.0h
[2026-08-10 11:58:43] [8407] 일평균 -2.18% 이나 표본 미달로 보류 — 설정변경 2.0h 전 < 12.0h
[2026-08-10 11:58:43] [8409] 일평균 -3.03% 이나 표본 미달로 보류 — 경과 1.6일 < 2.0
[2026-08-10 11:58:43] 수익성 점검 종료
[2026-08-10 12:58:51] 수익성 점검 시작 (dry_run=False, kill_switch=False)
[2026-08-10 12:58:51] [8401] 설정 변경 감지 2건 → 알림 발송
[2026-08-10 12:58:52] [8402] 설정 변경 감지 1건 → 알림 발송
[2026-08-10 12:58:52] [8403] 설정 변경 감지 1건 → 알림 발송
[2026-08-10 12:58:52] [8404] 설정 변경 감지 1건 → 알림 발송
[2026-08-10 12:58:52] [8402] 일평균 -1.20% 이나 표본 미달로 보류 — 설정변경 0.7h 전 < 12.0h
[2026-08-10 12:58:52] [8404] 일평균 -1.68% 이나 표본 미달로 보류 — 설정변경 0.7h 전 < 12.0h
[2026-08-10 12:58:52] [8407] 일평균 -2.17% 이나 표본 미달로 보류 — 설정변경 3.0h 전 < 12.0h
[2026-08-10 12:58:52] [8409] 일평균 -2.11% 이나 표본 미달로 보류 — 경과 1.6일 < 2.0
[2026-08-10 12:58:52] 수익성 점검 종료
[2026-08-10 13:59:03] 수익성 점검 시작 (dry_run=False, kill_switch=False)
[2026-08-10 13:59:03] [8402] 일평균 -1.19% 이나 표본 미달로 보류 — 설정변경 1.7h 전 < 12.0h
[2026-08-10 13:59:03] [8404] 일평균 -1.67% 이나 표본 미달로 보류 — 설정변경 1.7h 전 < 12.0h
[2026-08-10 13:59:03] [8407] 일평균 -2.15% 이나 표본 미달로 보류 — 설정변경 4.0h 전 < 12.0h
[2026-08-10 13:59:03] [8409] 일평균 -2.06% 이나 표본 미달로 보류 — 경과 1.7일 < 2.0
[2026-08-10 13:59:03] 수익성 점검 종료
[2026-08-10 14:59:14] 수익성 점검 시작 (dry_run=False, kill_switch=False)
[2026-08-10 14:59:14] [8402] 일평균 -1.18% 이나 표본 미달로 보류 — 설정변경 2.7h 전 < 12.0h
[2026-08-10 14:59:14] [8404] 일평균 -1.66% 이나 표본 미달로 보류 — 설정변경 2.7h 전 < 12.0h
[2026-08-10 14:59:14] [8407] 일평균 -2.13% 이나 표본 미달로 보류 — 설정변경 5.0h 전 < 12.0h
[2026-08-10 14:59:14] [8409] 일평균 -2.01% 이나 표본 미달로 보류 — 경과 1.7일 < 2.0
[2026-08-10 14:59:14] 수익성 점검 종료
[2026-08-10 16:00:43] 수익성 점검 시작 (dry_run=False, kill_switch=False)
[2026-08-10 16:00:44] [8401] 설정 변경 감지 1건 → 알림 발송
[2026-08-10 16:00:44] [8402] 설정 변경 감지 1건 → 알림 발송
[2026-08-10 16:00:44] [8403] 설정 변경 감지 1건 → 알림 발송
[2026-08-10 16:00:45] [8404] 설정 변경 감지 1건 → 알림 발송
[2026-08-10 16:00:46] [8405] 설정 변경 감지 1건 → 알림 발송
[2026-08-10 16:00:46] [8407] 설정 변경 감지 1건 → 알림 발송
[2026-08-10 16:00:46] [8408] 설정 변경 감지 1건 → 알림 발송
[2026-08-10 16:00:47] [8409] 설정 변경 감지 1건 → 알림 발송
[2026-08-10 16:00:47] [8402] 일평균 -1.25% 이나 표본 미달로 보류 — 설정변경 0.8h 전 < 12.0h
[2026-08-10 16:00:47] [8404] 일평균 -1.65% 이나 표본 미달로 보류 — 설정변경 0.8h 전 < 12.0h
[2026-08-10 16:00:47] [8407] 일평균 -2.11% 이나 표본 미달로 보류 — 설정변경 0.8h 전 < 12.0h
[2026-08-10 16:00:47] [8409] 일평균 -2.88% 이나 표본 미달로 보류 — 경과 1.8일 < 2.0, 설정변경 0.8h 전 < 12.0h
[2026-08-10 16:00:47] 수익성 점검 종료
[2026-08-10 17:00:56] 수익성 점검 시작 (dry_run=False, kill_switch=False)
[2026-08-10 17:00:56] [8402] 일평균 -1.24% 이나 표본 미달로 보류 — 설정변경 1.8h 전 < 12.0h
[2026-08-10 17:00:56] [8404] 일평균 -1.63% 이나 표본 미달로 보류 — 설정변경 1.8h 전 < 12.0h
[2026-08-10 17:00:56] [8407] 일평균 -2.09% 이나 표본 미달로 보류 — 설정변경 1.8h 전 < 12.0h
[2026-08-10 17:00:56] [8409] 일평균 -2.81% 이나 표본 미달로 보류 — 경과 1.8일 < 2.0, 설정변경 1.8h 전 < 12.0h
[2026-08-10 17:00:56] 수익성 점검 종료
[2026-08-10 18:01:05] 수익성 점검 시작 (dry_run=False, kill_switch=False)
[2026-08-10 18:01:05] [8402] 일평균 -1.24% 이나 표본 미달로 보류 — 설정변경 2.8h 전 < 12.0h
[2026-08-10 18:01:05] [8404] 일평균 -1.62% 이나 표본 미달로 보류 — 설정변경 2.8h 전 < 12.0h
[2026-08-10 18:01:05] [8407] 일평균 -2.08% 이나 표본 미달로 보류 — 설정변경 2.8h 전 < 12.0h
[2026-08-10 18:01:05] [8409] 일평균 -2.75% 이나 표본 미달로 보류 — 경과 1.8일 < 2.0, 설정변경 2.8h 전 < 12.0h
[2026-08-10 18:01:05] 수익성 점검 종료
[2026-08-10 19:01:14] 수익성 점검 시작 (dry_run=False, kill_switch=False)
[2026-08-10 19:01:14] [8402] 일평균 -1.23% 이나 표본 미달로 보류 — 설정변경 3.8h 전 < 12.0h
[2026-08-10 19:01:14] [8404] 일평균 -1.61% 이나 표본 미달로 보류 — 설정변경 3.8h 전 < 12.0h
[2026-08-10 19:01:14] [8407] 일평균 -2.06% 이나 표본 미달로 보류 — 설정변경 3.8h 전 < 12.0h
[2026-08-10 19:01:14] [8409] 일평균 -2.69% 이나 표본 미달로 보류 — 경과 1.9일 < 2.0, 설정변경 3.8h 전 < 12.0h
[2026-08-10 19:01:14] 수익성 점검 종료
[2026-08-10 20:01:22] 수익성 점검 시작 (dry_run=False, kill_switch=False)
[2026-08-10 20:01:22] [8402] 일평균 -1.22% 이나 표본 미달로 보류 — 설정변경 4.8h 전 < 12.0h
[2026-08-10 20:01:22] [8404] 일평균 -1.60% 이나 표본 미달로 보류 — 설정변경 4.8h 전 < 12.0h
[2026-08-10 20:01:22] [8407] 일평균 -2.04% 이나 표본 미달로 보류 — 설정변경 4.8h 전 < 12.0h
[2026-08-10 20:01:22] [8409] 일평균 -2.63% 이나 표본 미달로 보류 — 경과 1.9일 < 2.0, 설정변경 4.8h 전 < 12.0h
[2026-08-10 20:01:22] 수익성 점검 종료
[2026-08-10 21:01:31] 수익성 점검 시작 (dry_run=False, kill_switch=False)
[2026-08-10 21:01:31] [8402] 일평균 -1.21% 이나 표본 미달로 보류 — 설정변경 5.8h 전 < 12.0h
[2026-08-10 21:01:31] [8404] 일평균 -1.60% 이나 표본 미달로 보류 — 설정변경 5.8h 전 < 12.0h
[2026-08-10 21:01:31] [8407] 일평균 -2.03% 이나 표본 미달로 보류 — 설정변경 5.8h 전 < 12.0h
[2026-08-10 21:01:31] [8409] 일평균 -2.57% 이나 표본 미달로 보류 — 경과 2.0일 < 2.0, 설정변경 5.8h 전 < 12.0h
[2026-08-10 21:01:31] 수익성 점검 종료
[2026-08-10 22:01:37] 수익성 점검 시작 (dry_run=False, kill_switch=False)
[2026-08-10 22:01:37] [8402] 일평균 -1.20% 이나 표본 미달로 보류 — 설정변경 6.8h 전 < 12.0h
[2026-08-10 22:01:37] [8404] 일평균 -1.59% 이나 표본 미달로 보류 — 설정변경 6.8h 전 < 12.0h
[2026-08-10 22:01:37] [8407] 일평균 -2.01% 이나 표본 미달로 보류 — 설정변경 6.8h 전 < 12.0h
[2026-08-10 22:01:37] [8409] 일평균 -2.52% 이나 표본 미달로 보류 — 설정변경 6.8h 전 < 12.0h
[2026-08-10 22:01:37] 수익성 점검 종료
[2026-08-10 23:01:49] 수익성 점검 시작 (dry_run=False, kill_switch=False)
[2026-08-10 23:01:49] [8408] 설정 변경 감지 1건 → 알림 발송
[2026-08-10 23:01:49] [8402] 일평균 -1.19% 이나 표본 미달로 보류 — 설정변경 7.8h 전 < 12.0h
[2026-08-10 23:01:49] [8404] 일평균 -1.58% 이나 표본 미달로 보류 — 설정변경 7.8h 전 < 12.0h
[2026-08-10 23:01:49] [8407] 일평균 -2.00% 이나 표본 미달로 보류 — 설정변경 7.8h 전 < 12.0h
[2026-08-10 23:01:49] [8409] 일평균 -2.47% 이나 표본 미달로 보류 — 설정변경 7.8h 전 < 12.0h
[2026-08-10 23:01:49] 수익성 점검 종료
[2026-08-11 00:01:58] 수익성 점검 시작 (dry_run=False, kill_switch=False)
[2026-08-11 00:01:58] [8402] 일평균 -1.18% 이나 표본 미달로 보류 — 설정변경 8.8h 전 < 12.0h
[2026-08-11 00:01:58] [8404] 일평균 -1.57% 이나 표본 미달로 보류 — 설정변경 8.8h 전 < 12.0h
[2026-08-11 00:01:58] [8407] 일평균 -1.98% 이나 표본 미달로 보류 — 설정변경 8.8h 전 < 12.0h
[2026-08-11 00:01:58] [8409] 일평균 -2.42% 이나 표본 미달로 보류 — 설정변경 8.8h 전 < 12.0h
[2026-08-11 00:01:58] 수익성 점검 종료
[2026-08-11 01:02:07] 수익성 점검 시작 (dry_run=False, kill_switch=False)
[2026-08-11 01:02:07] [8402] 일평균 -1.18% 이나 표본 미달로 보류 — 설정변경 9.8h 전 < 12.0h
[2026-08-11 01:02:07] [8404] 일평균 -1.56% 이나 표본 미달로 보류 — 설정변경 9.8h 전 < 12.0h
[2026-08-11 01:02:07] 수익성 점검 종료
[2026-08-11 02:02:16] 수익성 점검 시작 (dry_run=False, kill_switch=False)
[2026-08-11 02:02:16] [8402] 일평균 -1.17% 이나 표본 미달로 보류 — 설정변경 10.8h 전 < 12.0h
[2026-08-11 02:02:16] [8404] 일평균 -1.55% 이나 표본 미달로 보류 — 설정변경 10.8h 전 < 12.0h
[2026-08-11 02:02:16] 수익성 점검 종료
[2026-08-11 03:02:25] 수익성 점검 시작 (dry_run=False, kill_switch=False)
[2026-08-11 03:02:25] [8402] 일평균 -1.16% 이나 표본 미달로 보류 — 설정변경 11.8h 전 < 12.0h
[2026-08-11 03:02:25] [8404] 일평균 -1.54% 이나 표본 미달로 보류 — 설정변경 11.8h 전 < 12.0h
[2026-08-11 03:02:25] 수익성 점검 종료
[2026-08-11 04:02:34] 수익성 점검 시작 (dry_run=False, kill_switch=False)
[2026-08-11 04:02:34] [8402] 발동 — 일평균 -1.15% · 청산 62건 · 경과 6.2일
[2026-08-11 04:02:34] [8402] 해당 조치 없음
[2026-08-11 04:02:34] [8402] 진단 리포트 발송 완료
[2026-08-11 04:02:34] [8404] 발동 — 일평균 -1.53% · 청산 92건 · 경과 7.2일
[2026-08-11 04:02:34] [8404] config 변경 (OKB/USDT:USDT 12건 승률 0% 누적 -0.2820 — 블랙리스트 추가): {'SYMBOL_BLACKLIST': ['IP/USDT:USDT', 'NES/USDT:USDT', 'WLD/USDT:USDT', 'XAG/USDT:USDT', 'XAU/USDT:USDT', 'XAUT/USDT:USDT', 'USDC/USDT:USDT']} → {'SYMBOL_BLACKLIST': ['IP/USDT:USDT', 'NES/USDT:USDT', 'WLD/USDT:USDT', 'XAG/USDT:USDT', 'XAU/USDT:USDT', 'XAUT/USDT:USDT', 'USDC/USDT:USDT', 'OKB/USDT:USDT']}
[2026-08-11 04:02:47] [8404] 재기동 성공 alhost:8404 (PID 92129)

  📋 엔진 로그: tail -f /Users/l/project/8404/bot_engine.log
  📋 UI 로그:   tail -f /Users/l/project/8404/streamlit_server.log
======================================================

[2026-08-11 04:02:47] [8404] 진단 리포트 발송 완료
[2026-08-11 04:02:47] 수익성 점검 종료
[2026-08-11 05:02:56] 수익성 점검 시작 (dry_run=False, kill_switch=False)
[2026-08-11 05:02:57] [8404] 설정 변경 감지 1건 → 알림 발송
[2026-08-11 05:02:57] [8402] 발동 — 일평균 -1.15% · 청산 62건 · 경과 6.3일
[2026-08-11 05:02:57] [8402] 해당 조치 없음
[2026-08-11 05:02:57] [8402] 진단 리포트 발송 완료
[2026-08-11 05:02:57] [8404] 일평균 -1.52% 이나 표본 미달로 보류 — 설정변경 1.0h 전 < 12.0h
[2026-08-11 05:02:57] 수익성 점검 종료
[2026-08-11 06:03:06] 수익성 점검 시작 (dry_run=False, kill_switch=False)
[2026-08-11 06:03:06] [8402] 발동 — 일평균 -1.14% · 청산 62건 · 경과 6.3일
[2026-08-11 06:03:06] [8402] 해당 조치 없음
[2026-08-11 06:03:07] [8402] 진단 리포트 발송 완료
[2026-08-11 06:03:07] [8404] 일평균 -1.51% 이나 표본 미달로 보류 — 설정변경 2.0h 전 < 12.0h
[2026-08-11 06:03:07] 수익성 점검 종료
[2026-08-11 07:03:16] 수익성 점검 시작 (dry_run=False, kill_switch=False)
[2026-08-11 07:03:16] [8402] 발동 — 일평균 -1.13% · 청산 62건 · 경과 6.4일
[2026-08-11 07:03:16] [8402] 해당 조치 없음
[2026-08-11 07:03:16] [8402] 진단 리포트 발송 완료
[2026-08-11 07:03:16] [8404] 일평균 -1.50% 이나 표본 미달로 보류 — 설정변경 3.0h 전 < 12.0h
[2026-08-11 07:03:16] 수익성 점검 종료
[2026-08-11 08:03:25] 수익성 점검 시작 (dry_run=False, kill_switch=False)
[2026-08-11 08:03:25] [8402] 발동 — 일평균 -1.12% · 청산 62건 · 경과 6.4일
[2026-08-11 08:03:25] [8402] 해당 조치 없음
[2026-08-11 08:03:26] [8402] 진단 리포트 발송 완료
[2026-08-11 08:03:26] [8404] 일평균 -1.50% 이나 표본 미달로 보류 — 설정변경 4.0h 전 < 12.0h
[2026-08-11 08:03:26] 수익성 점검 종료
[2026-08-11 09:03:35] 수익성 점검 시작 (dry_run=False, kill_switch=False)
[2026-08-11 09:03:35] [8402] 발동 — 일평균 -1.12% · 청산 62건 · 경과 6.5일
[2026-08-11 09:03:35] [8402] 해당 조치 없음
[2026-08-11 09:03:36] [8402] 진단 리포트 발송 완료
[2026-08-11 09:03:36] [8404] 일평균 -1.49% 이나 표본 미달로 보류 — 설정변경 5.0h 전 < 12.0h
[2026-08-11 09:03:36] 수익성 점검 종료
[2026-08-11 10:03:57] 수익성 점검 시작 (dry_run=False, kill_switch=False)
[2026-08-11 10:03:57] [8402] 발동 — 일평균 -1.11% · 청산 62건 · 경과 6.5일
[2026-08-11 10:03:57] [8402] 해당 조치 없음
[2026-08-11 10:03:57] [8402] 진단 리포트 발송 완료
[2026-08-11 10:03:57] [8404] 일평균 -1.48% 이나 표본 미달로 보류 — 설정변경 6.0h 전 < 12.0h
[2026-08-11 10:03:57] 수익성 점검 종료
[2026-08-11 11:04:05] 수익성 점검 시작 (dry_run=False, kill_switch=False)
[2026-08-11 11:04:05] [8402] 발동 — 일평균 -1.10% · 청산 62건 · 경과 6.5일
[2026-08-11 11:04:05] [8402] 해당 조치 없음
[2026-08-11 11:04:06] [8402] 진단 리포트 발송 완료
[2026-08-11 11:04:06] [8404] 일평균 -1.47% 이나 표본 미달로 보류 — 설정변경 7.0h 전 < 12.0h
[2026-08-11 11:04:06] 수익성 점검 종료
[2026-08-11 12:04:16] 수익성 점검 시작 (dry_run=False, kill_switch=False)
[2026-08-11 12:04:16] [8402] 발동 — 일평균 -1.09% · 청산 62건 · 경과 6.6일
[2026-08-11 12:04:16] [8402] 해당 조치 없음
[2026-08-11 12:04:16] [8402] 진단 리포트 발송 완료
[2026-08-11 12:04:16] [8404] 일평균 -1.46% 이나 표본 미달로 보류 — 설정변경 8.0h 전 < 12.0h
[2026-08-11 12:04:16] 수익성 점검 종료
[2026-08-11 13:04:26] 수익성 점검 시작 (dry_run=False, kill_switch=False)
[2026-08-11 13:04:26] [8402] 설정 변경 감지 2건 → 알림 발송
[2026-08-11 13:04:27] [8404] 설정 변경 감지 2건 → 알림 발송
[2026-08-11 13:04:27] [8405] 설정 변경 감지 1건 → 알림 발송
[2026-08-11 13:04:27] [8402] 일평균 -1.20% 이나 표본 미달로 보류 — 설정변경 0.0h 전 < 12.0h
[2026-08-11 13:04:27] [8404] 일평균 -1.94% 이나 표본 미달로 보류 — 설정변경 0.0h 전 < 12.0h
[2026-08-11 13:04:27] 수익성 점검 종료
[2026-08-11 13:11:55] KILL_SWITCH 감지 — 진단·알림만 수행하고 조치는 건너뜁니다
[2026-08-11 13:11:55] 수익성 점검 시작 (dry_run=False, kill_switch=True)
[2026-08-11 13:11:55] [8401] 설정 변경 감지 2건 → 알림 발송
[2026-08-11 13:11:56] [8403] 설정 변경 감지 1건 → 알림 발송
[2026-08-11 13:11:56] [8408] 설정 변경 감지 3건 → 알림 발송
[2026-08-11 13:11:56] [8409] 설정 변경 감지 4건 → 알림 발송
[2026-08-11 13:11:56] [8409] 일평균 -1.47% 이나 표본 미달로 보류 — 설정변경 0.1h 전 < 12.0h
[2026-08-11 13:11:56] 수익성 점검 종료
[2026-08-11 14:12:20] KILL_SWITCH 감지 — 진단·알림만 수행하고 조치는 건너뜁니다
[2026-08-11 14:12:20] 수익성 점검 시작 (dry_run=False, kill_switch=True)
[2026-08-11 14:12:20] [8401] 설정 변경 감지 1건 → 알림 발송
[2026-08-11 14:12:21] [8403] 설정 변경 감지 1건 → 알림 발송
[2026-08-11 14:12:21] [8408] 설정 변경 감지 1건 → 알림 발송
[2026-08-11 14:12:21] 수익성 점검 종료
[2026-08-11 15:45:07] KILL_SWITCH 감지 — 진단·알림만 수행하고 조치는 건너뜁니다
[2026-08-11 15:45:07] 수익성 점검 시작 (dry_run=False, kill_switch=True)
[2026-08-11 15:45:07] [8401] 설정 변경 감지 3건 → 알림 발송
[2026-08-11 15:45:08] [8403] 설정 변경 감지 1건 → 알림 발송
[2026-08-11 15:45:08] [8408] 설정 변경 감지 1건 → 알림 발송
[2026-08-11 15:45:08] [8409] 설정 변경 감지 1건 → 알림 발송
[2026-08-11 15:45:08] 수익성 점검 종료
[2026-08-11 18:18:50] KILL_SWITCH 감지 — 진단·알림만 수행하고 조치는 건너뜁니다
[2026-08-11 18:18:50] 수익성 점검 시작 (dry_run=False, kill_switch=True)
[2026-08-11 18:18:50] 수익성 점검 종료
[2026-08-11 19:18:55] KILL_SWITCH 감지 — 진단·알림만 수행하고 조치는 건너뜁니다
[2026-08-11 19:18:55] 수익성 점검 시작 (dry_run=False, kill_switch=True)
[2026-08-11 19:18:55] [8401] 설정 변경 감지 2건 → 알림 발송
[2026-08-11 19:18:55] [8403] 설정 변경 감지 2건 → 알림 발송
[2026-08-11 19:18:56] [8408] 설정 변경 감지 1건 → 알림 발송
[2026-08-11 19:18:56] [8409] 설정 변경 감지 1건 → 알림 발송
[2026-08-11 19:18:56] 수익성 점검 종료
[2026-08-11 20:19:00] KILL_SWITCH 감지 — 진단·알림만 수행하고 조치는 건너뜁니다
[2026-08-11 20:19:00] 수익성 점검 시작 (dry_run=False, kill_switch=True)
[2026-08-11 20:19:01] [8401] 설정 변경 감지 2건 → 알림 발송
[2026-08-11 20:19:01] 수익성 점검 종료
[2026-08-11 21:19:05] KILL_SWITCH 감지 — 진단·알림만 수행하고 조치는 건너뜁니다
[2026-08-11 21:19:05] 수익성 점검 시작 (dry_run=False, kill_switch=True)
[2026-08-11 21:19:05] 수익성 점검 종료
[2026-08-11 22:19:09] KILL_SWITCH 감지 — 진단·알림만 수행하고 조치는 건너뜁니다
[2026-08-11 22:19:09] 수익성 점검 시작 (dry_run=False, kill_switch=True)
[2026-08-11 22:19:09] 수익성 점검 종료
[2026-08-11 23:19:11] KILL_SWITCH 감지 — 진단·알림만 수행하고 조치는 건너뜁니다
[2026-08-11 23:19:11] 수익성 점검 시작 (dry_run=False, kill_switch=True)
[2026-08-11 23:19:11] 수익성 점검 종료
[2026-08-12 00:19:18] KILL_SWITCH 감지 — 진단·알림만 수행하고 조치는 건너뜁니다
[2026-08-12 00:19:18] 수익성 점검 시작 (dry_run=False, kill_switch=True)
[2026-08-12 00:19:18] 수익성 점검 종료
[2026-08-12 01:19:20] KILL_SWITCH 감지 — 진단·알림만 수행하고 조치는 건너뜁니다
[2026-08-12 01:19:20] 수익성 점검 시작 (dry_run=False, kill_switch=True)
[2026-08-12 01:19:20] [8408] 일평균 -2.29% 이나 표본 미달로 보류 — 거래 1건 < 20, 경과 0.3일 < 2.0, 설정변경 0.8h 전 < 12.0h
[2026-08-12 01:19:20] [8409] 일평균 -2.30% 이나 표본 미달로 보류 — 거래 1건 < 20, 경과 0.3일 < 2.0, 설정변경 0.8h 전 < 12.0h
[2026-08-12 01:19:20] 수익성 점검 종료
[2026-08-12 02:19:26] KILL_SWITCH 감지 — 진단·알림만 수행하고 조치는 건너뜁니다
[2026-08-12 02:19:26] 수익성 점검 시작 (dry_run=False, kill_switch=True)
[2026-08-12 02:19:26] [8408] 일평균 -2.29% 이나 표본 미달로 보류 — 거래 1건 < 20, 경과 0.3일 < 2.0, 설정변경 1.8h 전 < 12.0h
[2026-08-12 02:19:26] [8409] 일평균 -2.30% 이나 표본 미달로 보류 — 거래 1건 < 20, 경과 0.3일 < 2.0, 설정변경 1.8h 전 < 12.0h
[2026-08-12 02:19:26] 수익성 점검 종료
[2026-08-12 03:19:30] KILL_SWITCH 감지 — 진단·알림만 수행하고 조치는 건너뜁니다
[2026-08-12 03:19:30] 수익성 점검 시작 (dry_run=False, kill_switch=True)
[2026-08-12 03:19:30] [8408] 일평균 -2.29% 이나 표본 미달로 보류 — 거래 1건 < 20, 경과 0.4일 < 2.0, 설정변경 2.8h 전 < 12.0h
[2026-08-12 03:19:30] [8409] 일평균 -2.30% 이나 표본 미달로 보류 — 거래 1건 < 20, 경과 0.4일 < 2.0, 설정변경 2.8h 전 < 12.0h
[2026-08-12 03:19:30] 수익성 점검 종료
[2026-08-12 04:19:34] KILL_SWITCH 감지 — 진단·알림만 수행하고 조치는 건너뜁니다
[2026-08-12 04:19:34] 수익성 점검 시작 (dry_run=False, kill_switch=True)
[2026-08-12 04:19:34] 수익성 점검 종료
[2026-08-12 05:19:39] KILL_SWITCH 감지 — 진단·알림만 수행하고 조치는 건너뜁니다
[2026-08-12 05:19:39] 수익성 점검 시작 (dry_run=False, kill_switch=True)
[2026-08-12 05:19:39] 수익성 점검 종료
[2026-08-12 06:19:43] KILL_SWITCH 감지 — 진단·알림만 수행하고 조치는 건너뜁니다
[2026-08-12 06:19:43] 수익성 점검 시작 (dry_run=False, kill_switch=True)
[2026-08-12 06:19:43] [8401] 일평균 -46.29% 이나 표본 미달로 보류 — 거래 4건 < 20, 경과 0.5일 < 2.0, 설정변경 5.8h 전 < 12.0h
[2026-08-12 06:19:43] [8403] 일평균 -1.21% 이나 표본 미달로 보류 — 거래 9건 < 20, 경과 0.5일 < 2.0, 설정변경 5.8h 전 < 12.0h
[2026-08-12 06:19:43] 수익성 점검 종료
[2026-08-12 07:19:47] KILL_SWITCH 감지 — 진단·알림만 수행하고 조치는 건너뜁니다
[2026-08-12 07:19:47] 수익성 점검 시작 (dry_run=False, kill_switch=True)
[2026-08-12 07:19:47] [8403] 일평균 -1.21% 이나 표본 미달로 보류 — 거래 9건 < 20, 경과 0.5일 < 2.0, 설정변경 6.8h 전 < 12.0h
[2026-08-12 07:19:47] 수익성 점검 종료
[2026-08-12 08:19:51] KILL_SWITCH 감지 — 진단·알림만 수행하고 조치는 건너뜁니다
[2026-08-12 08:19:51] 수익성 점검 시작 (dry_run=False, kill_switch=True)
[2026-08-12 08:19:51] [8403] 일평균 -1.70% 이나 표본 미달로 보류 — 거래 10건 < 20, 경과 0.6일 < 2.0, 설정변경 7.8h 전 < 12.0h
[2026-08-12 08:19:51] 수익성 점검 종료
[2026-08-12 09:19:56] KILL_SWITCH 감지 — 진단·알림만 수행하고 조치는 건너뜁니다
[2026-08-12 09:19:56] 수익성 점검 시작 (dry_run=False, kill_switch=True)
[2026-08-12 09:19:56] [8403] 일평균 -2.24% 이나 표본 미달로 보류 — 거래 11건 < 20, 경과 0.6일 < 2.0, 설정변경 0.2h 전 < 12.0h
[2026-08-12 09:19:56] 수익성 점검 종료
[2026-08-12 10:20:00] KILL_SWITCH 감지 — 진단·알림만 수행하고 조치는 건너뜁니다
[2026-08-12 10:20:00] 수익성 점검 시작 (dry_run=False, kill_switch=True)
[2026-08-12 10:20:00] [8403] 일평균 -2.68% 이나 표본 미달로 보류 — 거래 12건 < 20, 경과 0.6일 < 2.0, 설정변경 1.2h 전 < 12.0h
[2026-08-12 10:20:00] 수익성 점검 종료
[2026-08-12 11:20:04] KILL_SWITCH 감지 — 진단·알림만 수행하고 조치는 건너뜁니다
[2026-08-12 11:20:04] 수익성 점검 시작 (dry_run=False, kill_switch=True)
[2026-08-12 11:20:04] [8403] 일평균 -2.68% 이나 표본 미달로 보류 — 거래 12건 < 20, 경과 0.7일 < 2.0, 설정변경 2.2h 전 < 12.0h
[2026-08-12 11:20:04] 수익성 점검 종료
[2026-08-12 12:20:09] KILL_SWITCH 감지 — 진단·알림만 수행하고 조치는 건너뜁니다
[2026-08-12 12:20:09] 수익성 점검 시작 (dry_run=False, kill_switch=True)
[2026-08-12 12:20:09] [8403] 일평균 -2.68% 이나 표본 미달로 보류 — 거래 12건 < 20, 경과 0.7일 < 2.0, 설정변경 3.2h 전 < 12.0h
[2026-08-12 12:20:09] 수익성 점검 종료
[2026-08-12 13:20:13] KILL_SWITCH 감지 — 진단·알림만 수행하고 조치는 건너뜁니다
[2026-08-12 13:20:13] 수익성 점검 시작 (dry_run=False, kill_switch=True)
[2026-08-12 13:20:13] [8403] 일평균 -2.68% 이나 표본 미달로 보류 — 거래 12건 < 20, 경과 0.8일 < 2.0, 설정변경 4.2h 전 < 12.0h
[2026-08-12 13:20:13] 수익성 점검 종료
[2026-08-12 14:20:18] KILL_SWITCH 감지 — 진단·알림만 수행하고 조치는 건너뜁니다
[2026-08-12 14:20:18] 수익성 점검 시작 (dry_run=False, kill_switch=True)
[2026-08-12 14:20:18] 수익성 점검 종료
[2026-08-12 15:20:22] KILL_SWITCH 감지 — 진단·알림만 수행하고 조치는 건너뜁니다
[2026-08-12 15:20:22] 수익성 점검 시작 (dry_run=False, kill_switch=True)
[2026-08-12 15:20:22] 수익성 점검 종료
[2026-08-12 16:20:25] KILL_SWITCH 감지 — 진단·알림만 수행하고 조치는 건너뜁니다
[2026-08-12 16:20:25] 수익성 점검 시작 (dry_run=False, kill_switch=True)
[2026-08-12 16:20:25] 수익성 점검 종료
[2026-08-12 17:20:29] KILL_SWITCH 감지 — 진단·알림만 수행하고 조치는 건너뜁니다
[2026-08-12 17:20:29] 수익성 점검 시작 (dry_run=False, kill_switch=True)
[2026-08-12 17:20:29] 수익성 점검 종료
[2026-08-12 18:20:36] KILL_SWITCH 감지 — 진단·알림만 수행하고 조치는 건너뜁니다
[2026-08-12 18:20:36] 수익성 점검 시작 (dry_run=False, kill_switch=True)
[2026-08-12 18:20:36] 수익성 점검 종료
[2026-08-12 19:20:41] KILL_SWITCH 감지 — 진단·알림만 수행하고 조치는 건너뜁니다
[2026-08-12 19:20:41] 수익성 점검 시작 (dry_run=False, kill_switch=True)
[2026-08-12 19:20:41] 수익성 점검 종료
[2026-08-12 20:20:46] KILL_SWITCH 감지 — 진단·알림만 수행하고 조치는 건너뜁니다
[2026-08-12 20:20:46] 수익성 점검 시작 (dry_run=False, kill_switch=True)
[2026-08-12 20:20:46] 수익성 점검 종료
[2026-08-12 21:20:47] KILL_SWITCH 감지 — 진단·알림만 수행하고 조치는 건너뜁니다
[2026-08-12 21:20:47] 수익성 점검 시작 (dry_run=False, kill_switch=True)
[2026-08-12 21:20:47] 수익성 점검 종료
[2026-08-12 22:20:54] KILL_SWITCH 감지 — 진단·알림만 수행하고 조치는 건너뜁니다
[2026-08-12 22:20:54] 수익성 점검 시작 (dry_run=False, kill_switch=True)
[2026-08-12 22:20:54] 수익성 점검 종료
[2026-08-12 23:21:01] KILL_SWITCH 감지 — 진단·알림만 수행하고 조치는 건너뜁니다
[2026-08-12 23:21:01] 수익성 점검 시작 (dry_run=False, kill_switch=True)
[2026-08-12 23:21:01] 수익성 점검 종료
[2026-08-13 00:21:03] KILL_SWITCH 감지 — 진단·알림만 수행하고 조치는 건너뜁니다
[2026-08-13 00:21:03] 수익성 점검 시작 (dry_run=False, kill_switch=True)
[2026-08-13 00:21:03] 수익성 점검 종료
[2026-08-13 01:21:10] KILL_SWITCH 감지 — 진단·알림만 수행하고 조치는 건너뜁니다
[2026-08-13 01:21:10] 수익성 점검 시작 (dry_run=False, kill_switch=True)
[2026-08-13 01:21:10] 수익성 점검 종료
[2026-08-13 02:21:14] KILL_SWITCH 감지 — 진단·알림만 수행하고 조치는 건너뜁니다
[2026-08-13 02:21:14] 수익성 점검 시작 (dry_run=False, kill_switch=True)
[2026-08-13 02:21:14] 수익성 점검 종료
[2026-08-13 03:21:18] KILL_SWITCH 감지 — 진단·알림만 수행하고 조치는 건너뜁니다
[2026-08-13 03:21:18] 수익성 점검 시작 (dry_run=False, kill_switch=True)
[2026-08-13 03:21:18] 수익성 점검 종료
[2026-08-13 04:21:21] KILL_SWITCH 감지 — 진단·알림만 수행하고 조치는 건너뜁니다
[2026-08-13 04:21:21] 수익성 점검 시작 (dry_run=False, kill_switch=True)
[2026-08-13 04:21:21] 수익성 점검 종료
[2026-08-13 05:21:25] KILL_SWITCH 감지 — 진단·알림만 수행하고 조치는 건너뜁니다
[2026-08-13 05:21:25] 수익성 점검 시작 (dry_run=False, kill_switch=True)
[2026-08-13 05:21:25] 수익성 점검 종료
[2026-08-13 06:21:31] KILL_SWITCH 감지 — 진단·알림만 수행하고 조치는 건너뜁니다
[2026-08-13 06:21:31] 수익성 점검 시작 (dry_run=False, kill_switch=True)
[2026-08-13 06:21:31] 수익성 점검 종료
[2026-08-13 07:21:36] KILL_SWITCH 감지 — 진단·알림만 수행하고 조치는 건너뜁니다
[2026-08-13 07:21:36] 수익성 점검 시작 (dry_run=False, kill_switch=True)
[2026-08-13 07:21:36] 수익성 점검 종료
[2026-08-13 08:21:40] KILL_SWITCH 감지 — 진단·알림만 수행하고 조치는 건너뜁니다
[2026-08-13 08:21:40] 수익성 점검 시작 (dry_run=False, kill_switch=True)
[2026-08-13 08:21:54] [8403] 일평균 -4.10% 이나 표본 미달로 보류 — 경과 1.6일 < 2.0
[2026-08-13 08:21:54] 수익성 점검 종료
[2026-08-13 09:21:59] KILL_SWITCH 감지 — 진단·알림만 수행하고 조치는 건너뜁니다
[2026-08-13 09:21:59] 수익성 점검 시작 (dry_run=False, kill_switch=True)
[2026-08-13 09:22:14] [8403] 일평균 -3.84% 이나 표본 미달로 보류 — 경과 1.6일 < 2.0
[2026-08-13 09:22:14] 수익성 점검 종료
[2026-08-13 10:22:18] KILL_SWITCH 감지 — 진단·알림만 수행하고 조치는 건너뜁니다
[2026-08-13 10:22:18] 수익성 점검 시작 (dry_run=False, kill_switch=True)
[2026-08-13 10:22:33] [8403] 일평균 -4.11% 이나 표본 미달로 보류 — 경과 1.7일 < 2.0
[2026-08-13 10:22:33] 수익성 점검 종료
[2026-08-13 11:22:37] KILL_SWITCH 감지 — 진단·알림만 수행하고 조치는 건너뜁니다
[2026-08-13 11:22:37] 수익성 점검 시작 (dry_run=False, kill_switch=True)
[2026-08-13 11:22:52] [8403] 일평균 -4.00% 이나 표본 미달로 보류 — 경과 1.7일 < 2.0
[2026-08-13 11:22:52] 수익성 점검 종료
[2026-08-13 12:22:56] KILL_SWITCH 감지 — 진단·알림만 수행하고 조치는 건너뜁니다
[2026-08-13 12:22:56] 수익성 점검 시작 (dry_run=False, kill_switch=True)
[2026-08-13 12:23:11] [8403] 일평균 -4.13% 이나 표본 미달로 보류 — 경과 1.7일 < 2.0
[2026-08-13 12:23:11] 수익성 점검 종료
[2026-08-13 13:23:16] KILL_SWITCH 감지 — 진단·알림만 수행하고 조치는 건너뜁니다
[2026-08-13 13:23:16] 수익성 점검 시작 (dry_run=False, kill_switch=True)
[2026-08-13 13:23:31] [8403] 일평균 -4.20% 이나 표본 미달로 보류 — 경과 1.8일 < 2.0
[2026-08-13 13:23:31] 수익성 점검 종료
[2026-08-13 14:23:36] KILL_SWITCH 감지 — 진단·알림만 수행하고 조치는 건너뜁니다
[2026-08-13 14:23:36] 수익성 점검 시작 (dry_run=False, kill_switch=True)
[2026-08-13 14:23:52] [8403] 일평균 -3.72% 이나 표본 미달로 보류 — 경과 1.8일 < 2.0
[2026-08-13 14:23:52] 수익성 점검 종료
[2026-08-13 15:23:57] KILL_SWITCH 감지 — 진단·알림만 수행하고 조치는 건너뜁니다
[2026-08-13 15:23:57] 수익성 점검 시작 (dry_run=False, kill_switch=True)
[2026-08-13 15:24:12] [8403] 일평균 -3.64% 이나 표본 미달로 보류 — 경과 1.9일 < 2.0
[2026-08-13 15:24:12] 수익성 점검 종료
[2026-08-13 16:24:15] KILL_SWITCH 감지 — 진단·알림만 수행하고 조치는 건너뜁니다
[2026-08-13 16:24:15] 수익성 점검 시작 (dry_run=False, kill_switch=True)
[2026-08-13 16:24:31] [8403] 일평균 -3.80% 이나 표본 미달로 보류 — 경과 1.9일 < 2.0
[2026-08-13 16:24:31] 수익성 점검 종료
[2026-08-13 17:24:36] KILL_SWITCH 감지 — 진단·알림만 수행하고 조치는 건너뜁니다
[2026-08-13 17:24:36] 수익성 점검 시작 (dry_run=False, kill_switch=True)
[2026-08-13 17:24:51] [8403] 일평균 -3.72% 이나 표본 미달로 보류 — 경과 1.9일 < 2.0
[2026-08-13 17:24:51] 수익성 점검 종료
[2026-08-13 18:24:58] KILL_SWITCH 감지 — 진단·알림만 수행하고 조치는 건너뜁니다
[2026-08-13 18:24:58] 수익성 점검 시작 (dry_run=False, kill_switch=True)
[2026-08-13 18:25:14] [8403] 일평균 -3.36% 이나 표본 미달로 보류 — 경과 2.0일 < 2.0
[2026-08-13 18:25:14] 수익성 점검 종료
[2026-08-13 19:25:19] KILL_SWITCH 감지 — 진단·알림만 수행하고 조치는 건너뜁니다
[2026-08-13 19:25:19] 수익성 점검 시작 (dry_run=False, kill_switch=True)
[2026-08-13 19:25:34] [8403] 발동 — 일평균 -3.29% · 청산 33건 · 경과 2.0일
[2026-08-13 19:25:34] [8403] 진단 리포트 발송 완료
[2026-08-13 19:25:34] 수익성 점검 종료
[2026-08-13 20:25:39] KILL_SWITCH 감지 — 진단·알림만 수행하고 조치는 건너뜁니다
[2026-08-13 20:25:39] 수익성 점검 시작 (dry_run=False, kill_switch=True)
[2026-08-13 20:25:54] [8403] 발동 — 일평균 -3.55% · 청산 34건 · 경과 2.1일
[2026-08-13 20:25:55] [8403] 진단 리포트 발송 완료
[2026-08-13 20:25:55] 수익성 점검 종료
[2026-08-13 21:25:57] KILL_SWITCH 감지 — 진단·알림만 수행하고 조치는 건너뜁니다
[2026-08-13 21:25:57] 수익성 점검 시작 (dry_run=False, kill_switch=True)
[2026-08-13 21:26:12] [8403] 발동 — 일평균 -3.16% · 청산 35건 · 경과 2.1일
[2026-08-13 21:26:13] [8403] 진단 리포트 발송 완료
[2026-08-13 21:26:13] 수익성 점검 종료
[2026-08-13 22:26:20] KILL_SWITCH 감지 — 진단·알림만 수행하고 조치는 건너뜁니다
[2026-08-13 22:26:20] 수익성 점검 시작 (dry_run=False, kill_switch=True)
[2026-08-13 22:26:36] [8409] 설정 변경 감지 2건 → 알림 발송
[2026-08-13 22:26:36] [8403] 발동 — 일평균 -2.77% · 청산 36건 · 경과 2.2일
[2026-08-13 22:26:36] [8403] 진단 리포트 발송 완료
[2026-08-13 22:26:36] 수익성 점검 종료
[2026-08-13 23:26:41] KILL_SWITCH 감지 — 진단·알림만 수행하고 조치는 건너뜁니다
[2026-08-13 23:26:41] 수익성 점검 시작 (dry_run=False, kill_switch=True)
[2026-08-13 23:26:56] [8403] 발동 — 일평균 -2.63% · 청산 37건 · 경과 2.2일
[2026-08-13 23:26:57] [8403] 진단 리포트 발송 완료
[2026-08-13 23:26:57] 수익성 점검 종료
[2026-08-14 00:27:02] KILL_SWITCH 감지 — 진단·알림만 수행하고 조치는 건너뜁니다
[2026-08-14 00:27:02] 수익성 점검 시작 (dry_run=False, kill_switch=True)
[2026-08-14 00:27:17] [8403] 발동 — 일평균 -2.94% · 청산 38건 · 경과 2.2일
[2026-08-14 00:27:18] [8403] 진단 리포트 발송 완료
[2026-08-14 00:27:18] 수익성 점검 종료
[2026-08-14 01:27:23] KILL_SWITCH 감지 — 진단·알림만 수행하고 조치는 건너뜁니다
[2026-08-14 01:27:23] 수익성 점검 시작 (dry_run=False, kill_switch=True)
[2026-08-14 01:27:38] [8403] 발동 — 일평균 -2.91% · 청산 39건 · 경과 2.3일
[2026-08-14 01:27:38] [8403] 진단 리포트 발송 완료
[2026-08-14 01:27:38] 수익성 점검 종료
[2026-08-14 02:27:43] KILL_SWITCH 감지 — 진단·알림만 수행하고 조치는 건너뜁니다
[2026-08-14 02:27:43] 수익성 점검 시작 (dry_run=False, kill_switch=True)
[2026-08-14 02:27:58] [8403] 발동 — 일평균 -2.86% · 청산 39건 · 경과 2.3일
[2026-08-14 02:27:59] [8403] 진단 리포트 발송 완료
[2026-08-14 02:27:59] 수익성 점검 종료
[2026-08-14 03:28:02] KILL_SWITCH 감지 — 진단·알림만 수행하고 조치는 건너뜁니다
[2026-08-14 03:28:02] 수익성 점검 시작 (dry_run=False, kill_switch=True)
[2026-08-14 03:28:16] [8403] 발동 — 일평균 -2.30% · 청산 40건 · 경과 2.4일
[2026-08-14 03:28:17] [8403] 진단 리포트 발송 완료
[2026-08-14 03:28:17] 수익성 점검 종료
[2026-08-14 04:28:24] KILL_SWITCH 감지 — 진단·알림만 수행하고 조치는 건너뜁니다
[2026-08-14 04:28:24] 수익성 점검 시작 (dry_run=False, kill_switch=True)
[2026-08-14 04:28:39] [8403] 발동 — 일평균 -1.83% · 청산 41건 · 경과 2.4일
[2026-08-14 04:28:39] [8403] 진단 리포트 발송 완료
[2026-08-14 04:28:39] 수익성 점검 종료
[2026-08-14 05:28:44] KILL_SWITCH 감지 — 진단·알림만 수행하고 조치는 건너뜁니다
[2026-08-14 05:28:44] 수익성 점검 시작 (dry_run=False, kill_switch=True)
[2026-08-14 05:28:59] [8403] 발동 — 일평균 -2.24% · 청산 42건 · 경과 2.4일
[2026-08-14 05:28:59] [8403] 진단 리포트 발송 완료
[2026-08-14 05:28:59] 수익성 점검 종료
[2026-08-14 06:29:04] KILL_SWITCH 감지 — 진단·알림만 수행하고 조치는 건너뜁니다
[2026-08-14 06:29:04] 수익성 점검 시작 (dry_run=False, kill_switch=True)
[2026-08-14 06:29:20] [8403] 발동 — 일평균 -2.20% · 청산 42건 · 경과 2.5일
[2026-08-14 06:29:20] [8403] 진단 리포트 발송 완료
[2026-08-14 06:29:20] 수익성 점검 종료
[2026-08-14 07:29:25] KILL_SWITCH 감지 — 진단·알림만 수행하고 조치는 건너뜁니다
[2026-08-14 07:29:25] 수익성 점검 시작 (dry_run=False, kill_switch=True)
[2026-08-14 07:29:40] [8403] 발동 — 일평균 -2.34% · 청산 43건 · 경과 2.5일
[2026-08-14 07:29:41] [8403] 진단 리포트 발송 완료
[2026-08-14 07:29:41] 수익성 점검 종료
[2026-08-14 08:29:46] KILL_SWITCH 감지 — 진단·알림만 수행하고 조치는 건너뜁니다
[2026-08-14 08:29:46] 수익성 점검 시작 (dry_run=False, kill_switch=True)
[2026-08-14 08:30:01] [8403] 발동 — 일평균 -2.30% · 청산 43건 · 경과 2.6일
[2026-08-14 08:30:02] [8403] 진단 리포트 발송 완료
[2026-08-14 08:30:02] 수익성 점검 종료
[2026-08-14 09:30:07] KILL_SWITCH 감지 — 진단·알림만 수행하고 조치는 건너뜁니다
[2026-08-14 09:30:07] 수익성 점검 시작 (dry_run=False, kill_switch=True)
[2026-08-14 09:30:22] [8403] 발동 — 일평균 -2.27% · 청산 43건 · 경과 2.6일
[2026-08-14 09:30:22] [8403] 진단 리포트 발송 완료
[2026-08-14 09:30:22] 수익성 점검 종료
[2026-08-14 10:30:27] KILL_SWITCH 감지 — 진단·알림만 수행하고 조치는 건너뜁니다
[2026-08-14 10:30:27] 수익성 점검 시작 (dry_run=False, kill_switch=True)
[2026-08-14 10:30:42] [8403] 발동 — 일평균 -2.35% · 청산 44건 · 경과 2.7일
[2026-08-14 10:30:43] [8403] 진단 리포트 발송 완료
[2026-08-14 10:30:43] 수익성 점검 종료
[2026-08-14 11:32:15] KILL_SWITCH 감지 — 진단·알림만 수행하고 조치는 건너뜁니다
[2026-08-14 11:32:15] 수익성 점검 시작 (dry_run=False, kill_switch=True)
[2026-08-14 11:32:30] [8403] 발동 — 일평균 -2.38% · 청산 45건 · 경과 2.7일
[2026-08-14 11:32:31] [8403] 진단 리포트 발송 완료
[2026-08-14 11:32:31] 수익성 점검 종료
[2026-08-14 12:32:35] KILL_SWITCH 감지 — 진단·알림만 수행하고 조치는 건너뜁니다
[2026-08-14 12:32:35] 수익성 점검 시작 (dry_run=False, kill_switch=True)
[2026-08-14 12:32:51] [8403] 발동 — 일평균 -2.43% · 청산 46건 · 경과 2.7일
[2026-08-14 12:32:52] [8403] 진단 리포트 발송 완료
[2026-08-14 12:32:52] 수익성 점검 종료
[2026-08-14 13:32:57] KILL_SWITCH 감지 — 진단·알림만 수행하고 조치는 건너뜁니다
[2026-08-14 13:32:57] 수익성 점검 시작 (dry_run=False, kill_switch=True)
[2026-08-14 13:33:12] [8403] 발동 — 일평균 -2.40% · 청산 46건 · 경과 2.8일
[2026-08-14 13:33:13] [8403] 진단 리포트 발송 완료
[2026-08-14 13:33:13] 수익성 점검 종료
[2026-08-14 14:33:14] KILL_SWITCH 감지 — 진단·알림만 수행하고 조치는 건너뜁니다
[2026-08-14 14:33:14] 수익성 점검 시작 (dry_run=False, kill_switch=True)
[2026-08-14 14:33:29] [8403] 발동 — 일평균 -2.38% · 청산 47건 · 경과 2.8일
[2026-08-14 14:33:29] [8403] 진단 리포트 발송 완료
[2026-08-14 14:33:29] 수익성 점검 종료
[2026-08-14 15:33:34] KILL_SWITCH 감지 — 진단·알림만 수행하고 조치는 건너뜁니다
[2026-08-14 15:33:34] 수익성 점검 시작 (dry_run=False, kill_switch=True)
[2026-08-14 15:33:49] [8403] 발동 — 일평균 -2.35% · 청산 48건 · 경과 2.9일
[2026-08-14 15:33:49] [8403] 진단 리포트 발송 완료
[2026-08-14 15:33:49] 수익성 점검 종료
[2026-08-14 16:33:54] KILL_SWITCH 감지 — 진단·알림만 수행하고 조치는 건너뜁니다
[2026-08-14 16:33:54] 수익성 점검 시작 (dry_run=False, kill_switch=True)
[2026-08-14 16:34:10] [8408] 설정 변경 감지 1건 → 알림 발송
[2026-08-14 16:34:10] [8409] 설정 변경 감지 1건 → 알림 발송
[2026-08-14 16:34:10] [8403] 발동 — 일평균 -2.31% · 청산 48건 · 경과 2.9일
[2026-08-14 16:34:11] [8403] 진단 리포트 발송 완료
[2026-08-14 16:34:11] 수익성 점검 종료
[2026-08-14 17:34:39] KILL_SWITCH 감지 — 진단·알림만 수행하고 조치는 건너뜁니다
[2026-08-14 17:34:39] 수익성 점검 시작 (dry_run=False, kill_switch=True)
[2026-08-14 17:34:53] [8403] 발동 — 일평균 -2.25% · 청산 49건 · 경과 3.0일
[2026-08-14 17:34:54] [8403] 진단 리포트 발송 완료
[2026-08-14 17:34:54] 수익성 점검 종료
[2026-08-14 18:35:01] KILL_SWITCH 감지 — 진단·알림만 수행하고 조치는 건너뜁니다
[2026-08-14 18:35:01] 수익성 점검 시작 (dry_run=False, kill_switch=True)
[2026-08-14 18:35:15] [8403] 발동 — 일평균 -2.30% · 청산 50건 · 경과 3.0일
[2026-08-14 18:35:16] [8403] 진단 리포트 발송 완료
[2026-08-14 18:35:16] 수익성 점검 종료
[2026-08-14 19:35:21] KILL_SWITCH 감지 — 진단·알림만 수행하고 조치는 건너뜁니다
[2026-08-14 19:35:21] 수익성 점검 시작 (dry_run=False, kill_switch=True)
[2026-08-14 19:35:35] [8403] 발동 — 일평균 -2.88% · 청산 52건 · 경과 3.0일
[2026-08-14 19:35:35] [8403] 진단 리포트 발송 완료
[2026-08-14 19:35:35] [8409] 일평균 -1.17% 이나 표본 미달로 보류 — 거래 17건 < 20, 설정변경 4.0h 전 < 12.0h
[2026-08-14 19:35:35] 수익성 점검 종료
[2026-08-14 20:35:41] KILL_SWITCH 감지 — 진단·알림만 수행하고 조치는 건너뜁니다
[2026-08-14 20:35:41] 수익성 점검 시작 (dry_run=False, kill_switch=True)
[2026-08-14 20:35:55] [8403] 발동 — 일평균 -2.84% · 청산 52건 · 경과 3.1일
[2026-08-14 20:35:56] [8403] 진단 리포트 발송 완료
[2026-08-14 20:35:56] [8409] 일평균 -1.15% 이나 표본 미달로 보류 — 거래 17건 < 20, 설정변경 5.0h 전 < 12.0h
[2026-08-14 20:35:56] 수익성 점검 종료
[2026-08-14 21:35:57] KILL_SWITCH 감지 — 진단·알림만 수행하고 조치는 건너뜁니다
[2026-08-14 21:35:57] 수익성 점검 시작 (dry_run=False, kill_switch=True)
[2026-08-14 21:36:13] [8403] 발동 — 일평균 -2.80% · 청산 52건 · 경과 3.1일
[2026-08-14 21:36:13] [8403] 진단 리포트 발송 완료
[2026-08-14 21:36:13] [8409] 일평균 -1.14% 이나 표본 미달로 보류 — 거래 17건 < 20, 설정변경 6.0h 전 < 12.0h
[2026-08-14 21:36:13] 수익성 점검 종료
[2026-08-14 22:36:23] KILL_SWITCH 감지 — 진단·알림만 수행하고 조치는 건너뜁니다
[2026-08-14 22:36:23] 수익성 점검 시작 (dry_run=False, kill_switch=True)
[2026-08-14 22:36:37] [8403] 발동 — 일평균 -2.92% · 청산 53건 · 경과 3.2일
[2026-08-14 22:36:37] [8403] 진단 리포트 발송 완료
[2026-08-14 22:36:37] [8409] 일평균 -1.12% 이나 표본 미달로 보류 — 거래 17건 < 20, 설정변경 7.0h 전 < 12.0h
[2026-08-14 22:36:37] 수익성 점검 종료
[2026-08-14 23:36:42] KILL_SWITCH 감지 — 진단·알림만 수행하고 조치는 건너뜁니다
[2026-08-14 23:36:42] 수익성 점검 시작 (dry_run=False, kill_switch=True)
[2026-08-14 23:36:57] [8403] 발동 — 일평균 -2.67% · 청산 54건 · 경과 3.2일
[2026-08-14 23:36:57] [8403] 진단 리포트 발송 완료
[2026-08-14 23:36:57] [8409] 일평균 -1.11% 이나 표본 미달로 보류 — 거래 17건 < 20, 설정변경 8.0h 전 < 12.0h
[2026-08-14 23:36:57] 수익성 점검 종료
[2026-08-15 00:37:02] KILL_SWITCH 감지 — 진단·알림만 수행하고 조치는 건너뜁니다
[2026-08-15 00:37:02] 수익성 점검 시작 (dry_run=False, kill_switch=True)
[2026-08-15 00:37:16] [8403] 일평균 -2.63% 이나 표본 미달로 보류 — 설정변경 0.3h 전 < 12.0h
[2026-08-15 00:37:16] [8409] 일평균 -1.09% 이나 표본 미달로 보류 — 거래 17건 < 20, 설정변경 0.3h 전 < 12.0h
[2026-08-15 00:37:16] 수익성 점검 종료
[2026-08-15 01:37:19] KILL_SWITCH 감지 — 진단·알림만 수행하고 조치는 건너뜁니다
[2026-08-15 01:37:19] 수익성 점검 시작 (dry_run=False, kill_switch=True)
[2026-08-15 01:37:33] [8403] 일평균 -2.96% 이나 표본 미달로 보류 — 설정변경 1.3h 전 < 12.0h
[2026-08-15 01:37:33] [8409] 일평균 -1.08% 이나 표본 미달로 보류 — 거래 17건 < 20, 설정변경 1.3h 전 < 12.0h
[2026-08-15 01:37:33] 수익성 점검 종료
[2026-08-15 02:37:40] KILL_SWITCH 감지 — 진단·알림만 수행하고 조치는 건너뜁니다
[2026-08-15 02:37:40] 수익성 점검 시작 (dry_run=False, kill_switch=True)
[2026-08-15 02:37:54] [8403] 일평균 -2.93% 이나 표본 미달로 보류 — 설정변경 2.3h 전 < 12.0h
[2026-08-15 02:37:54] [8409] 일평균 -1.06% 이나 표본 미달로 보류 — 거래 17건 < 20, 설정변경 2.3h 전 < 12.0h
[2026-08-15 02:37:54] 수익성 점검 종료
[2026-08-15 03:37:59] KILL_SWITCH 감지 — 진단·알림만 수행하고 조치는 건너뜁니다
[2026-08-15 03:37:59] 수익성 점검 시작 (dry_run=False, kill_switch=True)
[2026-08-15 03:38:13] [8403] 일평균 -2.89% 이나 표본 미달로 보류 — 설정변경 3.3h 전 < 12.0h
[2026-08-15 03:38:13] [8409] 일평균 -1.05% 이나 표본 미달로 보류 — 거래 17건 < 20, 설정변경 3.3h 전 < 12.0h
[2026-08-15 03:38:13] 수익성 점검 종료
[2026-08-15 04:38:18] KILL_SWITCH 감지 — 진단·알림만 수행하고 조치는 건너뜁니다
[2026-08-15 04:38:18] 수익성 점검 시작 (dry_run=False, kill_switch=True)
[2026-08-15 04:38:32] [8403] 일평균 -2.85% 이나 표본 미달로 보류 — 설정변경 4.3h 전 < 12.0h
[2026-08-15 04:38:32] [8409] 일평균 -1.04% 이나 표본 미달로 보류 — 거래 17건 < 20, 설정변경 4.3h 전 < 12.0h
[2026-08-15 04:38:32] 수익성 점검 종료
[2026-08-15 05:38:37] KILL_SWITCH 감지 — 진단·알림만 수행하고 조치는 건너뜁니다
[2026-08-15 05:38:37] 수익성 점검 시작 (dry_run=False, kill_switch=True)
[2026-08-15 05:38:51] [8403] 일평균 -2.82% 이나 표본 미달로 보류 — 설정변경 5.4h 전 < 12.0h
[2026-08-15 05:38:51] [8409] 일평균 -1.03% 이나 표본 미달로 보류 — 거래 17건 < 20, 설정변경 5.4h 전 < 12.0h
[2026-08-15 05:38:51] 수익성 점검 종료
[2026-08-15 06:38:56] KILL_SWITCH 감지 — 진단·알림만 수행하고 조치는 건너뜁니다
[2026-08-15 06:38:56] 수익성 점검 시작 (dry_run=False, kill_switch=True)
[2026-08-15 06:39:10] [8403] 일평균 -2.78% 이나 표본 미달로 보류 — 설정변경 6.4h 전 < 12.0h
[2026-08-15 06:39:10] [8409] 일평균 -1.01% 이나 표본 미달로 보류 — 거래 17건 < 20, 설정변경 6.4h 전 < 12.0h
[2026-08-15 06:39:10] 수익성 점검 종료
[2026-08-15 07:39:13] KILL_SWITCH 감지 — 진단·알림만 수행하고 조치는 건너뜁니다
[2026-08-15 07:39:13] 수익성 점검 시작 (dry_run=False, kill_switch=True)
[2026-08-15 07:39:27] [8403] 일평균 -2.75% 이나 표본 미달로 보류 — 설정변경 7.4h 전 < 12.0h
[2026-08-15 07:39:27] [8409] 일평균 -1.00% 이나 표본 미달로 보류 — 거래 17건 < 20, 설정변경 7.4h 전 < 12.0h
[2026-08-15 07:39:27] 수익성 점검 종료
[2026-08-15 08:39:34] KILL_SWITCH 감지 — 진단·알림만 수행하고 조치는 건너뜁니다
[2026-08-15 08:39:34] 수익성 점검 시작 (dry_run=False, kill_switch=True)
[2026-08-15 08:39:48] [8403] 일평균 -2.72% 이나 표본 미달로 보류 — 설정변경 8.4h 전 < 12.0h
[2026-08-15 08:39:48] 수익성 점검 종료
[2026-08-15 09:39:53] KILL_SWITCH 감지 — 진단·알림만 수행하고 조치는 건너뜁니다
[2026-08-15 09:39:53] 수익성 점검 시작 (dry_run=False, kill_switch=True)
[2026-08-15 09:40:10] [8403] 일평균 -2.84% 이나 표본 미달로 보류 — 설정변경 9.4h 전 < 12.0h
[2026-08-15 09:40:10] 수익성 점검 종료
[2026-08-15 10:40:15] KILL_SWITCH 감지 — 진단·알림만 수행하고 조치는 건너뜁니다
[2026-08-15 10:40:15] 수익성 점검 시작 (dry_run=False, kill_switch=True)
[2026-08-15 10:40:30] [8403] 일평균 -2.81% 이나 표본 미달로 보류 — 설정변경 10.4h 전 < 12.0h
[2026-08-15 10:40:30] 수익성 점검 종료
[2026-08-15 11:40:35] KILL_SWITCH 감지 — 진단·알림만 수행하고 조치는 건너뜁니다
[2026-08-15 11:40:35] 수익성 점검 시작 (dry_run=False, kill_switch=True)
[2026-08-15 11:40:50] [8403] 일평균 -2.78% 이나 표본 미달로 보류 — 설정변경 11.4h 전 < 12.0h
[2026-08-15 11:40:50] 수익성 점검 종료
[2026-08-15 12:40:53] KILL_SWITCH 감지 — 진단·알림만 수행하고 조치는 건너뜁니다
[2026-08-15 12:40:53] 수익성 점검 시작 (dry_run=False, kill_switch=True)
[2026-08-15 12:41:08] [8403] 발동 — 일평균 -2.74% · 청산 58건 · 경과 3.7일
[2026-08-15 12:41:08] [8403] 진단 리포트 발송 완료
[2026-08-15 12:41:08] 수익성 점검 종료
[2026-08-15 13:41:16] KILL_SWITCH 감지 — 진단·알림만 수행하고 조치는 건너뜁니다
[2026-08-15 13:41:16] 수익성 점검 시작 (dry_run=False, kill_switch=True)
[2026-08-15 13:41:30] [8403] 발동 — 일평균 -2.71% · 청산 58건 · 경과 3.8일
[2026-08-15 13:41:31] [8403] 진단 리포트 발송 완료
[2026-08-15 13:41:31] 수익성 점검 종료
[2026-08-15 14:41:36] KILL_SWITCH 감지 — 진단·알림만 수행하고 조치는 건너뜁니다
[2026-08-15 14:41:36] 수익성 점검 시작 (dry_run=False, kill_switch=True)
[2026-08-15 14:41:51] [8403] 발동 — 일평균 -2.68% · 청산 58건 · 경과 3.8일
[2026-08-15 14:41:51] [8403] 진단 리포트 발송 완료
[2026-08-15 14:41:51] 수익성 점검 종료
[2026-08-15 15:41:54] KILL_SWITCH 감지 — 진단·알림만 수행하고 조치는 건너뜁니다
[2026-08-15 15:41:54] 수익성 점검 시작 (dry_run=False, kill_switch=True)
[2026-08-15 15:42:08] [8403] 발동 — 일평균 -2.66% · 청산 58건 · 경과 3.9일
[2026-08-15 15:42:09] [8403] 진단 리포트 발송 완료
[2026-08-15 15:42:09] 수익성 점검 종료
[2026-08-15 16:42:16] KILL_SWITCH 감지 — 진단·알림만 수행하고 조치는 건너뜁니다
[2026-08-15 16:42:16] 수익성 점검 시작 (dry_run=False, kill_switch=True)
[2026-08-15 16:42:30] [8403] 발동 — 일평균 -2.74% · 청산 59건 · 경과 3.9일
[2026-08-15 16:42:30] [8403] 진단 리포트 발송 완료
[2026-08-15 16:42:30] 수익성 점검 종료
[2026-08-15 17:42:35] KILL_SWITCH 감지 — 진단·알림만 수행하고 조치는 건너뜁니다
[2026-08-15 17:42:35] 수익성 점검 시작 (dry_run=False, kill_switch=True)
[2026-08-15 17:42:49] [8403] 일평균 -2.72% 이나 표본 미달로 보류 — 설정변경 0.7h 전 < 12.0h
[2026-08-15 17:42:49] 수익성 점검 종료
[2026-08-15 18:42:54] KILL_SWITCH 감지 — 진단·알림만 수행하고 조치는 건너뜁니다
[2026-08-15 18:42:54] 수익성 점검 시작 (dry_run=False, kill_switch=True)
[2026-08-15 18:43:09] [8403] 일평균 -2.69% 이나 표본 미달로 보류 — 설정변경 1.7h 전 < 12.0h
[2026-08-15 18:43:09] 수익성 점검 종료
[2026-08-15 19:43:12] KILL_SWITCH 감지 — 진단·알림만 수행하고 조치는 건너뜁니다
[2026-08-15 19:43:12] 수익성 점검 시작 (dry_run=False, kill_switch=True)
[2026-08-15 19:43:26] [8403] 일평균 -2.66% 이나 표본 미달로 보류 — 설정변경 2.7h 전 < 12.0h
[2026-08-15 19:43:26] 수익성 점검 종료
[2026-08-15 20:43:33] KILL_SWITCH 감지 — 진단·알림만 수행하고 조치는 건너뜁니다
[2026-08-15 20:43:33] 수익성 점검 시작 (dry_run=False, kill_switch=True)
[2026-08-15 20:43:47] [8403] 일평균 -2.63% 이나 표본 미달로 보류 — 설정변경 3.7h 전 < 12.0h
[2026-08-15 20:43:47] 수익성 점검 종료
[2026-08-15 21:43:52] KILL_SWITCH 감지 — 진단·알림만 수행하고 조치는 건너뜁니다
[2026-08-15 21:43:52] 수익성 점검 시작 (dry_run=False, kill_switch=True)
[2026-08-15 21:44:06] [8403] 일평균 -2.60% 이나 표본 미달로 보류 — 설정변경 4.7h 전 < 12.0h
[2026-08-15 21:44:06] [8409] 일평균 -1.06% 이나 표본 미달로 보류 — 거래 18건 < 20, 설정변경 4.7h 전 < 12.0h
[2026-08-15 21:44:06] 수익성 점검 종료
[2026-08-15 22:44:11] KILL_SWITCH 감지 — 진단·알림만 수행하고 조치는 건너뜁니다
[2026-08-15 22:44:11] 수익성 점검 시작 (dry_run=False, kill_switch=True)
[2026-08-15 22:44:26] [8403] 일평균 -2.58% 이나 표본 미달로 보류 — 설정변경 5.7h 전 < 12.0h
[2026-08-15 22:44:26] [8409] 일평균 -1.05% 이나 표본 미달로 보류 — 거래 18건 < 20, 설정변경 5.7h 전 < 12.0h
[2026-08-15 22:44:26] 수익성 점검 종료
[2026-08-15 23:44:31] KILL_SWITCH 감지 — 진단·알림만 수행하고 조치는 건너뜁니다
[2026-08-15 23:44:31] 수익성 점검 시작 (dry_run=False, kill_switch=True)
[2026-08-15 23:44:45] [8403] 일평균 -2.39% 이나 표본 미달로 보류 — 설정변경 6.7h 전 < 12.0h
[2026-08-15 23:44:45] [8409] 일평균 -1.04% 이나 표본 미달로 보류 — 거래 18건 < 20, 설정변경 6.8h 전 < 12.0h
[2026-08-15 23:44:45] 수익성 점검 종료
[2026-08-16 00:44:50] KILL_SWITCH 감지 — 진단·알림만 수행하고 조치는 건너뜁니다
[2026-08-16 00:44:50] 수익성 점검 시작 (dry_run=False, kill_switch=True)
[2026-08-16 00:45:05] [8403] 일평균 -2.37% 이나 표본 미달로 보류 — 설정변경 7.8h 전 < 12.0h
[2026-08-16 00:45:05] [8409] 일평균 -1.03% 이나 표본 미달로 보류 — 거래 18건 < 20, 설정변경 7.8h 전 < 12.0h
[2026-08-16 00:45:05] 수익성 점검 종료
[2026-08-16 01:45:10] KILL_SWITCH 감지 — 진단·알림만 수행하고 조치는 건너뜁니다
[2026-08-16 01:45:10] 수익성 점검 시작 (dry_run=False, kill_switch=True)
[2026-08-16 01:45:24] [8403] 일평균 -2.34% 이나 표본 미달로 보류 — 설정변경 8.8h 전 < 12.0h
[2026-08-16 01:45:24] [8409] 일평균 -1.02% 이나 표본 미달로 보류 — 거래 18건 < 20, 설정변경 8.8h 전 < 12.0h
[2026-08-16 01:45:24] 수익성 점검 종료
[2026-08-16 02:45:29] KILL_SWITCH 감지 — 진단·알림만 수행하고 조치는 건너뜁니다
[2026-08-16 02:45:29] 수익성 점검 시작 (dry_run=False, kill_switch=True)
[2026-08-16 02:45:44] [8403] 일평균 -2.43% 이나 표본 미달로 보류 — 설정변경 9.8h 전 < 12.0h
[2026-08-16 02:45:44] [8409] 일평균 -1.01% 이나 표본 미달로 보류 — 거래 18건 < 20, 설정변경 9.8h 전 < 12.0h
[2026-08-16 02:45:44] 수익성 점검 종료
[2026-08-16 03:45:48] KILL_SWITCH 감지 — 진단·알림만 수행하고 조치는 건너뜁니다
[2026-08-16 03:45:48] 수익성 점검 시작 (dry_run=False, kill_switch=True)
[2026-08-16 03:46:03] [8403] 일평균 -2.41% 이나 표본 미달로 보류 — 설정변경 10.8h 전 < 12.0h
[2026-08-16 03:46:03] [8409] 일평균 -1.00% 이나 표본 미달로 보류 — 거래 18건 < 20, 설정변경 10.8h 전 < 12.0h
[2026-08-16 03:46:03] 수익성 점검 종료
[2026-08-16 04:46:07] KILL_SWITCH 감지 — 진단·알림만 수행하고 조치는 건너뜁니다
[2026-08-16 04:46:07] 수익성 점검 시작 (dry_run=False, kill_switch=True)
[2026-08-16 04:46:21] [8403] 일평균 -2.38% 이나 표본 미달로 보류 — 설정변경 11.8h 전 < 12.0h
[2026-08-16 04:46:21] 수익성 점검 종료
[2026-08-16 05:46:26] KILL_SWITCH 감지 — 진단·알림만 수행하고 조치는 건너뜁니다
[2026-08-16 05:46:26] 수익성 점검 시작 (dry_run=False, kill_switch=True)
[2026-08-16 05:46:40] [8403] 발동 — 일평균 -2.36% · 청산 62건 · 경과 4.5일
[2026-08-16 05:46:40] [8403] 진단 리포트 발송 완료
[2026-08-16 05:46:40] 수익성 점검 종료
[2026-08-16 06:46:43] KILL_SWITCH 감지 — 진단·알림만 수행하고 조치는 건너뜁니다
[2026-08-16 06:46:43] 수익성 점검 시작 (dry_run=False, kill_switch=True)
[2026-08-16 06:46:57] [8403] 발동 — 일평균 -2.41% · 청산 63건 · 경과 4.5일
[2026-08-16 06:46:58] [8403] 진단 리포트 발송 완료
[2026-08-16 06:46:58] 수익성 점검 종료
[2026-08-16 07:47:04] KILL_SWITCH 감지 — 진단·알림만 수행하고 조치는 건너뜁니다
[2026-08-16 07:47:04] 수익성 점검 시작 (dry_run=False, kill_switch=True)
[2026-08-16 07:47:19] [8403] 발동 — 일평균 -2.26% · 청산 64건 · 경과 4.5일
[2026-08-16 07:47:19] [8403] 진단 리포트 발송 완료
[2026-08-16 07:47:19] 수익성 점검 종료
[2026-08-16 08:47:24] KILL_SWITCH 감지 — 진단·알림만 수행하고 조치는 건너뜁니다
[2026-08-16 08:47:24] 수익성 점검 시작 (dry_run=False, kill_switch=True)
[2026-08-16 08:47:38] [8403] 발동 — 일평균 -2.24% · 청산 64건 · 경과 4.6일
[2026-08-16 08:47:38] [8403] 진단 리포트 발송 완료
[2026-08-16 08:47:38] 수익성 점검 종료
[2026-08-16 09:47:42] KILL_SWITCH 감지 — 진단·알림만 수행하고 조치는 건너뜁니다
[2026-08-16 09:47:42] 수익성 점검 시작 (dry_run=False, kill_switch=True)
[2026-08-16 09:47:57] [8403] 발동 — 일평균 -2.22% · 청산 64건 · 경과 4.6일
[2026-08-16 09:47:57] [8403] 진단 리포트 발송 완료
[2026-08-16 09:47:57] 수익성 점검 종료
[2026-08-16 10:48:02] KILL_SWITCH 감지 — 진단·알림만 수행하고 조치는 건너뜁니다
[2026-08-16 10:48:02] 수익성 점검 시작 (dry_run=False, kill_switch=True)
[2026-08-16 10:48:16] [8403] 발동 — 일평균 -2.31% · 청산 65건 · 경과 4.7일
[2026-08-16 10:48:16] [8403] 진단 리포트 발송 완료
[2026-08-16 10:48:16] 수익성 점검 종료
[2026-08-16 11:48:21] KILL_SWITCH 감지 — 진단·알림만 수행하고 조치는 건너뜁니다
[2026-08-16 11:48:21] 수익성 점검 시작 (dry_run=False, kill_switch=True)
[2026-08-16 11:48:37] [8403] 발동 — 일평균 -2.29% · 청산 65건 · 경과 4.7일
[2026-08-16 11:48:38] [8403] 진단 리포트 발송 완료
[2026-08-16 11:48:38] 수익성 점검 종료
[2026-08-16 12:48:43] KILL_SWITCH 감지 — 진단·알림만 수행하고 조치는 건너뜁니다
[2026-08-16 12:48:43] 수익성 점검 시작 (dry_run=False, kill_switch=True)
[2026-08-16 12:48:58] [8403] 발동 — 일평균 -2.27% · 청산 65건 · 경과 4.8일
[2026-08-16 12:48:59] [8403] 진단 리포트 발송 완료
[2026-08-16 12:48:59] 수익성 점검 종료
[2026-08-16 13:49:04] KILL_SWITCH 감지 — 진단·알림만 수행하고 조치는 건너뜁니다
[2026-08-16 13:49:04] 수익성 점검 시작 (dry_run=False, kill_switch=True)
[2026-08-16 13:49:19] [8403] 발동 — 일평균 -2.25% · 청산 65건 · 경과 4.8일
[2026-08-16 13:49:19] [8403] 진단 리포트 발송 완료
[2026-08-16 13:49:19] 수익성 점검 종료
[2026-08-16 14:49:24] KILL_SWITCH 감지 — 진단·알림만 수행하고 조치는 건너뜁니다
[2026-08-16 14:49:24] 수익성 점검 시작 (dry_run=False, kill_switch=True)
[2026-08-16 14:49:39] [8403] 발동 — 일평균 -2.00% · 청산 66건 · 경과 4.8일
[2026-08-16 14:49:39] [8403] 진단 리포트 발송 완료
[2026-08-16 14:49:39] 수익성 점검 종료
[2026-08-16 15:49:44] KILL_SWITCH 감지 — 진단·알림만 수행하고 조치는 건너뜁니다
[2026-08-16 15:49:44] 수익성 점검 시작 (dry_run=False, kill_switch=True)
[2026-08-16 15:49:59] [8403] 발동 — 일평균 -1.82% · 청산 67건 · 경과 4.9일
[2026-08-16 15:49:59] [8403] 진단 리포트 발송 완료
[2026-08-16 15:49:59] 수익성 점검 종료
[2026-08-16 16:50:04] KILL_SWITCH 감지 — 진단·알림만 수행하고 조치는 건너뜁니다
[2026-08-16 16:50:04] 수익성 점검 시작 (dry_run=False, kill_switch=True)
[2026-08-16 16:50:19] [8403] 발동 — 일평균 -1.80% · 청산 67건 · 경과 4.9일
[2026-08-16 16:50:19] [8403] 진단 리포트 발송 완료
[2026-08-16 16:50:19] 수익성 점검 종료
[2026-08-16 17:50:22] KILL_SWITCH 감지 — 진단·알림만 수행하고 조치는 건너뜁니다
[2026-08-16 17:50:22] 수익성 점검 시작 (dry_run=False, kill_switch=True)
[2026-08-16 17:50:37] [8403] 발동 — 일평균 -1.79% · 청산 67건 · 경과 5.0일
[2026-08-16 17:50:38] [8403] 진단 리포트 발송 완료
[2026-08-16 17:50:38] 수익성 점검 종료
[2026-08-16 18:50:42] KILL_SWITCH 감지 — 진단·알림만 수행하고 조치는 건너뜁니다
[2026-08-16 18:50:42] 수익성 점검 시작 (dry_run=False, kill_switch=True)
[2026-08-16 18:50:57] [8403] 발동 — 일평균 -1.77% · 청산 67건 · 경과 5.0일
[2026-08-16 18:50:57] [8403] 진단 리포트 발송 완료
[2026-08-16 18:50:57] 수익성 점검 종료
[2026-08-16 19:51:04] KILL_SWITCH 감지 — 진단·알림만 수행하고 조치는 건너뜁니다
[2026-08-16 19:51:04] 수익성 점검 시작 (dry_run=False, kill_switch=True)
[2026-08-16 19:51:19] [8403] 발동 — 일평균 -1.76% · 청산 67건 · 경과 5.0일
[2026-08-16 19:51:20] [8403] 진단 리포트 발송 완료
[2026-08-16 19:51:20] 수익성 점검 종료
[2026-08-16 20:51:25] KILL_SWITCH 감지 — 진단·알림만 수행하고 조치는 건너뜁니다
[2026-08-16 20:51:25] 수익성 점검 시작 (dry_run=False, kill_switch=True)
[2026-08-16 20:51:40] [8403] 발동 — 일평균 -1.74% · 청산 67건 · 경과 5.1일
[2026-08-16 20:51:40] [8403] 진단 리포트 발송 완료
[2026-08-16 20:51:40] 수익성 점검 종료
[2026-08-16 21:51:45] KILL_SWITCH 감지 — 진단·알림만 수행하고 조치는 건너뜁니다
[2026-08-16 21:51:45] 수익성 점검 시작 (dry_run=False, kill_switch=True)
[2026-08-16 21:52:00] [8403] 발동 — 일평균 -1.73% · 청산 67건 · 경과 5.1일
[2026-08-16 21:52:00] [8403] 진단 리포트 발송 완료
[2026-08-16 21:52:00] 수익성 점검 종료
[2026-08-16 22:52:05] KILL_SWITCH 감지 — 진단·알림만 수행하고 조치는 건너뜁니다
[2026-08-16 22:52:05] 수익성 점검 시작 (dry_run=False, kill_switch=True)
[2026-08-16 22:52:20] [8403] 발동 — 일평균 -1.61% · 청산 69건 · 경과 5.2일
[2026-08-16 22:52:21] [8403] 진단 리포트 발송 완료
[2026-08-16 22:52:21] 수익성 점검 종료
[2026-08-16 23:52:26] KILL_SWITCH 감지 — 진단·알림만 수행하고 조치는 건너뜁니다
[2026-08-16 23:52:26] 수익성 점검 시작 (dry_run=False, kill_switch=True)
[2026-08-16 23:52:40] [8403] 발동 — 일평균 -1.59% · 청산 69건 · 경과 5.2일
[2026-08-16 23:52:41] [8403] 진단 리포트 발송 완료
[2026-08-16 23:52:41] 수익성 점검 종료
[2026-08-17 00:52:46] KILL_SWITCH 감지 — 진단·알림만 수행하고 조치는 건너뜁니다
[2026-08-17 00:52:46] 수익성 점검 시작 (dry_run=False, kill_switch=True)
[2026-08-17 00:53:00] [8403] 발동 — 일평균 -1.58% · 청산 69건 · 경과 5.3일
[2026-08-17 00:53:01] [8403] 진단 리포트 발송 완료
[2026-08-17 00:53:01] 수익성 점검 종료
[2026-08-17 01:53:06] KILL_SWITCH 감지 — 진단·알림만 수행하고 조치는 건너뜁니다
[2026-08-17 01:53:06] 수익성 점검 시작 (dry_run=False, kill_switch=True)
[2026-08-17 01:53:21] [8403] 발동 — 일평균 -1.57% · 청산 69건 · 경과 5.3일
[2026-08-17 01:53:21] [8403] 진단 리포트 발송 완료
[2026-08-17 01:53:21] 수익성 점검 종료
[2026-08-17 02:53:26] KILL_SWITCH 감지 — 진단·알림만 수행하고 조치는 건너뜁니다
[2026-08-17 02:53:26] 수익성 점검 시작 (dry_run=False, kill_switch=True)
[2026-08-17 02:53:41] [8403] 발동 — 일평균 -1.56% · 청산 69건 · 경과 5.3일
[2026-08-17 02:53:41] [8403] 진단 리포트 발송 완료
[2026-08-17 02:53:41] 수익성 점검 종료
[2026-08-17 03:53:46] KILL_SWITCH 감지 — 진단·알림만 수행하고 조치는 건너뜁니다
[2026-08-17 03:53:46] 수익성 점검 시작 (dry_run=False, kill_switch=True)
[2026-08-17 03:54:01] [8403] 발동 — 일평균 -1.54% · 청산 69건 · 경과 5.4일
[2026-08-17 03:54:01] [8403] 진단 리포트 발송 완료
[2026-08-17 03:54:01] 수익성 점검 종료
[2026-08-17 04:54:06] KILL_SWITCH 감지 — 진단·알림만 수행하고 조치는 건너뜁니다
[2026-08-17 04:54:06] 수익성 점검 시작 (dry_run=False, kill_switch=True)
[2026-08-17 04:54:20] [8403] 발동 — 일평균 -1.53% · 청산 69건 · 경과 5.4일
[2026-08-17 04:54:21] [8403] 진단 리포트 발송 완료
[2026-08-17 04:54:21] 수익성 점검 종료
[2026-08-17 05:54:26] KILL_SWITCH 감지 — 진단·알림만 수행하고 조치는 건너뜁니다
[2026-08-17 05:54:26] 수익성 점검 시작 (dry_run=False, kill_switch=True)
[2026-08-17 05:54:41] [8403] 발동 — 일평균 -1.52% · 청산 69건 · 경과 5.5일
[2026-08-17 05:54:41] [8403] 진단 리포트 발송 완료
[2026-08-17 05:54:41] 수익성 점검 종료
[2026-08-17 06:54:46] KILL_SWITCH 감지 — 진단·알림만 수행하고 조치는 건너뜁니다
[2026-08-17 06:54:46] 수익성 점검 시작 (dry_run=False, kill_switch=True)
[2026-08-17 06:55:00] [8403] 발동 — 일평균 -1.39% · 청산 70건 · 경과 5.5일
[2026-08-17 06:55:01] [8403] 진단 리포트 발송 완료
[2026-08-17 06:55:01] 수익성 점검 종료
[2026-08-17 07:55:06] KILL_SWITCH 감지 — 진단·알림만 수행하고 조치는 건너뜁니다
[2026-08-17 07:55:06] 수익성 점검 시작 (dry_run=False, kill_switch=True)
[2026-08-17 07:55:21] [8403] 발동 — 일평균 -1.38% · 청산 70건 · 경과 5.5일
[2026-08-17 07:55:21] [8403] 진단 리포트 발송 완료
[2026-08-17 07:55:21] 수익성 점검 종료
[2026-08-17 08:55:26] KILL_SWITCH 감지 — 진단·알림만 수행하고 조치는 건너뜁니다
[2026-08-17 08:55:26] 수익성 점검 시작 (dry_run=False, kill_switch=True)
[2026-08-17 08:55:41] [8403] 발동 — 일평균 -1.37% · 청산 70건 · 경과 5.6일
[2026-08-17 08:55:42] [8403] 진단 리포트 발송 완료
[2026-08-17 08:55:42] 수익성 점검 종료
[2026-08-17 09:55:47] KILL_SWITCH 감지 — 진단·알림만 수행하고 조치는 건너뜁니다
[2026-08-17 09:55:47] 수익성 점검 시작 (dry_run=False, kill_switch=True)
[2026-08-17 09:56:02] [8403] 발동 — 일평균 -1.36% · 청산 70건 · 경과 5.6일
[2026-08-17 09:56:02] [8403] 진단 리포트 발송 완료
[2026-08-17 09:56:02] 수익성 점검 종료
[2026-08-17 10:56:07] KILL_SWITCH 감지 — 진단·알림만 수행하고 조치는 건너뜁니다
[2026-08-17 10:56:07] 수익성 점검 시작 (dry_run=False, kill_switch=True)
[2026-08-17 10:56:22] [8403] 발동 — 일평균 -1.46% · 청산 73건 · 경과 5.7일
[2026-08-17 10:56:22] [8403] 진단 리포트 발송 완료
[2026-08-17 10:56:22] 수익성 점검 종료
[2026-08-17 11:56:25] KILL_SWITCH 감지 — 진단·알림만 수행하고 조치는 건너뜁니다
[2026-08-17 11:56:25] 수익성 점검 시작 (dry_run=False, kill_switch=True)
[2026-08-17 11:56:40] [8403] 발동 — 일평균 -1.45% · 청산 73건 · 경과 5.7일
[2026-08-17 11:56:40] [8403] 진단 리포트 발송 완료
[2026-08-17 11:56:40] 수익성 점검 종료
[2026-08-17 12:56:47] KILL_SWITCH 감지 — 진단·알림만 수행하고 조치는 건너뜁니다
[2026-08-17 12:56:47] 수익성 점검 시작 (dry_run=False, kill_switch=True)
[2026-08-17 12:57:02] [8403] 발동 — 일평균 -1.44% · 청산 73건 · 경과 5.8일
[2026-08-17 12:57:02] [8403] 진단 리포트 발송 완료
[2026-08-17 12:57:02] 수익성 점검 종료
[2026-08-17 13:57:08] KILL_SWITCH 감지 — 진단·알림만 수행하고 조치는 건너뜁니다
[2026-08-17 13:57:08] 수익성 점검 시작 (dry_run=False, kill_switch=True)
[2026-08-17 13:57:23] [8403] 발동 — 일평균 -1.43% · 청산 73건 · 경과 5.8일
[2026-08-17 13:57:23] [8403] 진단 리포트 발송 완료
[2026-08-17 13:57:23] 수익성 점검 종료
[2026-08-17 14:57:28] KILL_SWITCH 감지 — 진단·알림만 수행하고 조치는 건너뜁니다
[2026-08-17 14:57:28] 수익성 점검 시작 (dry_run=False, kill_switch=True)
[2026-08-17 14:57:43] [8403] 발동 — 일평균 -1.26% · 청산 74건 · 경과 5.8일
[2026-08-17 14:57:44] [8403] 진단 리포트 발송 완료
[2026-08-17 14:57:44] 수익성 점검 종료
[2026-08-17 15:57:49] KILL_SWITCH 감지 — 진단·알림만 수행하고 조치는 건너뜁니다
[2026-08-17 15:57:49] 수익성 점검 시작 (dry_run=False, kill_switch=True)
[2026-08-17 15:58:03] [8403] 발동 — 일평균 -1.34% · 청산 75건 · 경과 5.9일
[2026-08-17 15:58:03] [8403] 진단 리포트 발송 완료
[2026-08-17 15:58:03] 수익성 점검 종료
[2026-08-17 16:58:08] KILL_SWITCH 감지 — 진단·알림만 수행하고 조치는 건너뜁니다
[2026-08-17 16:58:08] 수익성 점검 시작 (dry_run=False, kill_switch=True)
[2026-08-17 16:58:22] [8403] 발동 — 일평균 -1.33% · 청산 75건 · 경과 5.9일
[2026-08-17 16:58:23] [8403] 진단 리포트 발송 완료
[2026-08-17 16:58:23] 수익성 점검 종료
[2026-08-17 17:58:27] KILL_SWITCH 감지 — 진단·알림만 수행하고 조치는 건너뜁니다
[2026-08-17 17:58:27] 수익성 점검 시작 (dry_run=False, kill_switch=True)
[2026-08-17 17:58:42] [8403] 발동 — 일평균 -1.25% · 청산 76건 · 경과 6.0일
[2026-08-17 17:58:43] [8403] 진단 리포트 발송 완료
[2026-08-17 17:58:43] 수익성 점검 종료
[2026-08-17 18:58:48] KILL_SWITCH 감지 — 진단·알림만 수행하고 조치는 건너뜁니다
[2026-08-17 18:58:48] 수익성 점검 시작 (dry_run=False, kill_switch=True)
[2026-08-17 18:59:03] [8403] 발동 — 일평균 -1.25% · 청산 76건 · 경과 6.0일
[2026-08-17 18:59:03] [8403] 진단 리포트 발송 완료
[2026-08-17 18:59:03] 수익성 점검 종료
[2026-08-17 19:59:08] KILL_SWITCH 감지 — 진단·알림만 수행하고 조치는 건너뜁니다
[2026-08-17 19:59:08] 수익성 점검 시작 (dry_run=False, kill_switch=True)
[2026-08-17 19:59:23] [8403] 발동 — 일평균 -1.24% · 청산 76건 · 경과 6.1일
[2026-08-17 19:59:23] [8403] 진단 리포트 발송 완료
[2026-08-17 19:59:23] 수익성 점검 종료
[2026-08-17 20:59:28] KILL_SWITCH 감지 — 진단·알림만 수행하고 조치는 건너뜁니다
[2026-08-17 20:59:28] 수익성 점검 시작 (dry_run=False, kill_switch=True)
[2026-08-17 20:59:42] [8403] 발동 — 일평균 -1.23% · 청산 76건 · 경과 6.1일
[2026-08-17 20:59:43] [8403] 진단 리포트 발송 완료
[2026-08-17 20:59:43] 수익성 점검 종료
[2026-08-17 21:59:47] KILL_SWITCH 감지 — 진단·알림만 수행하고 조치는 건너뜁니다
[2026-08-17 21:59:47] 수익성 점검 시작 (dry_run=False, kill_switch=True)
[2026-08-17 22:00:02] [8403] 발동 — 일평균 -1.35% · 청산 79건 · 경과 6.1일
[2026-08-17 22:00:03] [8403] 진단 리포트 발송 완료
[2026-08-17 22:00:03] 수익성 점검 종료
[2026-08-17 23:00:07] KILL_SWITCH 감지 — 진단·알림만 수행하고 조치는 건너뜁니다
[2026-08-17 23:00:07] 수익성 점검 시작 (dry_run=False, kill_switch=True)
[2026-08-17 23:00:22] [8403] 발동 — 일평균 -1.34% · 청산 79건 · 경과 6.2일
[2026-08-17 23:00:23] [8403] 진단 리포트 발송 완료
[2026-08-17 23:00:23] 수익성 점검 종료
[2026-08-18 00:00:27] KILL_SWITCH 감지 — 진단·알림만 수행하고 조치는 건너뜁니다
[2026-08-18 00:00:27] 수익성 점검 시작 (dry_run=False, kill_switch=True)
[2026-08-18 00:00:44] [8403] 발동 — 일평균 -1.33% · 청산 79건 · 경과 6.2일
[2026-08-18 00:00:45] [8403] 진단 리포트 발송 완료
[2026-08-18 00:00:45] 수익성 점검 종료
[2026-08-18 01:00:50] KILL_SWITCH 감지 — 진단·알림만 수행하고 조치는 건너뜁니다
[2026-08-18 01:00:50] 수익성 점검 시작 (dry_run=False, kill_switch=True)
[2026-08-18 01:01:04] [8403] 발동 — 일평균 -1.33% · 청산 79건 · 경과 6.3일
[2026-08-18 01:01:05] [8403] 진단 리포트 발송 완료
[2026-08-18 01:01:05] 수익성 점검 종료
[2026-08-18 02:01:09] KILL_SWITCH 감지 — 진단·알림만 수행하고 조치는 건너뜁니다
[2026-08-18 02:01:09] 수익성 점검 시작 (dry_run=False, kill_switch=True)
[2026-08-18 02:01:24] [8403] 발동 — 일평균 -1.32% · 청산 79건 · 경과 6.3일
[2026-08-18 02:01:24] [8403] 진단 리포트 발송 완료
[2026-08-18 02:01:24] 수익성 점검 종료
[2026-08-18 02:05:01] KILL_SWITCH 감지 — 진단·알림만 수행하고 조치는 건너뜁니다
[2026-08-18 02:05:01] 수익성 점검 시작 (dry_run=False, kill_switch=True)
[2026-08-18 02:05:22] [8403] 발동 — 일평균 -1.32% · 청산 79건 · 경과 6.3일
[2026-08-18 02:05:23] [8403] 진단 리포트 발송 완료
[2026-08-18 02:05:23] 수익성 점검 종료
[2026-08-18 03:05:26] KILL_SWITCH 감지 — 진단·알림만 수행하고 조치는 건너뜁니다
[2026-08-18 03:05:26] 수익성 점검 시작 (dry_run=False, kill_switch=True)
[2026-08-18 03:05:47] [8403] 발동 — 일평균 -1.42% · 청산 80건 · 경과 6.3일
[2026-08-18 03:05:47] [8403] 진단 리포트 발송 완료
[2026-08-18 03:05:47] 수익성 점검 종료
[2026-08-18 04:05:51] KILL_SWITCH 감지 — 진단·알림만 수행하고 조치는 건너뜁니다
[2026-08-18 04:05:51] 수익성 점검 시작 (dry_run=False, kill_switch=True)
[2026-08-18 04:06:08] [8403] 발동 — 일평균 -1.47% · 청산 81건 · 경과 6.4일
[2026-08-18 04:06:09] [8403] 진단 리포트 발송 완료
[2026-08-18 04:06:09] 수익성 점검 종료
[2026-08-18 05:06:11] KILL_SWITCH 감지 — 진단·알림만 수행하고 조치는 건너뜁니다
[2026-08-18 05:06:11] 수익성 점검 시작 (dry_run=False, kill_switch=True)
[2026-08-18 05:06:30] [8403] 발동 — 일평균 -1.46% · 청산 81건 · 경과 6.4일
[2026-08-18 05:06:30] [8403] 진단 리포트 발송 완료
[2026-08-18 05:06:30] 수익성 점검 종료
[2026-08-18 06:06:34] KILL_SWITCH 감지 — 진단·알림만 수행하고 조치는 건너뜁니다
[2026-08-18 06:06:34] 수익성 점검 시작 (dry_run=False, kill_switch=True)
[2026-08-18 06:06:57] [8403] 발동 — 일평균 -1.45% · 청산 81건 · 경과 6.5일
[2026-08-18 06:06:57] [8403] 진단 리포트 발송 완료
[2026-08-18 06:06:57] 수익성 점검 종료
[2026-08-18 07:07:00] KILL_SWITCH 감지 — 진단·알림만 수행하고 조치는 건너뜁니다
[2026-08-18 07:07:00] 수익성 점검 시작 (dry_run=False, kill_switch=True)
[2026-08-18 07:07:19] [8403] 발동 — 일평균 -1.44% · 청산 81건 · 경과 6.5일
[2026-08-18 07:07:19] [8403] 진단 리포트 발송 완료
[2026-08-18 07:07:19] 수익성 점검 종료
[2026-08-18 08:07:22] KILL_SWITCH 감지 — 진단·알림만 수행하고 조치는 건너뜁니다
[2026-08-18 08:07:22] 수익성 점검 시작 (dry_run=False, kill_switch=True)
[2026-08-18 08:07:40] [8403] 발동 — 일평균 -1.43% · 청산 81건 · 경과 6.6일
[2026-08-18 08:07:40] [8403] 진단 리포트 발송 완료
[2026-08-18 08:07:40] 수익성 점검 종료
[2026-08-18 09:07:44] KILL_SWITCH 감지 — 진단·알림만 수행하고 조치는 건너뜁니다
[2026-08-18 09:07:44] 수익성 점검 시작 (dry_run=False, kill_switch=True)
[2026-08-18 09:08:05] [8403] 설정 변경 감지 3건 → 알림 발송
[2026-08-18 09:08:05] [8403] 일평균 -1.42% 이나 표본 미달로 보류 — 설정변경 0.5h 전 < 12.0h
[2026-08-18 09:08:05] 수익성 점검 종료
[2026-08-18 10:08:06] KILL_SWITCH 감지 — 진단·알림만 수행하고 조치는 건너뜁니다
[2026-08-18 10:08:06] 수익성 점검 시작 (dry_run=False, kill_switch=True)
[2026-08-18 10:08:26] [8403] 설정 변경 감지 1건 → 알림 발송
[2026-08-18 10:08:26] [8403] 일평균 -1.41% 이나 표본 미달로 보류 — 설정변경 0.9h 전 < 12.0h
[2026-08-18 10:08:26] 수익성 점검 종료
[2026-08-18 11:08:28] KILL_SWITCH 감지 — 진단·알림만 수행하고 조치는 건너뜁니다
[2026-08-18 11:08:28] 수익성 점검 시작 (dry_run=False, kill_switch=True)
[2026-08-18 11:08:45] [8403] 일평균 -1.40% 이나 표본 미달로 보류 — 설정변경 1.9h 전 < 12.0h
[2026-08-18 11:08:45] 수익성 점검 종료
[2026-08-18 12:08:49] KILL_SWITCH 감지 — 진단·알림만 수행하고 조치는 건너뜁니다
[2026-08-18 12:08:49] 수익성 점검 시작 (dry_run=False, kill_switch=True)
[2026-08-18 12:09:06] [8403] 일평균 -1.39% 이나 표본 미달로 보류 — 설정변경 2.9h 전 < 12.0h
[2026-08-18 12:09:06] 수익성 점검 종료
[2026-08-18 13:09:08] KILL_SWITCH 감지 — 진단·알림만 수행하고 조치는 건너뜁니다
[2026-08-18 13:09:08] 수익성 점검 시작 (dry_run=False, kill_switch=True)
[2026-08-18 13:09:25] [8403] 일평균 -1.38% 이나 표본 미달로 보류 — 설정변경 3.9h 전 < 12.0h
[2026-08-18 13:09:25] 수익성 점검 종료
[2026-08-18 14:09:27] KILL_SWITCH 감지 — 진단·알림만 수행하고 조치는 건너뜁니다
[2026-08-18 14:09:27] 수익성 점검 시작 (dry_run=False, kill_switch=True)
[2026-08-18 14:09:44] [8403] 일평균 -1.37% 이나 표본 미달로 보류 — 설정변경 4.9h 전 < 12.0h
[2026-08-18 14:09:44] 수익성 점검 종료
[2026-08-18 15:09:47] KILL_SWITCH 감지 — 진단·알림만 수행하고 조치는 건너뜁니다
[2026-08-18 15:09:47] 수익성 점검 시작 (dry_run=False, kill_switch=True)
[2026-08-18 15:10:04] [8403] 일평균 -1.37% 이나 표본 미달로 보류 — 설정변경 5.9h 전 < 12.0h
[2026-08-18 15:10:04] 수익성 점검 종료
[2026-08-18 16:10:06] KILL_SWITCH 감지 — 진단·알림만 수행하고 조치는 건너뜁니다
[2026-08-18 16:10:06] 수익성 점검 시작 (dry_run=False, kill_switch=True)
[2026-08-18 16:10:23] [8403] 일평균 -1.33% 이나 표본 미달로 보류 — 설정변경 6.9h 전 < 12.0h
[2026-08-18 16:10:23] 수익성 점검 종료
[2026-08-18 17:10:26] KILL_SWITCH 감지 — 진단·알림만 수행하고 조치는 건너뜁니다
[2026-08-18 17:10:26] 수익성 점검 시작 (dry_run=False, kill_switch=True)
[2026-08-18 17:10:43] 수익성 점검 종료
[2026-08-18 18:08:27] KILL_SWITCH 감지 — 진단·알림만 수행하고 조치는 건너뜁니다
[2026-08-18 18:08:27] 수익성 점검 시작 (dry_run=False, kill_switch=True)
[2026-08-18 18:08:41] 수익성 점검 종료
[2026-08-18 19:09:01] KILL_SWITCH 감지 — 진단·알림만 수행하고 조치는 건너뜁니다
[2026-08-18 19:09:01] 수익성 점검 시작 (dry_run=False, kill_switch=True)
[2026-08-18 19:09:17] 수익성 점검 종료
[2026-08-18 20:09:20] KILL_SWITCH 감지 — 진단·알림만 수행하고 조치는 건너뜁니다
[2026-08-18 20:09:20] 수익성 점검 시작 (dry_run=False, kill_switch=True)
[2026-08-18 20:09:35] 수익성 점검 종료
[2026-08-18 21:09:42] KILL_SWITCH 감지 — 진단·알림만 수행하고 조치는 건너뜁니다
[2026-08-18 21:09:42] 수익성 점검 시작 (dry_run=False, kill_switch=True)
[2026-08-18 21:09:57] 수익성 점검 종료
[2026-08-18 22:10:02] KILL_SWITCH 감지 — 진단·알림만 수행하고 조치는 건너뜁니다
[2026-08-18 22:10:02] 수익성 점검 시작 (dry_run=False, kill_switch=True)
[2026-08-18 22:10:16] 수익성 점검 종료
[2026-08-18 23:10:19] KILL_SWITCH 감지 — 진단·알림만 수행하고 조치는 건너뜁니다
[2026-08-18 23:10:19] 수익성 점검 시작 (dry_run=False, kill_switch=True)
[2026-08-18 23:10:33] 수익성 점검 종료
[2026-08-19 00:10:40] KILL_SWITCH 감지 — 진단·알림만 수행하고 조치는 건너뜁니다
[2026-08-19 00:10:40] 수익성 점검 시작 (dry_run=False, kill_switch=True)
[2026-08-19 00:10:54] 수익성 점검 종료
[2026-08-19 01:10:59] KILL_SWITCH 감지 — 진단·알림만 수행하고 조치는 건너뜁니다
[2026-08-19 01:10:59] 수익성 점검 시작 (dry_run=False, kill_switch=True)
[2026-08-19 01:11:14] 수익성 점검 종료
[2026-08-19 02:11:14] KILL_SWITCH 감지 — 진단·알림만 수행하고 조치는 건너뜁니다
[2026-08-19 02:11:14] 수익성 점검 시작 (dry_run=False, kill_switch=True)
[2026-08-19 02:11:28] 수익성 점검 종료
[2026-08-19 03:11:37] KILL_SWITCH 감지 — 진단·알림만 수행하고 조치는 건너뜁니다
[2026-08-19 03:11:37] 수익성 점검 시작 (dry_run=False, kill_switch=True)
[2026-08-19 03:11:51] 수익성 점검 종료
[2026-08-19 04:11:56] KILL_SWITCH 감지 — 진단·알림만 수행하고 조치는 건너뜁니다
[2026-08-19 04:11:56] 수익성 점검 시작 (dry_run=False, kill_switch=True)
[2026-08-19 04:12:10] 수익성 점검 종료
[2026-08-19 05:12:14] KILL_SWITCH 감지 — 진단·알림만 수행하고 조치는 건너뜁니다
[2026-08-19 05:12:14] 수익성 점검 시작 (dry_run=False, kill_switch=True)
[2026-08-19 05:12:28] 수익성 점검 종료
[2026-08-19 06:12:33] KILL_SWITCH 감지 — 진단·알림만 수행하고 조치는 건너뜁니다
[2026-08-19 06:12:33] 수익성 점검 시작 (dry_run=False, kill_switch=True)
[2026-08-19 06:12:48] 수익성 점검 종료
[2026-08-19 07:12:52] KILL_SWITCH 감지 — 진단·알림만 수행하고 조치는 건너뜁니다
[2026-08-19 07:12:52] 수익성 점검 시작 (dry_run=False, kill_switch=True)
[2026-08-19 07:13:06] 수익성 점검 종료
[2026-08-19 08:13:11] KILL_SWITCH 감지 — 진단·알림만 수행하고 조치는 건너뜁니다
[2026-08-19 08:13:11] 수익성 점검 시작 (dry_run=False, kill_switch=True)
[2026-08-19 08:13:25] [8408] 일평균 -1.23% 이나 표본 미달로 보류 — 거래 3건 < 20, 경과 0.6일 < 2.0
[2026-08-19 08:13:25] 수익성 점검 종료
[2026-08-19 09:13:30] KILL_SWITCH 감지 — 진단·알림만 수행하고 조치는 건너뜁니다
[2026-08-19 09:13:30] 수익성 점검 시작 (dry_run=False, kill_switch=True)
[2026-08-19 09:13:45] [8408] 일평균 -3.44% 이나 표본 미달로 보류 — 거래 4건 < 20, 경과 0.7일 < 2.0
[2026-08-19 09:13:45] 수익성 점검 종료
[2026-08-19 10:13:50] KILL_SWITCH 감지 — 진단·알림만 수행하고 조치는 건너뜁니다
[2026-08-19 10:13:50] 수익성 점검 시작 (dry_run=False, kill_switch=True)
[2026-08-19 10:14:04] [8408] 일평균 -3.44% 이나 표본 미달로 보류 — 거래 4건 < 20, 경과 0.7일 < 2.0
[2026-08-19 10:14:04] 수익성 점검 종료
[2026-08-19 11:14:09] KILL_SWITCH 감지 — 진단·알림만 수행하고 조치는 건너뜁니다
[2026-08-19 11:14:09] 수익성 점검 시작 (dry_run=False, kill_switch=True)
[2026-08-19 11:14:24] [8401] 설정 변경 감지 2건 → 알림 발송
[2026-08-19 11:14:24] [8408] 설정 변경 감지 2건 → 알림 발송
[2026-08-19 11:14:25] [8409] 설정 변경 감지 2건 → 알림 발송
[2026-08-19 11:14:25] 수익성 점검 종료
[2026-08-19 12:14:30] KILL_SWITCH 감지 — 진단·알림만 수행하고 조치는 건너뜁니다
[2026-08-19 12:14:30] 수익성 점검 시작 (dry_run=False, kill_switch=True)
[2026-08-19 12:14:46] [8409] 설정 변경 감지 1건 → 알림 발송
[2026-08-19 12:14:46] 수익성 점검 종료
[2026-08-19 13:14:50] KILL_SWITCH 감지 — 진단·알림만 수행하고 조치는 건너뜁니다
[2026-08-19 13:14:50] 수익성 점검 시작 (dry_run=False, kill_switch=True)
[2026-08-19 13:15:05] [8408] 일평균 -5.09% 이나 표본 미달로 보류 — 거래 3건 < 20, 경과 0.1일 < 2.0, 설정변경 2.5h 전 < 12.0h
[2026-08-19 13:15:05] 수익성 점검 종료
[2026-08-19 14:15:10] KILL_SWITCH 감지 — 진단·알림만 수행하고 조치는 건너뜁니다
[2026-08-19 14:15:10] 수익성 점검 시작 (dry_run=False, kill_switch=True)
[2026-08-19 14:15:24] [8408] 일평균 -5.13% 이나 표본 미달로 보류 — 거래 3건 < 20, 경과 0.1일 < 2.0, 설정변경 3.5h 전 < 12.0h
[2026-08-19 14:15:24] 수익성 점검 종료
[2026-08-19 15:15:29] KILL_SWITCH 감지 — 진단·알림만 수행하고 조치는 건너뜁니다
[2026-08-19 15:15:29] 수익성 점검 시작 (dry_run=False, kill_switch=True)
[2026-08-19 15:15:43] [8408] 일평균 -5.13% 이나 표본 미달로 보류 — 거래 3건 < 20, 경과 0.2일 < 2.0, 설정변경 4.5h 전 < 12.0h
[2026-08-19 15:15:43] 수익성 점검 종료
[2026-08-19 16:15:48] KILL_SWITCH 감지 — 진단·알림만 수행하고 조치는 건너뜁니다
[2026-08-19 16:15:48] 수익성 점검 시작 (dry_run=False, kill_switch=True)
[2026-08-19 16:16:02] [8408] 일평균 -6.74% 이나 표본 미달로 보류 — 거래 4건 < 20, 경과 0.2일 < 2.0, 설정변경 5.5h 전 < 12.0h
[2026-08-19 16:16:02] 수익성 점검 종료
[2026-08-19 17:16:07] KILL_SWITCH 감지 — 진단·알림만 수행하고 조치는 건너뜁니다
[2026-08-19 17:16:07] 수익성 점검 시작 (dry_run=False, kill_switch=True)
[2026-08-19 17:16:22] [8408] 일평균 -5.05% 이나 표본 미달로 보류 — 거래 5건 < 20, 경과 0.3일 < 2.0, 설정변경 6.5h 전 < 12.0h
[2026-08-19 17:16:22] 수익성 점검 종료
[2026-08-19 18:16:24] KILL_SWITCH 감지 — 진단·알림만 수행하고 조치는 건너뜁니다
[2026-08-19 18:16:24] 수익성 점검 시작 (dry_run=False, kill_switch=True)
[2026-08-19 18:16:39] [8408] 일평균 -9.36% 이나 표본 미달로 보류 — 거래 7건 < 20, 경과 0.3일 < 2.0, 설정변경 7.5h 전 < 12.0h
[2026-08-19 18:16:39] 수익성 점검 종료
[2026-08-19 19:16:46] KILL_SWITCH 감지 — 진단·알림만 수행하고 조치는 건너뜁니다
[2026-08-19 19:16:46] 수익성 점검 시작 (dry_run=False, kill_switch=True)
[2026-08-19 19:17:01] [8409] 설정 변경 감지 1건 → 알림 발송
[2026-08-19 19:17:01] 수익성 점검 종료
[2026-08-19 20:17:06] KILL_SWITCH 감지 — 진단·알림만 수행하고 조치는 건너뜁니다
[2026-08-19 20:17:06] 수익성 점검 시작 (dry_run=False, kill_switch=True)
[2026-08-19 20:17:21] [8408] 설정 변경 감지 1건 → 알림 발송
[2026-08-19 20:17:21] 수익성 점검 종료
[2026-08-19 21:17:22] KILL_SWITCH 감지 — 진단·알림만 수행하고 조치는 건너뜁니다
[2026-08-19 21:17:22] 수익성 점검 시작 (dry_run=False, kill_switch=True)
[2026-08-19 21:17:37] [8409] 일평균 -1.27% 이나 표본 미달로 보류 — 거래 1건 < 20, 경과 0.1일 < 2.0, 설정변경 2.6h 전 < 12.0h
[2026-08-19 21:17:37] 수익성 점검 종료
[2026-08-19 22:17:46] KILL_SWITCH 감지 — 진단·알림만 수행하고 조치는 건너뜁니다
[2026-08-19 22:17:46] 수익성 점검 시작 (dry_run=False, kill_switch=True)
[2026-08-19 22:18:00] [8409] 일평균 -1.27% 이나 표본 미달로 보류 — 거래 1건 < 20, 경과 0.2일 < 2.0, 설정변경 3.6h 전 < 12.0h
[2026-08-19 22:18:00] 수익성 점검 종료
[2026-08-19 23:18:06] KILL_SWITCH 감지 — 진단·알림만 수행하고 조치는 건너뜁니다
[2026-08-19 23:18:06] 수익성 점검 시작 (dry_run=False, kill_switch=True)
[2026-08-19 23:18:21] [8409] 설정 변경 감지 4건 → 알림 발송
[2026-08-19 23:18:21] [8409] 일평균 -1.27% 이나 표본 미달로 보류 — 거래 1건 < 20, 경과 0.2일 < 2.0, 설정변경 0.2h 전 < 12.0h
[2026-08-19 23:18:21] 수익성 점검 종료
[2026-08-20 00:18:25] KILL_SWITCH 감지 — 진단·알림만 수행하고 조치는 건너뜁니다
[2026-08-20 00:18:25] 수익성 점검 시작 (dry_run=False, kill_switch=True)
[2026-08-20 00:18:41] 수익성 점검 종료
[2026-08-20 01:18:46] KILL_SWITCH 감지 — 진단·알림만 수행하고 조치는 건너뜁니다
[2026-08-20 01:18:46] 수익성 점검 시작 (dry_run=False, kill_switch=True)
[2026-08-20 01:19:01] 수익성 점검 종료
[2026-08-20 02:19:06] KILL_SWITCH 감지 — 진단·알림만 수행하고 조치는 건너뜁니다
[2026-08-20 02:19:06] 수익성 점검 시작 (dry_run=False, kill_switch=True)
[2026-08-20 02:19:21] 수익성 점검 종료
[2026-08-20 03:19:25] KILL_SWITCH 감지 — 진단·알림만 수행하고 조치는 건너뜁니다
[2026-08-20 03:19:25] 수익성 점검 시작 (dry_run=False, kill_switch=True)
[2026-08-20 03:19:40] [8401] 일평균 -1.69% 이나 표본 미달로 보류 — 거래 2건 < 20, 경과 0.3일 < 2.0, 설정변경 8.2h 전 < 12.0h
[2026-08-20 03:19:40] 수익성 점검 종료
[2026-08-20 04:19:45] KILL_SWITCH 감지 — 진단·알림만 수행하고 조치는 건너뜁니다
[2026-08-20 04:19:45] 수익성 점검 시작 (dry_run=False, kill_switch=True)
[2026-08-20 04:20:00] [8401] 일평균 -1.69% 이나 표본 미달로 보류 — 거래 2건 < 20, 경과 0.4일 < 2.0, 설정변경 9.2h 전 < 12.0h
[2026-08-20 04:20:00] 수익성 점검 종료
[2026-08-20 05:20:05] KILL_SWITCH 감지 — 진단·알림만 수행하고 조치는 건너뜁니다
[2026-08-20 05:20:05] 수익성 점검 시작 (dry_run=False, kill_switch=True)
[2026-08-20 05:20:19] [8401] 일평균 -1.69% 이나 표본 미달로 보류 — 거래 2건 < 20, 경과 0.4일 < 2.0, 설정변경 10.2h 전 < 12.0h
[2026-08-20 05:20:19] 수익성 점검 종료
[2026-08-20 06:20:24] KILL_SWITCH 감지 — 진단·알림만 수행하고 조치는 건너뜁니다
[2026-08-20 06:20:24] 수익성 점검 시작 (dry_run=False, kill_switch=True)
[2026-08-20 06:20:39] [8401] 일평균 -1.69% 이나 표본 미달로 보류 — 거래 2건 < 20, 경과 0.5일 < 2.0, 설정변경 11.2h 전 < 12.0h
[2026-08-20 06:20:39] 수익성 점검 종료
[2026-08-20 07:20:44] KILL_SWITCH 감지 — 진단·알림만 수행하고 조치는 건너뜁니다
[2026-08-20 07:20:44] 수익성 점검 시작 (dry_run=False, kill_switch=True)
[2026-08-20 07:20:58] [8401] 일평균 -1.69% 이나 표본 미달로 보류 — 거래 2건 < 20, 경과 0.5일 < 2.0
[2026-08-20 07:20:58] 수익성 점검 종료
[2026-08-20 08:21:03] KILL_SWITCH 감지 — 진단·알림만 수행하고 조치는 건너뜁니다
[2026-08-20 08:21:03] 수익성 점검 시작 (dry_run=False, kill_switch=True)
[2026-08-20 08:21:18] [8401] 일평균 -1.69% 이나 표본 미달로 보류 — 거래 2건 < 20, 경과 0.5일 < 2.0
[2026-08-20 08:21:18] 수익성 점검 종료
[2026-08-20 09:21:23] KILL_SWITCH 감지 — 진단·알림만 수행하고 조치는 건너뜁니다
[2026-08-20 09:21:23] 수익성 점검 시작 (dry_run=False, kill_switch=True)
[2026-08-20 09:21:37] [8401] 일평균 -1.69% 이나 표본 미달로 보류 — 거래 2건 < 20, 경과 0.6일 < 2.0
[2026-08-20 09:21:37] 수익성 점검 종료
[2026-08-20 10:21:42] KILL_SWITCH 감지 — 진단·알림만 수행하고 조치는 건너뜁니다
[2026-08-20 10:21:42] 수익성 점검 시작 (dry_run=False, kill_switch=True)
[2026-08-20 10:21:57] [8401] 일평균 -1.69% 이나 표본 미달로 보류 — 거래 2건 < 20, 경과 0.6일 < 2.0
[2026-08-20 10:21:57] 수익성 점검 종료
[2026-08-20 11:26:05] KILL_SWITCH 감지 — 진단·알림만 수행하고 조치는 건너뜁니다
[2026-08-20 11:26:05] 수익성 점검 시작 (dry_run=False, kill_switch=True)
[2026-08-20 11:26:20] [8401] 일평균 -1.69% 이나 표본 미달로 보류 — 거래 2건 < 20, 경과 0.7일 < 2.0
[2026-08-20 11:26:20] 수익성 점검 종료
[2026-08-20 12:26:24] KILL_SWITCH 감지 — 진단·알림만 수행하고 조치는 건너뜁니다
[2026-08-20 12:26:24] 수익성 점검 시작 (dry_run=False, kill_switch=True)
[2026-08-20 12:26:41] [8401] 일평균 -1.69% 이나 표본 미달로 보류 — 거래 2건 < 20, 경과 0.7일 < 2.0
[2026-08-20 12:26:41] 수익성 점검 종료
[2026-08-20 13:26:44] KILL_SWITCH 감지 — 진단·알림만 수행하고 조치는 건너뜁니다
[2026-08-20 13:26:44] 수익성 점검 시작 (dry_run=False, kill_switch=True)
[2026-08-20 13:27:00] [8401] 설정 변경 감지 4건 → 알림 발송
[2026-08-20 13:27:00] 수익성 점검 종료
[2026-08-20 14:27:06] KILL_SWITCH 감지 — 진단·알림만 수행하고 조치는 건너뜁니다
[2026-08-20 14:27:06] 수익성 점검 시작 (dry_run=False, kill_switch=True)
[2026-08-20 14:27:22] 수익성 점검 종료
[2026-08-20 15:27:29] KILL_SWITCH 감지 — 진단·알림만 수행하고 조치는 건너뜁니다
[2026-08-20 15:27:29] 수익성 점검 시작 (dry_run=False, kill_switch=True)
[2026-08-20 15:27:44] 수익성 점검 종료
[2026-08-20 16:27:50] KILL_SWITCH 감지 — 진단·알림만 수행하고 조치는 건너뜁니다
[2026-08-20 16:27:50] 수익성 점검 시작 (dry_run=False, kill_switch=True)
[2026-08-20 16:28:05] 수익성 점검 종료
[2026-08-20 17:29:19] KILL_SWITCH 감지 — 진단·알림만 수행하고 조치는 건너뜁니다
[2026-08-20 17:29:19] 수익성 점검 시작 (dry_run=False, kill_switch=True)
[2026-08-20 17:29:33] 수익성 점검 종료
[2026-08-20 18:29:39] KILL_SWITCH 감지 — 진단·알림만 수행하고 조치는 건너뜁니다
[2026-08-20 18:29:39] 수익성 점검 시작 (dry_run=False, kill_switch=True)
[2026-08-20 18:29:54] 수익성 점검 종료
[2026-08-20 19:30:00] KILL_SWITCH 감지 — 진단·알림만 수행하고 조치는 건너뜁니다
[2026-08-20 19:30:00] 수익성 점검 시작 (dry_run=False, kill_switch=True)
[2026-08-20 19:30:14] 수익성 점검 종료
[2026-08-20 20:30:20] KILL_SWITCH 감지 — 진단·알림만 수행하고 조치는 건너뜁니다
[2026-08-20 20:30:20] 수익성 점검 시작 (dry_run=False, kill_switch=True)
[2026-08-20 20:30:35] 수익성 점검 종료
[2026-08-20 21:30:40] KILL_SWITCH 감지 — 진단·알림만 수행하고 조치는 건너뜁니다
[2026-08-20 21:30:40] 수익성 점검 시작 (dry_run=False, kill_switch=True)
[2026-08-20 21:30:55] 수익성 점검 종료
[2026-08-20 22:31:01] KILL_SWITCH 감지 — 진단·알림만 수행하고 조치는 건너뜁니다
[2026-08-20 22:31:01] 수익성 점검 시작 (dry_run=False, kill_switch=True)
[2026-08-20 22:31:17] 수익성 점검 종료
[2026-08-20 23:31:22] KILL_SWITCH 감지 — 진단·알림만 수행하고 조치는 건너뜁니다
[2026-08-20 23:31:22] 수익성 점검 시작 (dry_run=False, kill_switch=True)
[2026-08-20 23:31:37] 수익성 점검 종료
[2026-08-21 00:31:45] KILL_SWITCH 감지 — 진단·알림만 수행하고 조치는 건너뜁니다
[2026-08-21 00:31:45] 수익성 점검 시작 (dry_run=False, kill_switch=True)
[2026-08-21 00:32:01] [8403] 설정 변경 감지 1건 → 알림 발송
[2026-08-21 00:32:01] 수익성 점검 종료
[2026-08-21 01:32:04] KILL_SWITCH 감지 — 진단·알림만 수행하고 조치는 건너뜁니다
[2026-08-21 01:32:04] 수익성 점검 시작 (dry_run=False, kill_switch=True)
[2026-08-21 01:32:19] 수익성 점검 종료
[2026-08-21 02:32:24] KILL_SWITCH 감지 — 진단·알림만 수행하고 조치는 건너뜁니다
[2026-08-21 02:32:24] 수익성 점검 시작 (dry_run=False, kill_switch=True)
[2026-08-21 02:32:39] 수익성 점검 종료
[2026-08-21 03:32:44] KILL_SWITCH 감지 — 진단·알림만 수행하고 조치는 건너뜁니다
[2026-08-21 03:32:44] 수익성 점검 시작 (dry_run=False, kill_switch=True)
[2026-08-21 03:32:59] 수익성 점검 종료
[2026-08-21 04:33:06] KILL_SWITCH 감지 — 진단·알림만 수행하고 조치는 건너뜁니다
[2026-08-21 04:33:06] 수익성 점검 시작 (dry_run=False, kill_switch=True)
[2026-08-21 04:33:21] 수익성 점검 종료
[2026-08-21 05:33:26] KILL_SWITCH 감지 — 진단·알림만 수행하고 조치는 건너뜁니다
[2026-08-21 05:33:26] 수익성 점검 시작 (dry_run=False, kill_switch=True)
[2026-08-21 05:33:41] 수익성 점검 종료
[2026-08-21 06:33:46] KILL_SWITCH 감지 — 진단·알림만 수행하고 조치는 건너뜁니다
[2026-08-21 06:33:46] 수익성 점검 시작 (dry_run=False, kill_switch=True)
[2026-08-21 06:34:01] 수익성 점검 종료
[2026-08-21 07:34:06] KILL_SWITCH 감지 — 진단·알림만 수행하고 조치는 건너뜁니다
[2026-08-21 07:34:06] 수익성 점검 시작 (dry_run=False, kill_switch=True)
[2026-08-21 07:34:20] 수익성 점검 종료
[2026-08-21 08:34:25] KILL_SWITCH 감지 — 진단·알림만 수행하고 조치는 건너뜁니다
[2026-08-21 08:34:25] 수익성 점검 시작 (dry_run=False, kill_switch=True)
[2026-08-21 08:34:40] 수익성 점검 종료
[2026-08-21 09:34:41] KILL_SWITCH 감지 — 진단·알림만 수행하고 조치는 건너뜁니다
[2026-08-21 09:34:41] 수익성 점검 시작 (dry_run=False, kill_switch=True)
[2026-08-21 09:34:56] 수익성 점검 종료
[2026-08-21 10:35:05] KILL_SWITCH 감지 — 진단·알림만 수행하고 조치는 건너뜁니다
[2026-08-21 10:35:05] 수익성 점검 시작 (dry_run=False, kill_switch=True)
[2026-08-21 10:35:20] 수익성 점검 종료
[2026-08-21 11:35:24] KILL_SWITCH 감지 — 진단·알림만 수행하고 조치는 건너뜁니다
[2026-08-21 11:35:24] 수익성 점검 시작 (dry_run=False, kill_switch=True)
[2026-08-21 11:35:38] 수익성 점검 종료
[2026-08-21 12:35:43] KILL_SWITCH 감지 — 진단·알림만 수행하고 조치는 건너뜁니다
[2026-08-21 12:35:43] 수익성 점검 시작 (dry_run=False, kill_switch=True)
[2026-08-21 12:35:58] 수익성 점검 종료
[2026-08-21 13:36:05] KILL_SWITCH 감지 — 진단·알림만 수행하고 조치는 건너뜁니다
[2026-08-21 13:36:05] 수익성 점검 시작 (dry_run=False, kill_switch=True)
[2026-08-21 13:36:21] 수익성 점검 종료
[2026-08-21 14:36:25] KILL_SWITCH 감지 — 진단·알림만 수행하고 조치는 건너뜁니다
[2026-08-21 14:36:25] 수익성 점검 시작 (dry_run=False, kill_switch=True)
[2026-08-21 14:36:40] 수익성 점검 종료
[2026-08-21 15:36:45] KILL_SWITCH 감지 — 진단·알림만 수행하고 조치는 건너뜁니다
[2026-08-21 15:36:45] 수익성 점검 시작 (dry_run=False, kill_switch=True)
[2026-08-21 15:37:00] 수익성 점검 종료
[2026-08-21 16:37:07] KILL_SWITCH 감지 — 진단·알림만 수행하고 조치는 건너뜁니다
[2026-08-21 16:37:07] 수익성 점검 시작 (dry_run=False, kill_switch=True)
[2026-08-21 16:37:22] 수익성 점검 종료
[2026-08-21 17:37:28] KILL_SWITCH 감지 — 진단·알림만 수행하고 조치는 건너뜁니다
[2026-08-21 17:37:28] 수익성 점검 시작 (dry_run=False, kill_switch=True)
[2026-08-21 17:37:43] 수익성 점검 종료
[2026-08-21 18:37:48] KILL_SWITCH 감지 — 진단·알림만 수행하고 조치는 건너뜁니다
[2026-08-21 18:37:48] 수익성 점검 시작 (dry_run=False, kill_switch=True)
[2026-08-21 18:38:03] 수익성 점검 종료
[2026-08-21 19:38:09] KILL_SWITCH 감지 — 진단·알림만 수행하고 조치는 건너뜁니다
[2026-08-21 19:38:09] 수익성 점검 시작 (dry_run=False, kill_switch=True)
[2026-08-21 19:38:24] 수익성 점검 종료
[2026-08-21 20:38:29] KILL_SWITCH 감지 — 진단·알림만 수행하고 조치는 건너뜁니다
[2026-08-21 20:38:29] 수익성 점검 시작 (dry_run=False, kill_switch=True)
[2026-08-21 20:38:44] 수익성 점검 종료
[2026-08-21 21:38:49] KILL_SWITCH 감지 — 진단·알림만 수행하고 조치는 건너뜁니다
[2026-08-21 21:38:49] 수익성 점검 시작 (dry_run=False, kill_switch=True)
[2026-08-21 21:39:04] 수익성 점검 종료
[2026-08-21 22:39:10] KILL_SWITCH 감지 — 진단·알림만 수행하고 조치는 건너뜁니다
[2026-08-21 22:39:10] 수익성 점검 시작 (dry_run=False, kill_switch=True)
[2026-08-21 22:39:25] 수익성 점검 종료
