
===== [2026-07-30 23:03:45] watchdog 실행: 8403_bot =====
/Users/l/project/8403/venv/lib/python3.9/site-packages/urllib3/__init__.py:35: NotOpenSSLWarning: urllib3 v2 only supports OpenSSL 1.1.1+, currently the 'ssl' module is compiled with 'LibreSSL 2.8.3'. See: https://github.com/urllib3/urllib3/issues/3020
  warnings.warn(
2026-07-30 23:03:46,365 [INFO] [CONFIG] JSON 설정 로드: /Users/l/project/8403/config.json
2026-07-30 23:03:46,368 [INFO] =======================================================
2026-07-30 23:03:46,368 [INFO]   8406_okx 매매 엔진 시작 (목표: 일 1% 수익)
2026-07-30 23:03:46,368 [INFO]   전략: 박스권 & 프랙탈  |  TF: 5m
2026-07-30 23:03:46,368 [INFO]   레버리지: 5x  |  증거금: $1.5
2026-07-30 23:03:46,368 [INFO]   SL: 1.0%  TP: 1.8%
2026-07-30 23:03:46,368 [INFO]   스캔 TOP-N: 30  |  자동매매: True
2026-07-30 23:03:46,368 [INFO] =======================================================
2026-07-30 23:03:46,369 [INFO]   ▶ 실행 코드 버전(git): 63bc135  PID: 46873  시작: 2026-07-30 23:03:46
2026-07-30 23:03:46,369 [INFO] ▶ OKX API 연결 중...
2026-07-30 23:03:47,201 [INFO] 마켓 로드 완료: 435개 종목
2026-07-30 23:03:47,201 [INFO] ✅ OKX API 연결 성공
2026-07-30 23:03:47,372 [INFO] 💰 잔고: 총 $9.15  |  가용 $1.98 USDT
2026-07-30 23:03:47,372 [INFO] [PERSIST] 활성 포지션 상태 복구 완료 (3건)
2026-07-30 23:03:47,372 [INFO] [TRADER] 자동매매 활성화 (Async)
2026-07-30 23:03:47,372 [INFO] [SCANNER] 스캔 엔진 시작 (Async)
2026-07-30 23:03:47,372 [INFO] [SCANNER] 웹소켓 비활성(REST 전용) — 안정성 우선
2026-07-30 23:03:47,372 [INFO] 🤖 자동매매 + 스캐너 가동 완료 — 상시 운영 시작
2026-07-30 23:03:47,372 [INFO] [DISCORD FILTER] '자동매매 엔진 가동 완료' 알림 금지 처리됨
2026-07-30 23:03:47,738 [INFO] [SCAN] 블랙리스트 4개 제외: ['IP/USDT:USDT', 'NES/USDT:USDT', 'WLD/USDT:USDT', 'XAG/USDT:USDT', 'XAU/USDT:USDT', 'XAUT/USDT:USDT']
2026-07-30 23:03:47,738 [INFO] [SCAN] 스캔 시작: 30개 페어 (캐시 0개 보유)
2026-07-30 23:03:47,917 [INFO] [CACHE] BTC/USDT:USDT 초기 로드 300봉
2026-07-30 23:03:48,544 [INFO] [CACHE] ETH/USDT:USDT 초기 로드 300봉
2026-07-30 23:03:48,552 [INFO] [SIG] ETH/USDT:USDT SHORT 신호 포착 (강도 100%)
2026-07-30 23:03:48,552 [INFO] [SIGNAL] ETH/USDT:USDT SHORT 신호 수신 (strength=100)
2026-07-30 23:03:48,945 [INFO] [RISK OK] ETH/USDT:USDT 리스크 체크 통과
2026-07-30 23:03:49,227 [INFO] [ENTRY BLOCK] ETH/USDT:USDT — 이미 포지션 보유 또는 진입 주문 전송 중
2026-07-30 23:03:50,026 [INFO] [CACHE] SOL/USDT:USDT 초기 로드 300봉
2026-07-30 23:03:50,661 [INFO] [CACHE] XRP/USDT:USDT 초기 로드 300봉
2026-07-30 23:03:51,300 [INFO] [CACHE] DOGE/USDT:USDT 초기 로드 300봉
2026-07-30 23:03:51,945 [INFO] [CACHE] HYPE/USDT:USDT 초기 로드 300봉
2026-07-30 23:03:52,745 [INFO] [CACHE] AEON/USDT:USDT 초기 로드 300봉
2026-07-30 23:03:52,831 [INFO] [상태] 잔고:$9.15 | 포지션:3개 | 스캔:0회 | 스캐너:ON
2026-07-30 23:03:53,542 [INFO] [CACHE] ZEC/USDT:USDT 초기 로드 300봉
2026-07-30 23:03:54,212 [INFO] [CACHE] PEPE/USDT:USDT 초기 로드 300봉
2026-07-30 23:03:54,847 [INFO] [CACHE] UNI/USDT:USDT 초기 로드 300봉
2026-07-30 23:03:55,471 [INFO] [CACHE] SUI/USDT:USDT 초기 로드 300봉
2026-07-30 23:03:56,097 [INFO] [CACHE] KAITO/USDT:USDT 초기 로드 300봉
2026-07-30 23:03:56,724 [INFO] [CACHE] BNB/USDT:USDT 초기 로드 300봉
2026-07-30 23:03:57,357 [INFO] [CACHE] ONDO/USDT:USDT 초기 로드 300봉
2026-07-30 23:03:57,996 [INFO] [CACHE] RE/USDT:USDT 초기 로드 300봉
2026-07-30 23:03:58,623 [INFO] [CACHE] ADA/USDT:USDT 초기 로드 300봉
2026-07-30 23:03:59,253 [INFO] [CACHE] TRX/USDT:USDT 초기 로드 300봉
2026-07-30 23:03:59,880 [INFO] [CACHE] FIL/USDT:USDT 초기 로드 300봉
2026-07-30 23:04:00,506 [INFO] [CACHE] ZAMA/USDT:USDT 초기 로드 300봉
2026-07-30 23:04:01,131 [INFO] [CACHE] NEAR/USDT:USDT 초기 로드 300봉
2026-07-30 23:04:01,136 [INFO] [SIG] NEAR/USDT:USDT SHORT 신호 포착 (강도 100%)
2026-07-30 23:04:01,136 [INFO] [SIGNAL] NEAR/USDT:USDT SHORT 신호 수신 (strength=100)
2026-07-30 23:04:01,636 [INFO] [RISK OK] NEAR/USDT:USDT 리스크 체크 통과
2026-07-30 23:04:01,919 [WARNING] [ENTRY BLOCK] NEAR/USDT:USDT — 최대 포지션 수 도달: 3/3
2026-07-30 23:04:02,708 [INFO] [CACHE] OKB/USDT:USDT 초기 로드 300봉
2026-07-30 23:04:03,341 [INFO] [CACHE] LIT/USDT:USDT 초기 로드 300봉
2026-07-30 23:04:03,973 [INFO] [CACHE] LTC/USDT:USDT 초기 로드 300봉
2026-07-30 23:04:04,607 [INFO] [CACHE] AAVE/USDT:USDT 초기 로드 300봉
2026-07-30 23:04:05,240 [INFO] [CACHE] PI/USDT:USDT 초기 로드 300봉
2026-07-30 23:04:05,865 [INFO] [CACHE] PUMP/USDT:USDT 초기 로드 300봉
2026-07-30 23:04:06,494 [INFO] [CACHE] XPL/USDT:USDT 초기 로드 300봉
2026-07-30 23:04:07,121 [INFO] [CACHE] SHIB/USDT:USDT 초기 로드 300봉
2026-07-30 23:04:07,750 [INFO] [CACHE] BCH/USDT:USDT 초기 로드 300봉
2026-07-30 23:04:08,386 [INFO] [CACHE] LINK/USDT:USDT 초기 로드 300봉
2026-07-30 23:04:08,899 [INFO] [SCAN] 완료: 30개 종목 · 신호 2개 · API 호출 30회 · 캐시 히트 0회
2026-07-30 23:04:26,727 [INFO] [SCAN] 블랙리스트 4개 제외: ['IP/USDT:USDT', 'NES/USDT:USDT', 'WLD/USDT:USDT', 'XAG/USDT:USDT', 'XAU/USDT:USDT', 'XAUT/USDT:USDT']
2026-07-30 23:04:26,727 [INFO] [SCAN] 스캔 시작: 30개 페어 (캐시 30개 보유)
2026-07-30 23:04:27,370 [INFO] [SIG] ETH/USDT:USDT SHORT 신호 포착 (강도 100%)
2026-07-30 23:04:27,370 [INFO] [SIGNAL] ETH/USDT:USDT SHORT 신호 수신 (strength=100)
2026-07-30 23:04:27,770 [INFO] [RISK OK] ETH/USDT:USDT 리스크 체크 통과
2026-07-30 23:04:28,088 [INFO] [ENTRY BLOCK] ETH/USDT:USDT — 이미 포지션 보유 또는 진입 주문 전송 중
2026-07-30 23:04:36,070 [INFO] [SIG] NEAR/USDT:USDT SHORT 신호 포착 (강도 100%)
2026-07-30 23:04:36,070 [INFO] [SIGNAL] NEAR/USDT:USDT SHORT 신호 수신 (strength=100)
2026-07-30 23:04:36,468 [INFO] [RISK OK] NEAR/USDT:USDT 리스크 체크 통과
2026-07-30 23:04:36,850 [WARNING] [ENTRY BLOCK] NEAR/USDT:USDT — 최대 포지션 수 도달: 3/3
2026-07-30 23:04:41,734 [INFO] [SCAN] 완료: 30개 종목 · 신호 2개 · API 호출 30회 · 캐시 히트 0회
2026-07-30 23:04:53,328 [INFO] [상태] 잔고:$9.15 | 포지션:3개 | 스캔:2회 | 스캐너:ON
2026-07-30 23:04:57,113 [INFO] [SCAN] 블랙리스트 4개 제외: ['IP/USDT:USDT', 'NES/USDT:USDT', 'WLD/USDT:USDT', 'XAG/USDT:USDT', 'XAU/USDT:USDT', 'XAUT/USDT:USDT']
2026-07-30 23:04:57,113 [INFO] [SCAN] 스캔 시작: 30개 페어 (캐시 30개 보유)
2026-07-30 23:04:57,733 [INFO] [SIG] ETH/USDT:USDT SHORT 신호 포착 (강도 100%)
2026-07-30 23:04:57,733 [INFO] [SIGNAL] ETH/USDT:USDT SHORT 신호 수신 (strength=100)
2026-07-30 23:04:58,230 [INFO] [RISK OK] ETH/USDT:USDT 리스크 체크 통과
2026-07-30 23:04:58,508 [INFO] [ENTRY BLOCK] ETH/USDT:USDT — 이미 포지션 보유 또는 진입 주문 전송 중
2026-07-30 23:05:01,712 [INFO] [SIG] PEPE/USDT:USDT SHORT 신호 포착 (강도 100%)
2026-07-30 23:05:01,712 [INFO] [SIGNAL] PEPE/USDT:USDT SHORT 신호 수신 (strength=100)
2026-07-30 23:05:02,213 [INFO] [RISK OK] PEPE/USDT:USDT 리스크 체크 통과
2026-07-30 23:05:02,529 [WARNING] [ENTRY BLOCK] PEPE/USDT:USDT — 최대 포지션 수 도달: 3/3
2026-07-30 23:05:12,222 [INFO] [SCAN] 완료: 30개 종목 · 신호 2개 · API 호출 30회 · 캐시 히트 0회
2026-07-30 23:05:30,105 [INFO] [SCAN] 블랙리스트 4개 제외: ['IP/USDT:USDT', 'NES/USDT:USDT', 'WLD/USDT:USDT', 'XAG/USDT:USDT', 'XAU/USDT:USDT', 'XAUT/USDT:USDT']
2026-07-30 23:05:30,106 [INFO] [SCAN] 스캔 시작: 30개 페어 (캐시 30개 보유)
2026-07-30 23:05:31,216 [INFO] [SIG] SOL/USDT:USDT SHORT 신호 포착 (강도 100%)
2026-07-30 23:05:31,216 [INFO] [SIGNAL] SOL/USDT:USDT SHORT 신호 수신 (strength=100)
2026-07-30 23:05:31,612 [INFO] [RISK OK] SOL/USDT:USDT 리스크 체크 통과
2026-07-30 23:05:31,950 [WARNING] [ENTRY BLOCK] SOL/USDT:USDT — 최대 포지션 수 도달: 3/3
2026-07-30 23:05:34,872 [INFO] [SIG] PEPE/USDT:USDT SHORT 신호 포착 (강도 100%)
2026-07-30 23:05:34,872 [INFO] [SIGNAL] PEPE/USDT:USDT SHORT 신호 수신 (strength=100)
2026-07-30 23:05:35,369 [INFO] [RISK OK] PEPE/USDT:USDT 리스크 체크 통과
2026-07-30 23:05:35,652 [WARNING] [ENTRY BLOCK] PEPE/USDT:USDT — 최대 포지션 수 도달: 3/3
2026-07-30 23:05:45,614 [INFO] [SCAN] 완료: 30개 종목 · 신호 2개 · API 호출 30회 · 캐시 히트 0회
2026-07-30 23:05:53,805 [INFO] [상태] 잔고:$9.13 | 포지션:3개 | 스캔:4회 | 스캐너:ON
2026-07-30 23:06:01,059 [INFO] [SCAN] 블랙리스트 4개 제외: ['IP/USDT:USDT', 'NES/USDT:USDT', 'WLD/USDT:USDT', 'XAG/USDT:USDT', 'XAU/USDT:USDT', 'XAUT/USDT:USDT']
2026-07-30 23:06:01,059 [INFO] [SCAN] 스캔 시작: 30개 페어 (캐시 30개 보유)
2026-07-30 23:06:02,191 [INFO] [SIG] SOL/USDT:USDT SHORT 신호 포착 (강도 100%)
2026-07-30 23:06:02,192 [INFO] [SIGNAL] SOL/USDT:USDT SHORT 신호 수신 (strength=100)
2026-07-30 23:06:02,630 [INFO] [RISK OK] SOL/USDT:USDT 리스크 체크 통과
2026-07-30 23:06:02,910 [WARNING] [ENTRY BLOCK] SOL/USDT:USDT — 최대 포지션 수 도달: 3/3
2026-07-30 23:06:05,924 [INFO] [SIG] PEPE/USDT:USDT SHORT 신호 포착 (강도 100%)
2026-07-30 23:06:05,924 [INFO] [SIGNAL] PEPE/USDT:USDT SHORT 신호 수신 (strength=100)
2026-07-30 23:06:06,410 [INFO] [RISK OK] PEPE/USDT:USDT 리스크 체크 통과
2026-07-30 23:06:06,736 [WARNING] [ENTRY BLOCK] PEPE/USDT:USDT — 최대 포지션 수 도달: 3/3
2026-07-30 23:06:16,680 [INFO] [SCAN] 완료: 30개 종목 · 신호 2개 · API 호출 30회 · 캐시 히트 0회
2026-07-30 23:06:34,734 [INFO] [SCAN] 블랙리스트 4개 제외: ['IP/USDT:USDT', 'NES/USDT:USDT', 'WLD/USDT:USDT', 'XAG/USDT:USDT', 'XAU/USDT:USDT', 'XAUT/USDT:USDT']
2026-07-30 23:06:34,734 [INFO] [SCAN] 스캔 시작: 30개 페어 (캐시 30개 보유)
2026-07-30 23:06:35,872 [INFO] [SIG] SOL/USDT:USDT SHORT 신호 포착 (강도 100%)
2026-07-30 23:06:35,873 [INFO] [SIGNAL] SOL/USDT:USDT SHORT 신호 수신 (strength=100)
2026-07-30 23:06:36,361 [INFO] [RISK OK] SOL/USDT:USDT 리스크 체크 통과
2026-07-30 23:06:36,648 [WARNING] [ENTRY BLOCK] SOL/USDT:USDT — 최대 포지션 수 도달: 3/3
2026-07-30 23:06:39,517 [INFO] [SIG] PEPE/USDT:USDT SHORT 신호 포착 (강도 100%)
2026-07-30 23:06:39,517 [INFO] [SIGNAL] PEPE/USDT:USDT SHORT 신호 수신 (strength=100)
2026-07-30 23:06:40,110 [INFO] [RISK OK] PEPE/USDT:USDT 리스크 체크 통과
2026-07-30 23:06:40,399 [WARNING] [ENTRY BLOCK] PEPE/USDT:USDT — 최대 포지션 수 도달: 3/3
2026-07-30 23:06:50,363 [INFO] [SCAN] 완료: 30개 종목 · 신호 2개 · API 호출 30회 · 캐시 히트 0회
2026-07-30 23:06:54,348 [INFO] [상태] 잔고:$9.14 | 포지션:3개 | 스캔:6회 | 스캐너:ON
2026-07-30 23:07:05,760 [INFO] [SCAN] 블랙리스트 4개 제외: ['IP/USDT:USDT', 'NES/USDT:USDT', 'WLD/USDT:USDT', 'XAG/USDT:USDT', 'XAU/USDT:USDT', 'XAUT/USDT:USDT']
2026-07-30 23:07:05,760 [INFO] [SCAN] 스캔 시작: 30개 페어 (캐시 30개 보유)
2026-07-30 23:07:06,900 [INFO] [SIG] SOL/USDT:USDT SHORT 신호 포착 (강도 100%)
2026-07-30 23:07:06,900 [INFO] [SIGNAL] SOL/USDT:USDT SHORT 신호 수신 (strength=100)
2026-07-30 23:07:07,348 [INFO] [RISK OK] SOL/USDT:USDT 리스크 체크 통과
2026-07-30 23:07:07,637 [WARNING] [ENTRY BLOCK] SOL/USDT:USDT — 최대 포지션 수 도달: 3/3
2026-07-30 23:07:10,495 [INFO] [SIG] PEPE/USDT:USDT SHORT 신호 포착 (강도 100%)
2026-07-30 23:07:10,496 [INFO] [SIGNAL] PEPE/USDT:USDT SHORT 신호 수신 (strength=100)
2026-07-30 23:07:10,992 [INFO] [RISK OK] PEPE/USDT:USDT 리스크 체크 통과
2026-07-30 23:07:11,379 [WARNING] [ENTRY BLOCK] PEPE/USDT:USDT — 최대 포지션 수 도달: 3/3
2026-07-30 23:07:21,211 [INFO] [SCAN] 완료: 30개 종목 · 신호 2개 · API 호출 30회 · 캐시 히트 0회
2026-07-30 23:07:38,954 [INFO] [SCAN] 블랙리스트 4개 제외: ['IP/USDT:USDT', 'NES/USDT:USDT', 'WLD/USDT:USDT', 'XAG/USDT:USDT', 'XAU/USDT:USDT', 'XAUT/USDT:USDT']
2026-07-30 23:07:38,954 [INFO] [SCAN] 스캔 시작: 30개 페어 (캐시 30개 보유)
2026-07-30 23:07:39,980 [INFO] [SIG] SOL/USDT:USDT SHORT 신호 포착 (강도 100%)
2026-07-30 23:07:39,980 [INFO] [SIGNAL] SOL/USDT:USDT SHORT 신호 수신 (strength=100)
2026-07-30 23:07:40,485 [INFO] [RISK OK] SOL/USDT:USDT 리스크 체크 통과
2026-07-30 23:07:40,771 [WARNING] [ENTRY BLOCK] SOL/USDT:USDT — 최대 포지션 수 도달: 3/3
2026-07-30 23:07:43,570 [INFO] [SIG] PEPE/USDT:USDT SHORT 신호 포착 (강도 100%)
2026-07-30 23:07:43,570 [INFO] [SIGNAL] PEPE/USDT:USDT SHORT 신호 수신 (strength=100)
2026-07-30 23:07:44,170 [INFO] [RISK OK] PEPE/USDT:USDT 리스크 체크 통과
2026-07-30 23:07:44,559 [WARNING] [ENTRY BLOCK] PEPE/USDT:USDT — 최대 포지션 수 도달: 3/3
2026-07-30 23:07:54,121 [INFO] [SCAN] 완료: 30개 종목 · 신호 2개 · API 호출 30회 · 캐시 히트 0회
2026-07-30 23:07:54,777 [INFO] [상태] 잔고:$9.15 | 포지션:2개 | 스캔:8회 | 스캐너:ON
2026-07-30 23:08:09,501 [INFO] [SCAN] 블랙리스트 4개 제외: ['IP/USDT:USDT', 'NES/USDT:USDT', 'WLD/USDT:USDT', 'XAG/USDT:USDT', 'XAU/USDT:USDT', 'XAUT/USDT:USDT']
2026-07-30 23:08:09,501 [INFO] [SCAN] 스캔 시작: 30개 페어 (캐시 30개 보유)
2026-07-30 23:08:10,552 [INFO] [SIG] SOL/USDT:USDT SHORT 신호 포착 (강도 100%)
2026-07-30 23:08:10,553 [INFO] [SIGNAL] SOL/USDT:USDT SHORT 신호 수신 (strength=100)
2026-07-30 23:08:10,952 [INFO] [RISK OK] SOL/USDT:USDT 리스크 체크 통과
2026-07-30 23:08:11,233 [INFO] [ENTRY OK] SOL/USDT:USDT 포지션 체크 통과 (현재 2/3)
2026-07-30 23:08:11,233 [INFO] [MARGIN] 고정 모드: $1.50
2026-07-30 23:08:11,233 [INFO] [MARGIN DECISION] symbol=SOL/USDT:USDT source=fixed margin=1.50 auto_compound=False compound_pct=33.00 fixed_margin=1.50
2026-07-30 23:08:11,515 [INFO] [M4 SIZING] SOL/USDT:USDT 잔고=$9.15, 리스크=1.00%, SL거리=0.50% → 증거금=$2.75 (Notional: $13.75)
2026-07-30 23:08:11,516 [INFO] [DualBB SL/TP] SOL/USDT:USDT 시그널 내장 가격 기반: SL=74.8700(0.456%) TP=73.8500(0.912%)
2026-07-30 23:08:11,516 [INFO] [FINAL ENTRY] SOL/USDT:USDT BUY 주문 실행 예정: margin=$2.75 SL=0.46% TP=0.91%
2026-07-30 23:08:11,516 [INFO] [ORDER PLACE] SOL/USDT:USDT place_order 호출 중...
2026-07-30 23:08:12,044 [INFO] 레버리지 설정 완료: SOL/USDT:USDT 5x (long)
2026-07-30 23:08:12,495 [INFO] [ORDER] SOL/USDT:USDT long 진입 + TP(75.05) / SL(74.03) 원자 등록 완료
2026-07-30 23:08:13,567 [INFO] [ORDER RESULT] SOL/USDT:USDT 주문 결과: {'order_id': '3788902457397288960', 'symbol': 'SOL/USDT:USDT', 'side': 'long', 'entry_price': 74.37, 'amount': 0.18, 'sl_price': '74.03', 'tp_price': '75.05', 'usdt_margin': 2.75}
2026-07-30 23:08:13,567 [INFO] [ATR TRAIL] SOL/USDT:USDT ATR기반 저장: atr_pct=0.25% → activation=1.00% callback=0.80%
2026-07-30 23:08:13,568 [INFO] [PERSIST] 활성 포지션 상태 저장 완료
2026-07-30 23:08:13,578 [INFO] [PERSIST] 엔진 상태(트레일링 픽, 이전 포지션 심볼, recently_entered) 저장 완료
2026-07-30 23:08:13,578 [INFO] [ORDER] SOL/USDT:USDT LONG 실행 완료 (신호=SHORT)
2026-07-30 23:08:16,694 [INFO] [SIG] PEPE/USDT:USDT SHORT 신호 포착 (강도 100%)
2026-07-30 23:08:16,694 [INFO] [SIGNAL] PEPE/USDT:USDT SHORT 신호 수신 (strength=100)
2026-07-30 23:08:17,305 [INFO] [RISK OK] PEPE/USDT:USDT 리스크 체크 통과
2026-07-30 23:08:17,692 [INFO] [SYNC] SOL/USDT:USDT 포지션 거래소 반영 확인 → recently_entered 락 해제
2026-07-30 23:08:17,693 [INFO] [PERSIST] 엔진 상태(트레일링 픽, 이전 포지션 심볼, recently_entered) 저장 완료
2026-07-30 23:08:17,693 [WARNING] [ENTRY BLOCK] PEPE/USDT:USDT — 최대 포지션 수 도달: 3/3
2026-07-30 23:08:26,858 [INFO] [SCAN] 완료: 30개 종목 · 신호 2개 · API 호출 30회 · 캐시 히트 0회
2026-07-30 23:08:26,985 [INFO] [PERSIST] ETH/USDT:USDT 포지션이 거래소에 존재하지 않음 (오프라인 청산 감지) → 상태 삭제
2026-07-30 23:08:26,986 [INFO] [PERSIST] 활성 포지션 상태 저장 완료
2026-07-30 23:08:44,628 [INFO] [SCAN] 블랙리스트 4개 제외: ['IP/USDT:USDT', 'NES/USDT:USDT', 'WLD/USDT:USDT', 'XAG/USDT:USDT', 'XAU/USDT:USDT', 'XAUT/USDT:USDT']
2026-07-30 23:08:44,628 [INFO] [SCAN] 스캔 시작: 30개 페어 (캐시 30개 보유)
2026-07-30 23:08:45,677 [INFO] [SIG] SOL/USDT:USDT SHORT 신호 포착 (강도 100%)
2026-07-30 23:08:45,678 [INFO] [SIGNAL] SOL/USDT:USDT SHORT 신호 수신 (strength=100)
2026-07-30 23:08:46,291 [INFO] [RISK OK] SOL/USDT:USDT 리스크 체크 통과
2026-07-30 23:08:46,576 [INFO] [ENTRY BLOCK] SOL/USDT:USDT — 이미 포지션 보유 또는 진입 주문 전송 중
2026-07-30 23:08:49,796 [INFO] [SIG] PEPE/USDT:USDT SHORT 신호 포착 (강도 100%)
2026-07-30 23:08:49,796 [INFO] [SIGNAL] PEPE/USDT:USDT SHORT 신호 수신 (strength=100)
2026-07-30 23:08:50,196 [INFO] [RISK OK] PEPE/USDT:USDT 리스크 체크 통과
2026-07-30 23:08:50,485 [WARNING] [ENTRY BLOCK] PEPE/USDT:USDT — 최대 포지션 수 도달: 3/3
2026-07-30 23:08:55,503 [INFO] [상태] 잔고:$9.14 | 포지션:3개 | 스캔:9회 | 스캐너:ON
2026-07-30 23:08:59,778 [INFO] [SCAN] 완료: 30개 종목 · 신호 2개 · API 호출 30회 · 캐시 히트 0회
2026-07-30 23:09:15,031 [INFO] [SCAN] 블랙리스트 4개 제외: ['IP/USDT:USDT', 'NES/USDT:USDT', 'WLD/USDT:USDT', 'XAG/USDT:USDT', 'XAU/USDT:USDT', 'XAUT/USDT:USDT']
2026-07-30 23:09:15,031 [INFO] [SCAN] 스캔 시작: 30개 페어 (캐시 30개 보유)
2026-07-30 23:09:16,069 [INFO] [SIG] SOL/USDT:USDT SHORT 신호 포착 (강도 100%)
2026-07-30 23:09:16,069 [INFO] [SIGNAL] SOL/USDT:USDT SHORT 신호 수신 (strength=100)
2026-07-30 23:09:16,507 [INFO] [RISK OK] SOL/USDT:USDT 리스크 체크 통과
2026-07-30 23:09:16,787 [INFO] [ENTRY BLOCK] SOL/USDT:USDT — 이미 포지션 보유 또는 진입 주문 전송 중
2026-07-30 23:09:19,572 [INFO] [SIG] PEPE/USDT:USDT SHORT 신호 포착 (강도 100%)
2026-07-30 23:09:19,572 [INFO] [SIGNAL] PEPE/USDT:USDT SHORT 신호 수신 (strength=100)
2026-07-30 23:09:20,177 [INFO] [RISK OK] PEPE/USDT:USDT 리스크 체크 통과
2026-07-30 23:09:20,501 [WARNING] [ENTRY BLOCK] PEPE/USDT:USDT — 최대 포지션 수 도달: 3/3
2026-07-30 23:09:30,206 [INFO] [SCAN] 완료: 30개 종목 · 신호 2개 · API 호출 30회 · 캐시 히트 0회
2026-07-30 23:09:47,891 [INFO] [SCAN] 블랙리스트 4개 제외: ['IP/USDT:USDT', 'NES/USDT:USDT', 'WLD/USDT:USDT', 'XAG/USDT:USDT', 'XAU/USDT:USDT', 'XAUT/USDT:USDT']
2026-07-30 23:09:47,891 [INFO] [SCAN] 스캔 시작: 30개 페어 (캐시 30개 보유)
2026-07-30 23:09:48,937 [INFO] [SIG] SOL/USDT:USDT SHORT 신호 포착 (강도 100%)
2026-07-30 23:09:48,939 [INFO] [SIGNAL] SOL/USDT:USDT SHORT 신호 수신 (strength=100)
2026-07-30 23:09:49,454 [INFO] [RISK OK] SOL/USDT:USDT 리스크 체크 통과
2026-07-30 23:09:49,737 [INFO] [ENTRY BLOCK] SOL/USDT:USDT — 이미 포지션 보유 또는 진입 주문 전송 중
2026-07-30 23:09:52,491 [INFO] [SIG] PEPE/USDT:USDT SHORT 신호 포착 (강도 100%)
2026-07-30 23:09:52,491 [INFO] [SIGNAL] PEPE/USDT:USDT SHORT 신호 수신 (strength=100)
2026-07-30 23:09:52,887 [INFO] [RISK OK] PEPE/USDT:USDT 리스크 체크 통과
2026-07-30 23:09:53,285 [WARNING] [ENTRY BLOCK] PEPE/USDT:USDT — 최대 포지션 수 도달: 3/3
2026-07-30 23:09:56,038 [INFO] [상태] 잔고:$9.15 | 포지션:3개 | 스캔:11회 | 스캐너:ON
2026-07-30 23:10:03,181 [INFO] [SCAN] 완료: 30개 종목 · 신호 2개 · API 호출 30회 · 캐시 히트 0회
2026-07-30 23:10:18,424 [INFO] [SCAN] 블랙리스트 4개 제외: ['IP/USDT:USDT', 'NES/USDT:USDT', 'WLD/USDT:USDT', 'XAG/USDT:USDT', 'XAU/USDT:USDT', 'XAUT/USDT:USDT']
2026-07-30 23:10:18,424 [INFO] [SCAN] 스캔 시작: 30개 페어 (캐시 30개 보유)
2026-07-30 23:10:31,448 [INFO] [SCAN] 완료: 30개 종목 · 신호 0개 · API 호출 30회 · 캐시 히트 0회
2026-07-30 23:10:49,242 [INFO] [SCAN] 블랙리스트 4개 제외: ['IP/USDT:USDT', 'NES/USDT:USDT', 'WLD/USDT:USDT', 'XAG/USDT:USDT', 'XAU/USDT:USDT', 'XAUT/USDT:USDT']
2026-07-30 23:10:49,242 [INFO] [SCAN] 스캔 시작: 30개 페어 (캐시 30개 보유)
2026-07-30 23:10:56,747 [INFO] [상태] 잔고:$9.15 | 포지션:3개 | 스캔:13회 | 스캐너:ON
2026-07-30 23:11:02,946 [INFO] [SCAN] 완료: 30개 종목 · 신호 0개 · API 호출 30회 · 캐시 히트 0회
2026-07-30 23:11:18,197 [INFO] [SCAN] 블랙리스트 4개 제외: ['IP/USDT:USDT', 'NES/USDT:USDT', 'WLD/USDT:USDT', 'XAG/USDT:USDT', 'XAU/USDT:USDT', 'XAUT/USDT:USDT']
2026-07-30 23:11:18,197 [INFO] [SCAN] 스캔 시작: 30개 페어 (캐시 30개 보유)
2026-07-30 23:11:31,241 [INFO] [SCAN] 완료: 30개 종목 · 신호 0개 · API 호출 30회 · 캐시 히트 0회
2026-07-30 23:11:46,498 [INFO] [SCAN] 블랙리스트 4개 제외: ['IP/USDT:USDT', 'NES/USDT:USDT', 'WLD/USDT:USDT', 'XAG/USDT:USDT', 'XAU/USDT:USDT', 'XAUT/USDT:USDT']
2026-07-30 23:11:46,498 [INFO] [SCAN] 스캔 시작: 30개 페어 (캐시 30개 보유)
2026-07-30 23:11:57,293 [INFO] [상태] 잔고:$9.16 | 포지션:3개 | 스캔:15회 | 스캐너:ON
2026-07-30 23:12:00,018 [INFO] [SCAN] 완료: 30개 종목 · 신호 0개 · API 호출 30회 · 캐시 히트 0회
2026-07-30 23:12:17,735 [INFO] [SCAN] 블랙리스트 4개 제외: ['IP/USDT:USDT', 'NES/USDT:USDT', 'WLD/USDT:USDT', 'XAG/USDT:USDT', 'XAU/USDT:USDT', 'XAUT/USDT:USDT']
2026-07-30 23:12:17,735 [INFO] [SCAN] 스캔 시작: 30개 페어 (캐시 30개 보유)
2026-07-30 23:12:30,943 [INFO] [SCAN] 완료: 30개 종목 · 신호 0개 · API 호출 30회 · 캐시 히트 0회
2026-07-30 23:12:46,233 [INFO] [SCAN] 블랙리스트 4개 제외: ['IP/USDT:USDT', 'NES/USDT:USDT', 'WLD/USDT:USDT', 'XAG/USDT:USDT', 'XAU/USDT:USDT', 'XAUT/USDT:USDT']
2026-07-30 23:12:46,233 [INFO] [SCAN] 스캔 시작: 30개 페어 (캐시 30개 보유)
2026-07-30 23:12:57,892 [INFO] [상태] 잔고:$9.15 | 포지션:3개 | 스캔:17회 | 스캐너:ON
2026-07-30 23:13:00,302 [INFO] [SCAN] 완료: 30개 종목 · 신호 0개 · API 호출 30회 · 캐시 히트 0회
2026-07-30 23:13:18,621 [INFO] [SCAN] 블랙리스트 4개 제외: ['IP/USDT:USDT', 'NES/USDT:USDT', 'WLD/USDT:USDT', 'XAG/USDT:USDT', 'XAU/USDT:USDT', 'XAUT/USDT:USDT']
2026-07-30 23:13:18,621 [INFO] [SCAN] 스캔 시작: 30개 페어 (캐시 30개 보유)
2026-07-30 23:13:32,342 [INFO] [SCAN] 완료: 30개 종목 · 신호 0개 · API 호출 30회 · 캐시 히트 0회
2026-07-30 23:13:47,632 [INFO] [SCAN] 블랙리스트 4개 제외: ['IP/USDT:USDT', 'NES/USDT:USDT', 'WLD/USDT:USDT', 'XAG/USDT:USDT', 'XAU/USDT:USDT', 'XAUT/USDT:USDT']
2026-07-30 23:13:47,632 [INFO] [SCAN] 스캔 시작: 30개 페어 (캐시 30개 보유)
2026-07-30 23:13:58,459 [INFO] [상태] 잔고:$9.15 | 포지션:3개 | 스캔:19회 | 스캐너:ON
2026-07-30 23:14:01,602 [INFO] [SCAN] 완료: 30개 종목 · 신호 0개 · API 호출 30회 · 캐시 히트 0회
2026-07-30 23:14:19,627 [INFO] [SCAN] 블랙리스트 4개 제외: ['IP/USDT:USDT', 'NES/USDT:USDT', 'WLD/USDT:USDT', 'XAG/USDT:USDT', 'XAU/USDT:USDT', 'XAUT/USDT:USDT']
2026-07-30 23:14:19,627 [INFO] [SCAN] 스캔 시작: 30개 페어 (캐시 30개 보유)
2026-07-30 23:14:32,623 [INFO] [SCAN] 완료: 30개 종목 · 신호 0개 · API 호출 30회 · 캐시 히트 0회
2026-07-30 23:14:47,926 [INFO] [SCAN] 블랙리스트 4개 제외: ['IP/USDT:USDT', 'NES/USDT:USDT', 'WLD/USDT:USDT', 'XAG/USDT:USDT', 'XAU/USDT:USDT', 'XAUT/USDT:USDT']
2026-07-30 23:14:47,926 [INFO] [SCAN] 스캔 시작: 30개 페어 (캐시 30개 보유)
2026-07-30 23:14:59,016 [INFO] [상태] 잔고:$9.15 | 포지션:3개 | 스캔:21회 | 스캐너:ON
2026-07-30 23:15:01,668 [INFO] [SCAN] 완료: 30개 종목 · 신호 0개 · API 호출 30회 · 캐시 히트 0회
2026-07-30 23:15:19,603 [INFO] [SCAN] 블랙리스트 4개 제외: ['IP/USDT:USDT', 'NES/USDT:USDT', 'WLD/USDT:USDT', 'XAG/USDT:USDT', 'XAU/USDT:USDT', 'XAUT/USDT:USDT']
2026-07-30 23:15:19,603 [INFO] [SCAN] 스캔 시작: 30개 페어 (캐시 30개 보유)
2026-07-30 23:15:32,631 [INFO] [SCAN] 완료: 30개 종목 · 신호 0개 · API 호출 30회 · 캐시 히트 0회
2026-07-30 23:15:47,867 [INFO] [SCAN] 블랙리스트 4개 제외: ['IP/USDT:USDT', 'NES/USDT:USDT', 'WLD/USDT:USDT', 'XAG/USDT:USDT', 'XAU/USDT:USDT', 'XAUT/USDT:USDT']
2026-07-30 23:15:47,867 [INFO] [SCAN] 스캔 시작: 30개 페어 (캐시 30개 보유)
2026-07-30 23:15:59,551 [INFO] [상태] 잔고:$9.15 | 포지션:3개 | 스캔:23회 | 스캐너:ON
2026-07-30 23:16:01,445 [INFO] [SCAN] 완료: 30개 종목 · 신호 0개 · API 호출 30회 · 캐시 히트 0회
2026-07-30 23:16:16,666 [INFO] [SCAN] 블랙리스트 4개 제외: ['IP/USDT:USDT', 'NES/USDT:USDT', 'WLD/USDT:USDT', 'XAG/USDT:USDT', 'XAU/USDT:USDT', 'XAUT/USDT:USDT']
2026-07-30 23:16:16,666 [INFO] [SCAN] 스캔 시작: 30개 페어 (캐시 30개 보유)
2026-07-30 23:16:29,525 [INFO] [SCAN] 완료: 30개 종목 · 신호 0개 · API 호출 30회 · 캐시 히트 0회
2026-07-30 23:16:47,164 [INFO] [SCAN] 블랙리스트 4개 제외: ['IP/USDT:USDT', 'NES/USDT:USDT', 'WLD/USDT:USDT', 'XAG/USDT:USDT', 'XAU/USDT:USDT', 'XAUT/USDT:USDT']
2026-07-30 23:16:47,164 [INFO] [SCAN] 스캔 시작: 30개 페어 (캐시 30개 보유)
2026-07-30 23:17:00,030 [INFO] [상태] 잔고:$9.16 | 포지션:3개 | 스캔:25회 | 스캐너:ON
2026-07-30 23:17:00,527 [INFO] [SCAN] 완료: 30개 종목 · 신호 0개 · API 호출 30회 · 캐시 히트 0회
2026-07-30 23:17:15,783 [INFO] [SCAN] 블랙리스트 4개 제외: ['IP/USDT:USDT', 'NES/USDT:USDT', 'WLD/USDT:USDT', 'XAG/USDT:USDT', 'XAU/USDT:USDT', 'XAUT/USDT:USDT']
2026-07-30 23:17:15,783 [INFO] [SCAN] 스캔 시작: 30개 페어 (캐시 30개 보유)
2026-07-30 23:17:29,118 [INFO] [SCAN] 완료: 30개 종목 · 신호 0개 · API 호출 30회 · 캐시 히트 0회
2026-07-30 23:17:44,368 [INFO] [SCAN] 블랙리스트 4개 제외: ['IP/USDT:USDT', 'NES/USDT:USDT', 'WLD/USDT:USDT', 'XAG/USDT:USDT', 'XAU/USDT:USDT', 'XAUT/USDT:USDT']
2026-07-30 23:17:44,368 [INFO] [SCAN] 스캔 시작: 30개 페어 (캐시 30개 보유)
2026-07-30 23:17:57,773 [INFO] [SCAN] 완료: 30개 종목 · 신호 0개 · API 호출 30회 · 캐시 히트 0회
2026-07-30 23:18:00,565 [INFO] [상태] 잔고:$9.15 | 포지션:3개 | 스캔:28회 | 스캐너:ON
2026-07-30 23:18:15,858 [INFO] [SCAN] 블랙리스트 4개 제외: ['IP/USDT:USDT', 'NES/USDT:USDT', 'WLD/USDT:USDT', 'XAG/USDT:USDT', 'XAU/USDT:USDT', 'XAUT/USDT:USDT']
2026-07-30 23:18:15,858 [INFO] [SCAN] 스캔 시작: 30개 페어 (캐시 30개 보유)
2026-07-30 23:18:28,694 [INFO] [SCAN] 완료: 30개 종목 · 신호 0개 · API 호출 30회 · 캐시 히트 0회
2026-07-30 23:18:43,938 [INFO] [SCAN] 블랙리스트 4개 제외: ['IP/USDT:USDT', 'NES/USDT:USDT', 'WLD/USDT:USDT', 'XAG/USDT:USDT', 'XAU/USDT:USDT', 'XAUT/USDT:USDT']
2026-07-30 23:18:43,939 [INFO] [SCAN] 스캔 시작: 30개 페어 (캐시 30개 보유)
2026-07-30 23:18:56,917 [INFO] [SCAN] 완료: 30개 종목 · 신호 0개 · API 호출 30회 · 캐시 히트 0회
2026-07-30 23:19:01,106 [INFO] [상태] 잔고:$9.15 | 포지션:3개 | 스캔:30회 | 스캐너:ON
2026-07-30 23:19:12,279 [INFO] [SCAN] 블랙리스트 4개 제외: ['IP/USDT:USDT', 'NES/USDT:USDT', 'WLD/USDT:USDT', 'XAG/USDT:USDT', 'XAU/USDT:USDT', 'XAUT/USDT:USDT']
2026-07-30 23:19:12,280 [INFO] [SCAN] 스캔 시작: 30개 페어 (캐시 30개 보유)
2026-07-30 23:19:25,173 [INFO] [SCAN] 완료: 30개 종목 · 신호 0개 · API 호출 30회 · 캐시 히트 0회
2026-07-30 23:19:42,860 [INFO] [SCAN] 블랙리스트 4개 제외: ['IP/USDT:USDT', 'NES/USDT:USDT', 'WLD/USDT:USDT', 'XAG/USDT:USDT', 'XAU/USDT:USDT', 'XAUT/USDT:USDT']
2026-07-30 23:19:42,860 [INFO] [SCAN] 스캔 시작: 30개 페어 (캐시 30개 보유)
2026-07-30 23:19:56,078 [INFO] [SCAN] 완료: 30개 종목 · 신호 0개 · API 호출 30회 · 캐시 히트 0회
2026-07-30 23:20:01,649 [INFO] [상태] 잔고:$9.14 | 포지션:3개 | 스캔:32회 | 스캐너:ON
2026-07-30 23:20:11,462 [INFO] [SCAN] 블랙리스트 4개 제외: ['IP/USDT:USDT', 'NES/USDT:USDT', 'WLD/USDT:USDT', 'XAG/USDT:USDT', 'XAU/USDT:USDT', 'XAUT/USDT:USDT']
2026-07-30 23:20:11,463 [INFO] [SCAN] 스캔 시작: 30개 페어 (캐시 30개 보유)
2026-07-30 23:20:17,585 [INFO] [SIG] ADA/USDT:USDT SHORT 신호 포착 (강도 100%)
2026-07-30 23:20:17,585 [INFO] [SIGNAL] ADA/USDT:USDT SHORT 신호 수신 (strength=100)
2026-07-30 23:20:17,983 [INFO] [RISK OK] ADA/USDT:USDT 리스크 체크 통과
2026-07-30 23:20:18,263 [WARNING] [ENTRY BLOCK] ADA/USDT:USDT — 최대 포지션 수 도달: 3/3
2026-07-30 23:20:24,035 [INFO] [SIG] BCH/USDT:USDT SHORT 신호 포착 (강도 100%)
2026-07-30 23:20:24,035 [INFO] [SIGNAL] BCH/USDT:USDT SHORT 신호 수신 (strength=100)
2026-07-30 23:20:24,434 [INFO] [RISK OK] BCH/USDT:USDT 리스크 체크 통과
2026-07-30 23:20:24,820 [WARNING] [ENTRY BLOCK] BCH/USDT:USDT — 최대 포지션 수 도달: 3/3
2026-07-30 23:20:26,149 [INFO] [SCAN] 완료: 30개 종목 · 신호 2개 · API 호출 30회 · 캐시 히트 0회
2026-07-30 23:20:43,991 [INFO] [SCAN] 블랙리스트 4개 제외: ['IP/USDT:USDT', 'NES/USDT:USDT', 'WLD/USDT:USDT', 'XAG/USDT:USDT', 'XAU/USDT:USDT', 'XAUT/USDT:USDT']
2026-07-30 23:20:43,991 [INFO] [SCAN] 스캔 시작: 30개 페어 (캐시 30개 보유)
2026-07-30 23:20:50,166 [INFO] [SIG] ADA/USDT:USDT SHORT 신호 포착 (강도 100%)
2026-07-30 23:20:50,166 [INFO] [SIGNAL] ADA/USDT:USDT SHORT 신호 수신 (strength=100)
2026-07-30 23:20:50,563 [INFO] [RISK OK] ADA/USDT:USDT 리스크 체크 통과
2026-07-30 23:20:50,849 [WARNING] [ENTRY BLOCK] ADA/USDT:USDT — 최대 포지션 수 도달: 3/3
2026-07-30 23:20:56,777 [INFO] [SIG] BCH/USDT:USDT SHORT 신호 포착 (강도 100%)
2026-07-30 23:20:56,778 [INFO] [SIGNAL] BCH/USDT:USDT SHORT 신호 수신 (strength=100)
2026-07-30 23:20:57,175 [INFO] [RISK OK] BCH/USDT:USDT 리스크 체크 통과
2026-07-30 23:20:57,556 [WARNING] [ENTRY BLOCK] BCH/USDT:USDT — 최대 포지션 수 도달: 3/3
2026-07-30 23:20:58,892 [INFO] [SCAN] 완료: 30개 종목 · 신호 2개 · API 호출 30회 · 캐시 히트 0회
2026-07-30 23:21:02,185 [INFO] [상태] 잔고:$9.15 | 포지션:3개 | 스캔:34회 | 스캐너:ON
2026-07-30 23:21:14,269 [INFO] [SCAN] 블랙리스트 4개 제외: ['IP/USDT:USDT', 'NES/USDT:USDT', 'WLD/USDT:USDT', 'XAG/USDT:USDT', 'XAU/USDT:USDT', 'XAUT/USDT:USDT']
2026-07-30 23:21:14,269 [INFO] [SCAN] 스캔 시작: 30개 페어 (캐시 30개 보유)
2026-07-30 23:21:20,548 [INFO] [SIG] ADA/USDT:USDT SHORT 신호 포착 (강도 100%)
2026-07-30 23:21:20,548 [INFO] [SIGNAL] ADA/USDT:USDT SHORT 신호 수신 (strength=100)
2026-07-30 23:21:21,059 [INFO] [RISK OK] ADA/USDT:USDT 리스크 체크 통과
2026-07-30 23:21:21,344 [WARNING] [ENTRY BLOCK] ADA/USDT:USDT — 최대 포지션 수 도달: 3/3
2026-07-30 23:21:27,145 [INFO] [SIG] BCH/USDT:USDT SHORT 신호 포착 (강도 100%)
2026-07-30 23:21:27,145 [INFO] [SIGNAL] BCH/USDT:USDT SHORT 신호 수신 (strength=100)
2026-07-30 23:21:27,551 [INFO] [RISK OK] BCH/USDT:USDT 리스크 체크 통과
2026-07-30 23:21:27,933 [WARNING] [ENTRY BLOCK] BCH/USDT:USDT — 최대 포지션 수 도달: 3/3
2026-07-30 23:21:29,256 [INFO] [SCAN] 완료: 30개 종목 · 신호 2개 · API 호출 30회 · 캐시 히트 0회
2026-07-30 23:21:46,854 [INFO] [SCAN] 블랙리스트 4개 제외: ['IP/USDT:USDT', 'NES/USDT:USDT', 'WLD/USDT:USDT', 'XAG/USDT:USDT', 'XAU/USDT:USDT', 'XAUT/USDT:USDT']
2026-07-30 23:21:46,854 [INFO] [SCAN] 스캔 시작: 30개 페어 (캐시 30개 보유)
2026-07-30 23:21:53,151 [INFO] [SIG] ADA/USDT:USDT SHORT 신호 포착 (강도 100%)
2026-07-30 23:21:53,152 [INFO] [SIGNAL] ADA/USDT:USDT SHORT 신호 수신 (strength=100)
2026-07-30 23:21:53,777 [INFO] [RISK OK] ADA/USDT:USDT 리스크 체크 통과
2026-07-30 23:21:54,159 [WARNING] [ENTRY BLOCK] ADA/USDT:USDT — 최대 포지션 수 도달: 3/3
2026-07-30 23:22:00,046 [INFO] [SIG] BCH/USDT:USDT SHORT 신호 포착 (강도 100%)
2026-07-30 23:22:00,046 [INFO] [SIGNAL] BCH/USDT:USDT SHORT 신호 수신 (strength=100)
2026-07-30 23:22:00,458 [INFO] [RISK OK] BCH/USDT:USDT 리스크 체크 통과
2026-07-30 23:22:00,738 [WARNING] [ENTRY BLOCK] BCH/USDT:USDT — 최대 포지션 수 도달: 3/3
2026-07-30 23:22:02,075 [INFO] [SCAN] 완료: 30개 종목 · 신호 2개 · API 호출 30회 · 캐시 히트 0회
2026-07-30 23:22:02,619 [INFO] [상태] 잔고:$9.16 | 포지션:3개 | 스캔:36회 | 스캐너:ON
2026-07-30 23:22:17,458 [INFO] [SCAN] 블랙리스트 4개 제외: ['IP/USDT:USDT', 'NES/USDT:USDT', 'WLD/USDT:USDT', 'XAG/USDT:USDT', 'XAU/USDT:USDT', 'XAUT/USDT:USDT']
2026-07-30 23:22:17,458 [INFO] [SCAN] 스캔 시작: 30개 페어 (캐시 30개 보유)
2026-07-30 23:22:23,702 [INFO] [SIG] ADA/USDT:USDT SHORT 신호 포착 (강도 100%)
2026-07-30 23:22:23,703 [INFO] [SIGNAL] ADA/USDT:USDT SHORT 신호 수신 (strength=100)
2026-07-30 23:22:24,110 [INFO] [RISK OK] ADA/USDT:USDT 리스크 체크 통과
2026-07-30 23:22:24,397 [WARNING] [ENTRY BLOCK] ADA/USDT:USDT — 최대 포지션 수 도달: 3/3
2026-07-30 23:22:30,226 [INFO] [SIG] BCH/USDT:USDT SHORT 신호 포착 (강도 100%)
2026-07-30 23:22:30,226 [INFO] [SIGNAL] BCH/USDT:USDT SHORT 신호 수신 (strength=100)
2026-07-30 23:22:30,834 [INFO] [RISK OK] BCH/USDT:USDT 리스크 체크 통과
2026-07-30 23:22:31,118 [WARNING] [ENTRY BLOCK] BCH/USDT:USDT — 최대 포지션 수 도달: 3/3
2026-07-30 23:22:32,477 [INFO] [SCAN] 완료: 30개 종목 · 신호 2개 · API 호출 30회 · 캐시 히트 0회
2026-07-30 23:22:50,174 [INFO] [SCAN] 블랙리스트 4개 제외: ['IP/USDT:USDT', 'NES/USDT:USDT', 'WLD/USDT:USDT', 'XAG/USDT:USDT', 'XAU/USDT:USDT', 'XAUT/USDT:USDT']
2026-07-30 23:22:50,175 [INFO] [SCAN] 스캔 시작: 30개 페어 (캐시 30개 보유)
2026-07-30 23:22:56,396 [INFO] [SIG] ADA/USDT:USDT SHORT 신호 포착 (강도 100%)
2026-07-30 23:22:56,397 [INFO] [SIGNAL] ADA/USDT:USDT SHORT 신호 수신 (strength=100)
2026-07-30 23:22:56,799 [INFO] [RISK OK] ADA/USDT:USDT 리스크 체크 통과
2026-07-30 23:22:57,179 [WARNING] [ENTRY BLOCK] ADA/USDT:USDT — 최대 포지션 수 도달: 3/3
2026-07-30 23:23:03,033 [INFO] [상태] 잔고:$9.16 | 포지션:3개 | 스캔:37회 | 스캐너:ON
2026-07-30 23:23:03,261 [INFO] [SIG] BCH/USDT:USDT SHORT 신호 포착 (강도 100%)
2026-07-30 23:23:03,261 [INFO] [SIGNAL] BCH/USDT:USDT SHORT 신호 수신 (strength=100)
2026-07-30 23:23:03,666 [INFO] [RISK OK] BCH/USDT:USDT 리스크 체크 통과
2026-07-30 23:23:04,059 [WARNING] [ENTRY BLOCK] BCH/USDT:USDT — 최대 포지션 수 도달: 3/3
2026-07-30 23:23:05,392 [INFO] [SCAN] 완료: 30개 종목 · 신호 2개 · API 호출 30회 · 캐시 히트 0회
2026-07-30 23:23:20,674 [INFO] [SCAN] 블랙리스트 4개 제외: ['IP/USDT:USDT', 'NES/USDT:USDT', 'WLD/USDT:USDT', 'XAG/USDT:USDT', 'XAU/USDT:USDT', 'XAUT/USDT:USDT']
2026-07-30 23:23:20,675 [INFO] [SCAN] 스캔 시작: 30개 페어 (캐시 30개 보유)
2026-07-30 23:23:27,230 [INFO] [SIG] ADA/USDT:USDT SHORT 신호 포착 (강도 100%)
2026-07-30 23:23:27,230 [INFO] [SIGNAL] ADA/USDT:USDT SHORT 신호 수신 (strength=100)
2026-07-30 23:23:27,728 [INFO] [RISK OK] ADA/USDT:USDT 리스크 체크 통과
2026-07-30 23:23:28,052 [WARNING] [ENTRY BLOCK] ADA/USDT:USDT — 최대 포지션 수 도달: 3/3
2026-07-30 23:23:34,166 [INFO] [SIG] BCH/USDT:USDT SHORT 신호 포착 (강도 100%)
2026-07-30 23:23:34,167 [INFO] [SIGNAL] BCH/USDT:USDT SHORT 신호 수신 (strength=100)
2026-07-30 23:23:34,655 [INFO] [RISK OK] BCH/USDT:USDT 리스크 체크 통과
2026-07-30 23:23:34,977 [WARNING] [ENTRY BLOCK] BCH/USDT:USDT — 최대 포지션 수 도달: 3/3
2026-07-30 23:23:36,381 [INFO] [SCAN] 완료: 30개 종목 · 신호 2개 · API 호출 30회 · 캐시 히트 0회
2026-07-30 23:23:54,312 [INFO] [SCAN] 블랙리스트 4개 제외: ['IP/USDT:USDT', 'NES/USDT:USDT', 'WLD/USDT:USDT', 'XAG/USDT:USDT', 'XAU/USDT:USDT', 'XAUT/USDT:USDT']
2026-07-30 23:23:54,312 [INFO] [SCAN] 스캔 시작: 30개 페어 (캐시 30개 보유)
2026-07-30 23:24:00,720 [INFO] [SIG] ADA/USDT:USDT SHORT 신호 포착 (강도 100%)
2026-07-30 23:24:00,720 [INFO] [SIGNAL] ADA/USDT:USDT SHORT 신호 수신 (strength=100)
2026-07-30 23:24:01,217 [INFO] [RISK OK] ADA/USDT:USDT 리스크 체크 통과
2026-07-30 23:24:01,546 [WARNING] [ENTRY BLOCK] ADA/USDT:USDT — 최대 포지션 수 도달: 3/3
2026-07-30 23:24:03,545 [INFO] [상태] 잔고:$9.16 | 포지션:3개 | 스캔:39회 | 스캐너:ON
2026-07-30 23:24:07,755 [INFO] [SIG] BCH/USDT:USDT SHORT 신호 포착 (강도 100%)
2026-07-30 23:24:07,755 [INFO] [SIGNAL] BCH/USDT:USDT SHORT 신호 수신 (strength=100)
2026-07-30 23:24:08,244 [INFO] [RISK OK] BCH/USDT:USDT 리스크 체크 통과
2026-07-30 23:24:08,576 [WARNING] [ENTRY BLOCK] BCH/USDT:USDT — 최대 포지션 수 도달: 3/3
2026-07-30 23:24:09,907 [INFO] [SCAN] 완료: 30개 종목 · 신호 2개 · API 호출 30회 · 캐시 히트 0회
2026-07-30 23:24:25,150 [INFO] [SCAN] 블랙리스트 4개 제외: ['IP/USDT:USDT', 'NES/USDT:USDT', 'WLD/USDT:USDT', 'XAG/USDT:USDT', 'XAU/USDT:USDT', 'XAUT/USDT:USDT']
2026-07-30 23:24:25,152 [INFO] [SCAN] 스캔 시작: 30개 페어 (캐시 30개 보유)
2026-07-30 23:24:31,316 [INFO] [SIG] ADA/USDT:USDT SHORT 신호 포착 (강도 100%)
2026-07-30 23:24:31,316 [INFO] [SIGNAL] ADA/USDT:USDT SHORT 신호 수신 (strength=100)
2026-07-30 23:24:31,719 [INFO] [RISK OK] ADA/USDT:USDT 리스크 체크 통과
2026-07-30 23:24:32,001 [WARNING] [ENTRY BLOCK] ADA/USDT:USDT — 최대 포지션 수 도달: 3/3
2026-07-30 23:24:37,769 [INFO] [SIG] BCH/USDT:USDT SHORT 신호 포착 (강도 100%)
2026-07-30 23:24:37,769 [INFO] [SIGNAL] BCH/USDT:USDT SHORT 신호 수신 (strength=100)
2026-07-30 23:24:38,171 [INFO] [RISK OK] BCH/USDT:USDT 리스크 체크 통과
2026-07-30 23:24:38,456 [WARNING] [ENTRY BLOCK] BCH/USDT:USDT — 최대 포지션 수 도달: 3/3
2026-07-30 23:24:39,785 [INFO] [SCAN] 완료: 30개 종목 · 신호 2개 · API 호출 30회 · 캐시 히트 0회
2026-07-30 23:24:57,442 [INFO] [SCAN] 블랙리스트 4개 제외: ['IP/USDT:USDT', 'NES/USDT:USDT', 'WLD/USDT:USDT', 'XAG/USDT:USDT', 'XAU/USDT:USDT', 'XAUT/USDT:USDT']
2026-07-30 23:24:57,442 [INFO] [SCAN] 스캔 시작: 30개 페어 (캐시 30개 보유)
2026-07-30 23:25:04,052 [INFO] [상태] 잔고:$9.16 | 포지션:3개 | 스캔:41회 | 스캐너:ON
2026-07-30 23:25:10,891 [INFO] [SCAN] 완료: 30개 종목 · 신호 0개 · API 호출 30회 · 캐시 히트 0회
2026-07-30 23:25:26,140 [INFO] [SCAN] 블랙리스트 4개 제외: ['IP/USDT:USDT', 'NES/USDT:USDT', 'WLD/USDT:USDT', 'XAG/USDT:USDT', 'XAU/USDT:USDT', 'XAUT/USDT:USDT']
2026-07-30 23:25:26,141 [INFO] [SCAN] 스캔 시작: 30개 페어 (캐시 30개 보유)
2026-07-30 23:25:39,804 [INFO] [SCAN] 완료: 30개 종목 · 신호 0개 · API 호출 30회 · 캐시 히트 0회
2026-07-30 23:25:58,006 [INFO] [SCAN] 블랙리스트 4개 제외: ['IP/USDT:USDT', 'NES/USDT:USDT', 'WLD/USDT:USDT', 'XAG/USDT:USDT', 'XAU/USDT:USDT', 'XAUT/USDT:USDT']
2026-07-30 23:25:58,006 [INFO] [SCAN] 스캔 시작: 30개 페어 (캐시 30개 보유)
2026-07-30 23:26:04,558 [INFO] [상태] 잔고:$9.16 | 포지션:3개 | 스캔:43회 | 스캐너:ON
2026-07-30 23:26:11,615 [INFO] [SCAN] 완료: 30개 종목 · 신호 0개 · API 호출 30회 · 캐시 히트 0회
2026-07-30 23:26:26,883 [INFO] [SCAN] 블랙리스트 4개 제외: ['IP/USDT:USDT', 'NES/USDT:USDT', 'WLD/USDT:USDT', 'XAG/USDT:USDT', 'XAU/USDT:USDT', 'XAUT/USDT:USDT']
2026-07-30 23:26:26,883 [INFO] [SCAN] 스캔 시작: 30개 페어 (캐시 30개 보유)
2026-07-30 23:26:40,556 [INFO] [SCAN] 완료: 30개 종목 · 신호 0개 · API 호출 30회 · 캐시 히트 0회
2026-07-30 23:26:58,574 [INFO] [SCAN] 블랙리스트 4개 제외: ['IP/USDT:USDT', 'NES/USDT:USDT', 'WLD/USDT:USDT', 'XAG/USDT:USDT', 'XAU/USDT:USDT', 'XAUT/USDT:USDT']
2026-07-30 23:26:58,574 [INFO] [SCAN] 스캔 시작: 30개 페어 (캐시 30개 보유)
2026-07-30 23:27:05,053 [INFO] [상태] 잔고:$9.16 | 포지션:3개 | 스캔:45회 | 스캐너:ON
2026-07-30 23:27:12,593 [INFO] [SCAN] 완료: 30개 종목 · 신호 0개 · API 호출 30회 · 캐시 히트 0회
2026-07-30 23:27:27,862 [INFO] [SCAN] 블랙리스트 4개 제외: ['IP/USDT:USDT', 'NES/USDT:USDT', 'WLD/USDT:USDT', 'XAG/USDT:USDT', 'XAU/USDT:USDT', 'XAUT/USDT:USDT']
2026-07-30 23:27:27,863 [INFO] [SCAN] 스캔 시작: 30개 페어 (캐시 30개 보유)
2026-07-30 23:27:41,376 [INFO] [SCAN] 완료: 30개 종목 · 신호 0개 · API 호출 30회 · 캐시 히트 0회
2026-07-30 23:27:59,135 [INFO] [SCAN] 블랙리스트 4개 제외: ['IP/USDT:USDT', 'NES/USDT:USDT', 'WLD/USDT:USDT', 'XAG/USDT:USDT', 'XAU/USDT:USDT', 'XAUT/USDT:USDT']
2026-07-30 23:27:59,135 [INFO] [SCAN] 스캔 시작: 30개 페어 (캐시 30개 보유)
2026-07-30 23:28:05,516 [INFO] [상태] 잔고:$9.16 | 포지션:3개 | 스캔:47회 | 스캐너:ON
2026-07-30 23:28:12,952 [INFO] [SCAN] 완료: 30개 종목 · 신호 0개 · API 호출 30회 · 캐시 히트 0회
2026-07-30 23:28:28,218 [INFO] [SCAN] 블랙리스트 4개 제외: ['IP/USDT:USDT', 'NES/USDT:USDT', 'WLD/USDT:USDT', 'XAG/USDT:USDT', 'XAU/USDT:USDT', 'XAUT/USDT:USDT']
2026-07-30 23:28:28,218 [INFO] [SCAN] 스캔 시작: 30개 페어 (캐시 30개 보유)
2026-07-30 23:28:41,983 [INFO] [SCAN] 완료: 30개 종목 · 신호 0개 · API 호출 30회 · 캐시 히트 0회
2026-07-30 23:29:00,212 [INFO] [SCAN] 블랙리스트 4개 제외: ['IP/USDT:USDT', 'NES/USDT:USDT', 'WLD/USDT:USDT', 'XAG/USDT:USDT', 'XAU/USDT:USDT', 'XAUT/USDT:USDT']
2026-07-30 23:29:00,212 [INFO] [SCAN] 스캔 시작: 30개 페어 (캐시 30개 보유)
2026-07-30 23:29:05,982 [INFO] [상태] 잔고:$9.15 | 포지션:3개 | 스캔:49회 | 스캐너:ON
2026-07-30 23:29:14,202 [INFO] [SCAN] 완료: 30개 종목 · 신호 0개 · API 호출 30회 · 캐시 히트 0회
2026-07-30 23:29:29,440 [INFO] [SCAN] 블랙리스트 4개 제외: ['IP/USDT:USDT', 'NES/USDT:USDT', 'WLD/USDT:USDT', 'XAG/USDT:USDT', 'XAU/USDT:USDT', 'XAUT/USDT:USDT']
2026-07-30 23:29:29,440 [INFO] [SCAN] 스캔 시작: 30개 페어 (캐시 30개 보유)
2026-07-30 23:29:42,927 [INFO] [SCAN] 완료: 30개 종목 · 신호 0개 · API 호출 30회 · 캐시 히트 0회
2026-07-30 23:30:00,602 [INFO] [SCAN] 블랙리스트 4개 제외: ['IP/USDT:USDT', 'NES/USDT:USDT', 'WLD/USDT:USDT', 'XAG/USDT:USDT', 'XAU/USDT:USDT', 'XAUT/USDT:USDT']
2026-07-30 23:30:00,603 [INFO] [SCAN] 스캔 시작: 30개 페어 (캐시 30개 보유)
2026-07-30 23:30:06,440 [INFO] [상태] 잔고:$9.17 | 포지션:3개 | 스캔:51회 | 스캐너:ON
2026-07-30 23:30:13,969 [INFO] [SCAN] 완료: 30개 종목 · 신호 0개 · API 호출 30회 · 캐시 히트 0회
2026-07-30 23:30:29,218 [INFO] [SCAN] 블랙리스트 4개 제외: ['IP/USDT:USDT', 'NES/USDT:USDT', 'WLD/USDT:USDT', 'XAG/USDT:USDT', 'XAU/USDT:USDT', 'XAUT/USDT:USDT']
2026-07-30 23:30:29,218 [INFO] [SCAN] 스캔 시작: 30개 페어 (캐시 30개 보유)
2026-07-30 23:30:42,161 [INFO] [SCAN] 완료: 30개 종목 · 신호 0개 · API 호출 30회 · 캐시 히트 0회
2026-07-30 23:30:57,401 [INFO] [SCAN] 블랙리스트 4개 제외: ['IP/USDT:USDT', 'NES/USDT:USDT', 'WLD/USDT:USDT', 'XAG/USDT:USDT', 'XAU/USDT:USDT', 'XAUT/USDT:USDT']
2026-07-30 23:30:57,401 [INFO] [SCAN] 스캔 시작: 30개 페어 (캐시 30개 보유)
2026-07-30 23:31:06,909 [INFO] [상태] 잔고:$9.18 | 포지션:3개 | 스캔:53회 | 스캐너:ON
2026-07-30 23:31:10,821 [INFO] [SCAN] 완료: 30개 종목 · 신호 0개 · API 호출 30회 · 캐시 히트 0회
2026-07-30 23:31:28,443 [INFO] [SCAN] 블랙리스트 4개 제외: ['IP/USDT:USDT', 'NES/USDT:USDT', 'WLD/USDT:USDT', 'XAG/USDT:USDT', 'XAU/USDT:USDT', 'XAUT/USDT:USDT']
2026-07-30 23:31:28,443 [INFO] [SCAN] 스캔 시작: 30개 페어 (캐시 30개 보유)
2026-07-30 23:31:41,668 [INFO] [SCAN] 완료: 30개 종목 · 신호 0개 · API 호출 30회 · 캐시 히트 0회
2026-07-30 23:31:56,917 [INFO] [SCAN] 블랙리스트 4개 제외: ['IP/USDT:USDT', 'NES/USDT:USDT', 'WLD/USDT:USDT', 'XAG/USDT:USDT', 'XAU/USDT:USDT', 'XAUT/USDT:USDT']
2026-07-30 23:31:56,918 [INFO] [SCAN] 스캔 시작: 30개 페어 (캐시 30개 보유)
2026-07-30 23:32:07,362 [INFO] [상태] 잔고:$9.17 | 포지션:3개 | 스캔:55회 | 스캐너:ON
2026-07-30 23:32:10,349 [INFO] [SCAN] 완료: 30개 종목 · 신호 0개 · API 호출 30회 · 캐시 히트 0회
2026-07-30 23:32:25,588 [INFO] [SCAN] 블랙리스트 4개 제외: ['IP/USDT:USDT', 'NES/USDT:USDT', 'WLD/USDT:USDT', 'XAG/USDT:USDT', 'XAU/USDT:USDT', 'XAUT/USDT:USDT']
2026-07-30 23:32:25,589 [INFO] [SCAN] 스캔 시작: 30개 페어 (캐시 30개 보유)
2026-07-30 23:32:38,736 [INFO] [SCAN] 완료: 30개 종목 · 신호 0개 · API 호출 30회 · 캐시 히트 0회
2026-07-30 23:32:56,523 [INFO] [SCAN] 블랙리스트 4개 제외: ['IP/USDT:USDT', 'NES/USDT:USDT', 'WLD/USDT:USDT', 'XAG/USDT:USDT', 'XAU/USDT:USDT', 'XAUT/USDT:USDT']
2026-07-30 23:32:56,524 [INFO] [SCAN] 스캔 시작: 30개 페어 (캐시 30개 보유)
2026-07-30 23:33:07,948 [INFO] [상태] 잔고:$9.17 | 포지션:3개 | 스캔:57회 | 스캐너:ON
2026-07-30 23:33:09,599 [INFO] [SCAN] 완료: 30개 종목 · 신호 0개 · API 호출 30회 · 캐시 히트 0회
2026-07-30 23:33:24,856 [INFO] [SCAN] 블랙리스트 4개 제외: ['IP/USDT:USDT', 'NES/USDT:USDT', 'WLD/USDT:USDT', 'XAG/USDT:USDT', 'XAU/USDT:USDT', 'XAUT/USDT:USDT']
2026-07-30 23:33:24,856 [INFO] [SCAN] 스캔 시작: 30개 페어 (캐시 30개 보유)
2026-07-30 23:33:37,816 [INFO] [SCAN] 완료: 30개 종목 · 신호 0개 · API 호출 30회 · 캐시 히트 0회
2026-07-30 23:33:53,069 [INFO] [SCAN] 블랙리스트 4개 제외: ['IP/USDT:USDT', 'NES/USDT:USDT', 'WLD/USDT:USDT', 'XAG/USDT:USDT', 'XAU/USDT:USDT', 'XAUT/USDT:USDT']
2026-07-30 23:33:53,069 [INFO] [SCAN] 스캔 시작: 30개 페어 (캐시 30개 보유)
2026-07-30 23:34:06,106 [INFO] [SCAN] 완료: 30개 종목 · 신호 0개 · API 호출 30회 · 캐시 히트 0회
2026-07-30 23:34:08,501 [INFO] [상태] 잔고:$9.17 | 포지션:3개 | 스캔:60회 | 스캐너:ON
2026-07-30 23:34:24,052 [INFO] [SCAN] 블랙리스트 4개 제외: ['IP/USDT:USDT', 'NES/USDT:USDT', 'WLD/USDT:USDT', 'XAG/USDT:USDT', 'XAU/USDT:USDT', 'XAUT/USDT:USDT']
2026-07-30 23:34:24,052 [INFO] [SCAN] 스캔 시작: 30개 페어 (캐시 30개 보유)
2026-07-30 23:34:37,143 [INFO] [SCAN] 완료: 30개 종목 · 신호 0개 · API 호출 30회 · 캐시 히트 0회
2026-07-30 23:34:52,397 [INFO] [SCAN] 블랙리스트 4개 제외: ['IP/USDT:USDT', 'NES/USDT:USDT', 'WLD/USDT:USDT', 'XAG/USDT:USDT', 'XAU/USDT:USDT', 'XAUT/USDT:USDT']
2026-07-30 23:34:52,398 [INFO] [SCAN] 스캔 시작: 30개 페어 (캐시 30개 보유)
2026-07-30 23:35:05,420 [INFO] [SCAN] 완료: 30개 종목 · 신호 0개 · API 호출 30회 · 캐시 히트 0회
2026-07-30 23:35:09,039 [INFO] [상태] 잔고:$9.18 | 포지션:3개 | 스캔:62회 | 스캐너:ON
2026-07-30 23:35:20,823 [INFO] [SCAN] 블랙리스트 4개 제외: ['IP/USDT:USDT', 'NES/USDT:USDT', 'WLD/USDT:USDT', 'XAG/USDT:USDT', 'XAU/USDT:USDT', 'XAUT/USDT:USDT']
2026-07-30 23:35:20,823 [INFO] [SCAN] 스캔 시작: 30개 페어 (캐시 30개 보유)
2026-07-30 23:35:34,021 [INFO] [SCAN] 완료: 30개 종목 · 신호 0개 · API 호출 30회 · 캐시 히트 0회
2026-07-30 23:35:52,019 [INFO] [SCAN] 블랙리스트 4개 제외: ['IP/USDT:USDT', 'NES/USDT:USDT', 'WLD/USDT:USDT', 'XAG/USDT:USDT', 'XAU/USDT:USDT', 'XAUT/USDT:USDT']
2026-07-30 23:35:52,019 [INFO] [SCAN] 스캔 시작: 30개 페어 (캐시 30개 보유)
2026-07-30 23:36:05,627 [INFO] [SCAN] 완료: 30개 종목 · 신호 0개 · API 호출 30회 · 캐시 히트 0회
2026-07-30 23:36:09,536 [INFO] [상태] 잔고:$9.17 | 포지션:3개 | 스캔:64회 | 스캐너:ON
2026-07-30 23:36:21,058 [INFO] [SCAN] 블랙리스트 4개 제외: ['IP/USDT:USDT', 'NES/USDT:USDT', 'WLD/USDT:USDT', 'XAG/USDT:USDT', 'XAU/USDT:USDT', 'XAUT/USDT:USDT']
2026-07-30 23:36:21,058 [INFO] [SCAN] 스캔 시작: 30개 페어 (캐시 30개 보유)
2026-07-30 23:36:34,583 [INFO] [SCAN] 완료: 30개 종목 · 신호 0개 · API 호출 30회 · 캐시 히트 0회
2026-07-30 23:36:52,511 [INFO] [SCAN] 블랙리스트 4개 제외: ['IP/USDT:USDT', 'NES/USDT:USDT', 'WLD/USDT:USDT', 'XAG/USDT:USDT', 'XAU/USDT:USDT', 'XAUT/USDT:USDT']
2026-07-30 23:36:52,511 [INFO] [SCAN] 스캔 시작: 30개 페어 (캐시 30개 보유)
2026-07-30 23:37:06,136 [INFO] [SCAN] 완료: 30개 종목 · 신호 0개 · API 호출 30회 · 캐시 히트 0회
2026-07-30 23:37:10,053 [INFO] [상태] 잔고:$9.18 | 포지션:3개 | 스캔:66회 | 스캐너:ON
2026-07-30 23:37:21,513 [INFO] [SCAN] 블랙리스트 4개 제외: ['IP/USDT:USDT', 'NES/USDT:USDT', 'WLD/USDT:USDT', 'XAG/USDT:USDT', 'XAU/USDT:USDT', 'XAUT/USDT:USDT']
2026-07-30 23:37:21,514 [INFO] [SCAN] 스캔 시작: 30개 페어 (캐시 30개 보유)
2026-07-30 23:37:34,983 [INFO] [SCAN] 완료: 30개 종목 · 신호 0개 · API 호출 30회 · 캐시 히트 0회
2026-07-30 23:37:52,907 [INFO] [SCAN] 블랙리스트 4개 제외: ['IP/USDT:USDT', 'NES/USDT:USDT', 'WLD/USDT:USDT', 'XAG/USDT:USDT', 'XAU/USDT:USDT', 'XAUT/USDT:USDT']
2026-07-30 23:37:52,908 [INFO] [SCAN] 스캔 시작: 30개 페어 (캐시 30개 보유)
2026-07-30 23:38:06,062 [INFO] [SCAN] 완료: 30개 종목 · 신호 0개 · API 호출 30회 · 캐시 히트 0회
2026-07-30 23:38:10,582 [INFO] [상태] 잔고:$9.17 | 포지션:3개 | 스캔:68회 | 스캐너:ON
2026-07-30 23:38:21,442 [INFO] [SCAN] 블랙리스트 4개 제외: ['IP/USDT:USDT', 'NES/USDT:USDT', 'WLD/USDT:USDT', 'XAG/USDT:USDT', 'XAU/USDT:USDT', 'XAUT/USDT:USDT']
2026-07-30 23:38:21,442 [INFO] [SCAN] 스캔 시작: 30개 페어 (캐시 30개 보유)
2026-07-30 23:38:34,461 [INFO] [SCAN] 완료: 30개 종목 · 신호 0개 · API 호출 30회 · 캐시 히트 0회
2026-07-30 23:38:49,731 [INFO] [SCAN] 블랙리스트 4개 제외: ['IP/USDT:USDT', 'NES/USDT:USDT', 'WLD/USDT:USDT', 'XAG/USDT:USDT', 'XAU/USDT:USDT', 'XAUT/USDT:USDT']
2026-07-30 23:38:49,731 [INFO] [SCAN] 스캔 시작: 30개 페어 (캐시 30개 보유)
2026-07-30 23:39:02,859 [INFO] [SCAN] 완료: 30개 종목 · 신호 0개 · API 호출 30회 · 캐시 히트 0회
2026-07-30 23:39:11,065 [INFO] [상태] 잔고:$9.18 | 포지션:3개 | 스캔:70회 | 스캐너:ON
2026-07-30 23:39:20,609 [INFO] [SCAN] 블랙리스트 4개 제외: ['IP/USDT:USDT', 'NES/USDT:USDT', 'WLD/USDT:USDT', 'XAG/USDT:USDT', 'XAU/USDT:USDT', 'XAUT/USDT:USDT']
2026-07-30 23:39:20,609 [INFO] [SCAN] 스캔 시작: 30개 페어 (캐시 30개 보유)
2026-07-30 23:39:33,523 [INFO] [SCAN] 완료: 30개 종목 · 신호 0개 · API 호출 30회 · 캐시 히트 0회
2026-07-30 23:39:48,769 [INFO] [SCAN] 블랙리스트 4개 제외: ['IP/USDT:USDT', 'NES/USDT:USDT', 'WLD/USDT:USDT', 'XAG/USDT:USDT', 'XAU/USDT:USDT', 'XAUT/USDT:USDT']
2026-07-30 23:39:48,769 [INFO] [SCAN] 스캔 시작: 30개 페어 (캐시 30개 보유)
2026-07-30 23:40:01,976 [INFO] [SCAN] 완료: 30개 종목 · 신호 0개 · API 호출 30회 · 캐시 히트 0회
2026-07-30 23:40:11,594 [INFO] [상태] 잔고:$9.17 | 포지션:3개 | 스캔:72회 | 스캐너:ON
2026-07-30 23:40:17,371 [INFO] [SCAN] 블랙리스트 4개 제외: ['IP/USDT:USDT', 'NES/USDT:USDT', 'WLD/USDT:USDT', 'XAG/USDT:USDT', 'XAU/USDT:USDT', 'XAUT/USDT:USDT']
2026-07-30 23:40:17,372 [INFO] [SCAN] 스캔 시작: 30개 페어 (캐시 30개 보유)
2026-07-30 23:40:30,469 [INFO] [SCAN] 완료: 30개 종목 · 신호 0개 · API 호출 30회 · 캐시 히트 0회
2026-07-30 23:40:48,490 [INFO] [SCAN] 블랙리스트 4개 제외: ['IP/USDT:USDT', 'NES/USDT:USDT', 'WLD/USDT:USDT', 'XAG/USDT:USDT', 'XAU/USDT:USDT', 'XAUT/USDT:USDT']
2026-07-30 23:40:48,490 [INFO] [SCAN] 스캔 시작: 30개 페어 (캐시 30개 보유)
2026-07-30 23:41:01,467 [INFO] [SCAN] 완료: 30개 종목 · 신호 0개 · API 호출 30회 · 캐시 히트 0회
2026-07-30 23:41:12,022 [INFO] [상태] 잔고:$9.17 | 포지션:3개 | 스캔:74회 | 스캐너:ON
2026-07-30 23:41:16,827 [INFO] [SCAN] 블랙리스트 4개 제외: ['IP/USDT:USDT', 'NES/USDT:USDT', 'WLD/USDT:USDT', 'XAG/USDT:USDT', 'XAU/USDT:USDT', 'XAUT/USDT:USDT']
2026-07-30 23:41:16,828 [INFO] [SCAN] 스캔 시작: 30개 페어 (캐시 30개 보유)
2026-07-30 23:41:29,777 [INFO] [SCAN] 완료: 30개 종목 · 신호 0개 · API 호출 30회 · 캐시 히트 0회
2026-07-30 23:41:45,003 [INFO] [SCAN] 블랙리스트 4개 제외: ['IP/USDT:USDT', 'NES/USDT:USDT', 'WLD/USDT:USDT', 'XAG/USDT:USDT', 'XAU/USDT:USDT', 'XAUT/USDT:USDT']
2026-07-30 23:41:45,004 [INFO] [SCAN] 스캔 시작: 30개 페어 (캐시 30개 보유)
2026-07-30 23:41:57,948 [INFO] [SCAN] 완료: 30개 종목 · 신호 0개 · API 호출 30회 · 캐시 히트 0회
2026-07-30 23:42:12,594 [INFO] [상태] 잔고:$9.17 | 포지션:3개 | 스캔:76회 | 스캐너:ON
2026-07-30 23:42:15,855 [INFO] [SCAN] 블랙리스트 4개 제외: ['IP/USDT:USDT', 'NES/USDT:USDT', 'WLD/USDT:USDT', 'XAG/USDT:USDT', 'XAU/USDT:USDT', 'XAUT/USDT:USDT']
2026-07-30 23:42:15,855 [INFO] [SCAN] 스캔 시작: 30개 페어 (캐시 30개 보유)
2026-07-30 23:42:28,621 [INFO] [SCAN] 완료: 30개 종목 · 신호 0개 · API 호출 30회 · 캐시 히트 0회
2026-07-30 23:42:43,904 [INFO] [SCAN] 블랙리스트 4개 제외: ['IP/USDT:USDT', 'NES/USDT:USDT', 'WLD/USDT:USDT', 'XAG/USDT:USDT', 'XAU/USDT:USDT', 'XAUT/USDT:USDT']
2026-07-30 23:42:43,905 [INFO] [SCAN] 스캔 시작: 30개 페어 (캐시 30개 보유)
2026-07-30 23:42:56,777 [INFO] [SCAN] 완료: 30개 종목 · 신호 0개 · API 호출 30회 · 캐시 히트 0회
2026-07-30 23:43:12,047 [INFO] [SCAN] 블랙리스트 4개 제외: ['IP/USDT:USDT', 'NES/USDT:USDT', 'WLD/USDT:USDT', 'XAG/USDT:USDT', 'XAU/USDT:USDT', 'XAUT/USDT:USDT']
2026-07-30 23:43:12,047 [INFO] [SCAN] 스캔 시작: 30개 페어 (캐시 30개 보유)
2026-07-30 23:43:13,247 [INFO] [상태] 잔고:$9.18 | 포지션:3개 | 스캔:78회 | 스캐너:ON
2026-07-30 23:43:25,509 [INFO] [SCAN] 완료: 30개 종목 · 신호 0개 · API 호출 30회 · 캐시 히트 0회
2026-07-30 23:43:43,128 [INFO] [SCAN] 블랙리스트 4개 제외: ['IP/USDT:USDT', 'NES/USDT:USDT', 'WLD/USDT:USDT', 'XAG/USDT:USDT', 'XAU/USDT:USDT', 'XAUT/USDT:USDT']
2026-07-30 23:43:43,128 [INFO] [SCAN] 스캔 시작: 30개 페어 (캐시 30개 보유)
2026-07-30 23:43:56,256 [INFO] [SCAN] 완료: 30개 종목 · 신호 0개 · API 호출 30회 · 캐시 히트 0회
2026-07-30 23:44:11,533 [INFO] [SCAN] 블랙리스트 4개 제외: ['IP/USDT:USDT', 'NES/USDT:USDT', 'WLD/USDT:USDT', 'XAG/USDT:USDT', 'XAU/USDT:USDT', 'XAUT/USDT:USDT']
2026-07-30 23:44:11,533 [INFO] [SCAN] 스캔 시작: 30개 페어 (캐시 30개 보유)
2026-07-30 23:44:13,786 [INFO] [상태] 잔고:$9.18 | 포지션:3개 | 스캔:80회 | 스캐너:ON
2026-07-30 23:44:25,691 [INFO] [SCAN] 완료: 30개 종목 · 신호 0개 · API 호출 30회 · 캐시 히트 0회
2026-07-30 23:44:43,797 [INFO] [SCAN] 블랙리스트 4개 제외: ['IP/USDT:USDT', 'NES/USDT:USDT', 'WLD/USDT:USDT', 'XAG/USDT:USDT', 'XAU/USDT:USDT', 'XAUT/USDT:USDT']
2026-07-30 23:44:43,797 [INFO] [SCAN] 스캔 시작: 30개 페어 (캐시 30개 보유)
2026-07-30 23:44:56,897 [INFO] [SCAN] 완료: 30개 종목 · 신호 0개 · API 호출 30회 · 캐시 히트 0회
2026-07-30 23:45:12,141 [INFO] [SCAN] 블랙리스트 4개 제외: ['IP/USDT:USDT', 'NES/USDT:USDT', 'WLD/USDT:USDT', 'XAG/USDT:USDT', 'XAU/USDT:USDT', 'XAUT/USDT:USDT']
2026-07-30 23:45:12,141 [INFO] [SCAN] 스캔 시작: 30개 페어 (캐시 30개 보유)
2026-07-30 23:45:14,313 [INFO] [상태] 잔고:$9.16 | 포지션:3개 | 스캔:82회 | 스캐너:ON
2026-07-30 23:45:25,433 [INFO] [SCAN] 완료: 30개 종목 · 신호 0개 · API 호출 30회 · 캐시 히트 0회
2026-07-30 23:45:40,702 [INFO] [SCAN] 블랙리스트 4개 제외: ['IP/USDT:USDT', 'NES/USDT:USDT', 'WLD/USDT:USDT', 'XAG/USDT:USDT', 'XAU/USDT:USDT', 'XAUT/USDT:USDT']
2026-07-30 23:45:40,703 [INFO] [SCAN] 스캔 시작: 30개 페어 (캐시 30개 보유)
2026-07-30 23:45:54,374 [INFO] [SCAN] 완료: 30개 종목 · 신호 0개 · API 호출 30회 · 캐시 히트 0회
2026-07-30 23:46:12,262 [INFO] [SCAN] 블랙리스트 4개 제외: ['IP/USDT:USDT', 'NES/USDT:USDT', 'WLD/USDT:USDT', 'XAG/USDT:USDT', 'XAU/USDT:USDT', 'XAUT/USDT:USDT']
2026-07-30 23:46:12,263 [INFO] [SCAN] 스캔 시작: 30개 페어 (캐시 30개 보유)
2026-07-30 23:46:14,813 [INFO] [상태] 잔고:$9.18 | 포지션:3개 | 스캔:84회 | 스캐너:ON
2026-07-30 23:46:25,585 [INFO] [SCAN] 완료: 30개 종목 · 신호 0개 · API 호출 30회 · 캐시 히트 0회
2026-07-30 23:46:40,847 [INFO] [SCAN] 블랙리스트 4개 제외: ['IP/USDT:USDT', 'NES/USDT:USDT', 'WLD/USDT:USDT', 'XAG/USDT:USDT', 'XAU/USDT:USDT', 'XAUT/USDT:USDT']
2026-07-30 23:46:40,847 [INFO] [SCAN] 스캔 시작: 30개 페어 (캐시 30개 보유)
2026-07-30 23:46:53,880 [INFO] [SCAN] 완료: 30개 종목 · 신호 0개 · API 호출 30회 · 캐시 히트 0회
2026-07-30 23:47:09,105 [INFO] [SCAN] 블랙리스트 4개 제외: ['IP/USDT:USDT', 'NES/USDT:USDT', 'WLD/USDT:USDT', 'XAG/USDT:USDT', 'XAU/USDT:USDT', 'XAUT/USDT:USDT']
2026-07-30 23:47:09,105 [INFO] [SCAN] 스캔 시작: 30개 페어 (캐시 30개 보유)
2026-07-30 23:47:15,352 [INFO] [상태] 잔고:$9.18 | 포지션:3개 | 스캔:86회 | 스캐너:ON
2026-07-30 23:47:22,896 [INFO] [SCAN] 완료: 30개 종목 · 신호 0개 · API 호출 30회 · 캐시 히트 0회
2026-07-30 23:47:40,896 [INFO] [SCAN] 블랙리스트 4개 제외: ['IP/USDT:USDT', 'NES/USDT:USDT', 'WLD/USDT:USDT', 'XAG/USDT:USDT', 'XAU/USDT:USDT', 'XAUT/USDT:USDT']
2026-07-30 23:47:40,896 [INFO] [SCAN] 스캔 시작: 30개 페어 (캐시 30개 보유)
2026-07-30 23:47:53,865 [INFO] [SCAN] 완료: 30개 종목 · 신호 0개 · API 호출 30회 · 캐시 히트 0회
2026-07-30 23:48:09,148 [INFO] [SCAN] 블랙리스트 4개 제외: ['IP/USDT:USDT', 'NES/USDT:USDT', 'WLD/USDT:USDT', 'XAG/USDT:USDT', 'XAU/USDT:USDT', 'XAUT/USDT:USDT']
2026-07-30 23:48:09,149 [INFO] [SCAN] 스캔 시작: 30개 페어 (캐시 30개 보유)
2026-07-30 23:48:15,818 [INFO] [상태] 잔고:$9.18 | 포지션:3개 | 스캔:88회 | 스캐너:ON
2026-07-30 23:48:22,663 [INFO] [SCAN] 완료: 30개 종목 · 신호 0개 · API 호출 30회 · 캐시 히트 0회
2026-07-30 23:48:37,941 [INFO] [SCAN] 블랙리스트 4개 제외: ['IP/USDT:USDT', 'NES/USDT:USDT', 'WLD/USDT:USDT', 'XAG/USDT:USDT', 'XAU/USDT:USDT', 'XAUT/USDT:USDT']
2026-07-30 23:48:37,941 [INFO] [SCAN] 스캔 시작: 30개 페어 (캐시 30개 보유)
2026-07-30 23:48:50,855 [INFO] [SCAN] 완료: 30개 종목 · 신호 0개 · API 호출 30회 · 캐시 히트 0회
2026-07-30 23:49:08,657 [INFO] [SCAN] 블랙리스트 4개 제외: ['IP/USDT:USDT', 'NES/USDT:USDT', 'WLD/USDT:USDT', 'XAG/USDT:USDT', 'XAU/USDT:USDT', 'XAUT/USDT:USDT']
2026-07-30 23:49:08,657 [INFO] [SCAN] 스캔 시작: 30개 페어 (캐시 30개 보유)
2026-07-30 23:49:16,546 [INFO] [상태] 잔고:$9.18 | 포지션:3개 | 스캔:90회 | 스캐너:ON
2026-07-30 23:49:21,969 [INFO] [SCAN] 완료: 30개 종목 · 신호 0개 · API 호출 30회 · 캐시 히트 0회
2026-07-30 23:49:37,194 [INFO] [SCAN] 블랙리스트 4개 제외: ['IP/USDT:USDT', 'NES/USDT:USDT', 'WLD/USDT:USDT', 'XAG/USDT:USDT', 'XAU/USDT:USDT', 'XAUT/USDT:USDT']
2026-07-30 23:49:37,194 [INFO] [SCAN] 스캔 시작: 30개 페어 (캐시 30개 보유)
2026-07-30 23:49:50,059 [INFO] [SCAN] 완료: 30개 종목 · 신호 0개 · API 호출 30회 · 캐시 히트 0회
2026-07-30 23:50:05,305 [INFO] [SCAN] 블랙리스트 4개 제외: ['IP/USDT:USDT', 'NES/USDT:USDT', 'WLD/USDT:USDT', 'XAG/USDT:USDT', 'XAU/USDT:USDT', 'XAUT/USDT:USDT']
2026-07-30 23:50:05,305 [INFO] [SCAN] 스캔 시작: 30개 페어 (캐시 30개 보유)
2026-07-30 23:50:16,977 [INFO] [상태] 잔고:$9.19 | 포지션:3개 | 스캔:92회 | 스캐너:ON
2026-07-30 23:50:18,405 [INFO] [SCAN] 완료: 30개 종목 · 신호 0개 · API 호출 30회 · 캐시 히트 0회
2026-07-30 23:50:36,125 [INFO] [SCAN] 블랙리스트 4개 제외: ['IP/USDT:USDT', 'NES/USDT:USDT', 'WLD/USDT:USDT', 'XAG/USDT:USDT', 'XAU/USDT:USDT', 'XAUT/USDT:USDT']
2026-07-30 23:50:36,125 [INFO] [SCAN] 스캔 시작: 30개 페어 (캐시 30개 보유)
2026-07-30 23:50:49,683 [INFO] [SCAN] 완료: 30개 종목 · 신호 0개 · API 호출 30회 · 캐시 히트 0회
2026-07-30 23:51:04,906 [INFO] [SCAN] 블랙리스트 4개 제외: ['IP/USDT:USDT', 'NES/USDT:USDT', 'WLD/USDT:USDT', 'XAG/USDT:USDT', 'XAU/USDT:USDT', 'XAUT/USDT:USDT']
2026-07-30 23:51:04,906 [INFO] [SCAN] 스캔 시작: 30개 페어 (캐시 30개 보유)
2026-07-30 23:51:17,425 [INFO] [상태] 잔고:$9.18 | 포지션:3개 | 스캔:94회 | 스캐너:ON
2026-07-30 23:51:18,799 [INFO] [SCAN] 완료: 30개 종목 · 신호 0개 · API 호출 30회 · 캐시 히트 0회
2026-07-30 23:51:36,658 [INFO] [SCAN] 블랙리스트 4개 제외: ['IP/USDT:USDT', 'NES/USDT:USDT', 'WLD/USDT:USDT', 'XAG/USDT:USDT', 'XAU/USDT:USDT', 'XAUT/USDT:USDT']
2026-07-30 23:51:36,658 [INFO] [SCAN] 스캔 시작: 30개 페어 (캐시 30개 보유)
2026-07-30 23:51:50,306 [INFO] [SCAN] 완료: 30개 종목 · 신호 0개 · API 호출 30회 · 캐시 히트 0회
2026-07-30 23:52:05,585 [INFO] [SCAN] 블랙리스트 4개 제외: ['IP/USDT:USDT', 'NES/USDT:USDT', 'WLD/USDT:USDT', 'XAG/USDT:USDT', 'XAU/USDT:USDT', 'XAUT/USDT:USDT']
2026-07-30 23:52:05,585 [INFO] [SCAN] 스캔 시작: 30개 페어 (캐시 30개 보유)
2026-07-30 23:52:17,958 [INFO] [상태] 잔고:$9.18 | 포지션:3개 | 스캔:96회 | 스캐너:ON
2026-07-30 23:52:18,957 [INFO] [SCAN] 완료: 30개 종목 · 신호 0개 · API 호출 30회 · 캐시 히트 0회
2026-07-30 23:52:36,675 [INFO] [SCAN] 블랙리스트 4개 제외: ['IP/USDT:USDT', 'NES/USDT:USDT', 'WLD/USDT:USDT', 'XAG/USDT:USDT', 'XAU/USDT:USDT', 'XAUT/USDT:USDT']
2026-07-30 23:52:36,675 [INFO] [SCAN] 스캔 시작: 30개 페어 (캐시 30개 보유)
2026-07-30 23:52:49,545 [INFO] [SCAN] 완료: 30개 종목 · 신호 0개 · API 호출 30회 · 캐시 히트 0회
2026-07-30 23:53:04,768 [INFO] [SCAN] 블랙리스트 4개 제외: ['IP/USDT:USDT', 'NES/USDT:USDT', 'WLD/USDT:USDT', 'XAG/USDT:USDT', 'XAU/USDT:USDT', 'XAUT/USDT:USDT']
2026-07-30 23:53:04,768 [INFO] [SCAN] 스캔 시작: 30개 페어 (캐시 30개 보유)
2026-07-30 23:53:18,388 [INFO] [상태] 잔고:$9.19 | 포지션:3개 | 스캔:98회 | 스캐너:ON
2026-07-30 23:53:18,955 [INFO] [SCAN] 완료: 30개 종목 · 신호 0개 · API 호출 30회 · 캐시 히트 0회
2026-07-30 23:53:34,319 [INFO] [SCAN] 블랙리스트 4개 제외: ['IP/USDT:USDT', 'NES/USDT:USDT', 'WLD/USDT:USDT', 'XAG/USDT:USDT', 'XAU/USDT:USDT', 'XAUT/USDT:USDT']
2026-07-30 23:53:34,319 [INFO] [SCAN] 스캔 시작: 30개 페어 (캐시 30개 보유)
2026-07-30 23:53:47,831 [INFO] [SCAN] 완료: 30개 종목 · 신호 0개 · API 호출 30회 · 캐시 히트 0회
2026-07-30 23:54:05,710 [INFO] [SCAN] 블랙리스트 4개 제외: ['IP/USDT:USDT', 'NES/USDT:USDT', 'WLD/USDT:USDT', 'XAG/USDT:USDT', 'XAU/USDT:USDT', 'XAUT/USDT:USDT']
2026-07-30 23:54:05,710 [INFO] [SCAN] 스캔 시작: 30개 페어 (캐시 30개 보유)
2026-07-30 23:54:19,139 [INFO] [상태] 잔고:$9.18 | 포지션:3개 | 스캔:100회 | 스캐너:ON
2026-07-30 23:54:19,221 [INFO] [SCAN] 완료: 30개 종목 · 신호 0개 · API 호출 30회 · 캐시 히트 0회
2026-07-30 23:54:34,646 [INFO] [SCAN] 블랙리스트 4개 제외: ['IP/USDT:USDT', 'NES/USDT:USDT', 'WLD/USDT:USDT', 'XAG/USDT:USDT', 'XAU/USDT:USDT', 'XAUT/USDT:USDT']
2026-07-30 23:54:34,648 [INFO] [SCAN] 스캔 시작: 30개 페어 (캐시 30개 보유)
2026-07-30 23:54:47,610 [INFO] [SCAN] 완료: 30개 종목 · 신호 0개 · API 호출 30회 · 캐시 히트 0회
2026-07-30 23:55:02,849 [INFO] [SCAN] 블랙리스트 4개 제외: ['IP/USDT:USDT', 'NES/USDT:USDT', 'WLD/USDT:USDT', 'XAG/USDT:USDT', 'XAU/USDT:USDT', 'XAUT/USDT:USDT']
2026-07-30 23:55:02,850 [INFO] [SCAN] 스캔 시작: 30개 페어 (캐시 30개 보유)
2026-07-30 23:55:15,787 [INFO] [SCAN] 완료: 30개 종목 · 신호 0개 · API 호출 30회 · 캐시 히트 0회
2026-07-30 23:55:19,726 [INFO] [상태] 잔고:$9.17 | 포지션:3개 | 스캔:103회 | 스캐너:ON
2026-07-30 23:55:33,852 [INFO] [SCAN] 블랙리스트 4개 제외: ['IP/USDT:USDT', 'NES/USDT:USDT', 'WLD/USDT:USDT', 'XAG/USDT:USDT', 'XAU/USDT:USDT', 'XAUT/USDT:USDT']
2026-07-30 23:55:33,854 [INFO] [SCAN] 스캔 시작: 30개 페어 (캐시 30개 보유)
2026-07-30 23:55:47,316 [INFO] [SCAN] 완료: 30개 종목 · 신호 0개 · API 호출 30회 · 캐시 히트 0회
2026-07-30 23:56:02,575 [INFO] [SCAN] 블랙리스트 4개 제외: ['IP/USDT:USDT', 'NES/USDT:USDT', 'WLD/USDT:USDT', 'XAG/USDT:USDT', 'XAU/USDT:USDT', 'XAUT/USDT:USDT']
2026-07-30 23:56:02,576 [INFO] [SCAN] 스캔 시작: 30개 페어 (캐시 30개 보유)
2026-07-30 23:56:15,874 [INFO] [SCAN] 완료: 30개 종목 · 신호 0개 · API 호출 30회 · 캐시 히트 0회
2026-07-30 23:56:20,253 [INFO] [상태] 잔고:$9.17 | 포지션:3개 | 스캔:105회 | 스캐너:ON
2026-07-30 23:56:22,270 [INFO] 🛑 봇 종료
2026-07-30 23:56:22,306 [WARNING] okx requires to release all resources with an explicit call to the .close() coroutine. If you are using the exchange instance with async coroutines, add `await exchange.close()` to your code into a place when you're done with the exchange and don't need the exchange instance anymore (at the end of your async coroutine).
2026-07-30 23:56:22,306 [ERROR] Unclosed connector
connections: ['deque([(<aiohttp.client_proto.ResponseHandler object at 0x1137c02e0>, 3155.026736)])']
connector: <aiohttp.connector.TCPConnector object at 0x113319be0>

===== [2026-07-31 00:42:33] watchdog 실행: 8403_bot =====
/Users/l/project/8403/venv/lib/python3.9/site-packages/urllib3/__init__.py:35: NotOpenSSLWarning: urllib3 v2 only supports OpenSSL 1.1.1+, currently the 'ssl' module is compiled with 'LibreSSL 2.8.3'. See: https://github.com/urllib3/urllib3/issues/3020
  warnings.warn(
2026-07-31 00:42:35,031 [INFO] [CONFIG] JSON 설정 로드: /Users/l/project/8403/config.json
2026-07-31 00:42:35,043 [INFO] =======================================================
2026-07-31 00:42:35,043 [INFO]   8406_okx 매매 엔진 시작 (목표: 일 1% 수익)
2026-07-31 00:42:35,043 [INFO]   전략: 박스권 & 프랙탈  |  TF: 5m
2026-07-31 00:42:35,043 [INFO]   레버리지: 5x  |  증거금: $1.5
2026-07-31 00:42:35,043 [INFO]   SL: 1.0%  TP: 1.8%
2026-07-31 00:42:35,043 [INFO]   스캔 TOP-N: 30  |  자동매매: True
2026-07-31 00:42:35,043 [INFO] =======================================================
2026-07-31 00:42:35,044 [INFO]   ▶ 실행 코드 버전(git): dedde23  PID: 71286  시작: 2026-07-31 00:42:35
2026-07-31 00:42:35,044 [INFO] ▶ OKX API 연결 중...
2026-07-31 00:42:35,804 [INFO] 마켓 로드 완료: 436개 종목
2026-07-31 00:42:35,804 [INFO] ✅ OKX API 연결 성공
2026-07-31 00:42:35,973 [INFO] 💰 잔고: 총 $9.11  |  가용 $4.53 USDT
2026-07-31 00:42:35,973 [INFO] [PERSIST] 활성 포지션 상태 복구 완료 (2건)
2026-07-31 00:42:35,973 [INFO] [TRADER] 자동매매 활성화 (Async)
2026-07-31 00:42:35,973 [INFO] [SCANNER] 스캔 엔진 시작 (Async)
2026-07-31 00:42:35,973 [INFO] [SCANNER] 웹소켓 비활성(REST 전용) — 안정성 우선
2026-07-31 00:42:35,973 [INFO] 🤖 자동매매 + 스캐너 가동 완료 — 상시 운영 시작
2026-07-31 00:42:35,973 [INFO] [DISCORD FILTER] '자동매매 엔진 가동 완료' 알림 금지 처리됨
2026-07-31 00:42:36,338 [INFO] [SCAN] 블랙리스트 4개 제외: ['IP/USDT:USDT', 'NES/USDT:USDT', 'WLD/USDT:USDT', 'XAG/USDT:USDT', 'XAU/USDT:USDT', 'XAUT/USDT:USDT']
2026-07-31 00:42:36,338 [INFO] [SCAN] 스캔 시작: 30개 페어 (캐시 0개 보유)
2026-07-31 00:42:36,577 [INFO] [CACHE] BTC/USDT:USDT 초기 로드 300봉
2026-07-31 00:42:37,209 [INFO] [CACHE] ETH/USDT:USDT 초기 로드 300봉
2026-07-31 00:42:37,834 [INFO] [CACHE] SOL/USDT:USDT 초기 로드 300봉
2026-07-31 00:42:38,459 [INFO] [CACHE] XRP/USDT:USDT 초기 로드 300봉
2026-07-31 00:42:39,086 [INFO] [CACHE] DOGE/USDT:USDT 초기 로드 300봉
2026-07-31 00:42:39,710 [INFO] [CACHE] HYPE/USDT:USDT 초기 로드 300봉
2026-07-31 00:42:40,332 [INFO] [CACHE] PEPE/USDT:USDT 초기 로드 300봉
2026-07-31 00:42:40,956 [INFO] [CACHE] UNI/USDT:USDT 초기 로드 300봉
2026-07-31 00:42:41,367 [INFO] [상태] 잔고:$9.11 | 포지션:2개 | 스캔:0회 | 스캐너:ON
2026-07-31 00:42:41,797 [INFO] [CACHE] ZEC/USDT:USDT 초기 로드 300봉
2026-07-31 00:42:42,432 [INFO] [CACHE] ADA/USDT:USDT 초기 로드 300봉
2026-07-31 00:42:43,064 [INFO] [CACHE] SUI/USDT:USDT 초기 로드 300봉
2026-07-31 00:42:43,733 [INFO] [CACHE] AEON/USDT:USDT 초기 로드 300봉
2026-07-31 00:42:44,374 [INFO] [CACHE] KAITO/USDT:USDT 초기 로드 300봉
2026-07-31 00:42:45,010 [INFO] [CACHE] BNB/USDT:USDT 초기 로드 300봉
2026-07-31 00:42:45,641 [INFO] [CACHE] ONDO/USDT:USDT 초기 로드 300봉
2026-07-31 00:42:46,281 [INFO] [CACHE] TRX/USDT:USDT 초기 로드 300봉
2026-07-31 00:42:46,921 [INFO] [CACHE] RE/USDT:USDT 초기 로드 300봉
2026-07-31 00:42:47,552 [INFO] [CACHE] FIL/USDT:USDT 초기 로드 300봉
2026-07-31 00:42:48,189 [INFO] [CACHE] OKB/USDT:USDT 초기 로드 300봉
2026-07-31 00:42:48,825 [INFO] [CACHE] ZAMA/USDT:USDT 초기 로드 300봉
2026-07-31 00:42:49,461 [INFO] [CACHE] NEAR/USDT:USDT 초기 로드 300봉
2026-07-31 00:42:50,140 [INFO] [CACHE] LIT/USDT:USDT 초기 로드 300봉
2026-07-31 00:42:50,783 [INFO] [CACHE] PI/USDT:USDT 초기 로드 300봉
2026-07-31 00:42:51,419 [INFO] [CACHE] LTC/USDT:USDT 초기 로드 300봉
2026-07-31 00:42:52,065 [INFO] [CACHE] PUMP/USDT:USDT 초기 로드 300봉
2026-07-31 00:42:52,733 [INFO] [CACHE] XPL/USDT:USDT 초기 로드 300봉
2026-07-31 00:42:53,366 [INFO] [CACHE] AAVE/USDT:USDT 초기 로드 300봉
2026-07-31 00:42:53,997 [INFO] [CACHE] BCH/USDT:USDT 초기 로드 300봉
2026-07-31 00:42:54,621 [INFO] [CACHE] LINK/USDT:USDT 초기 로드 300봉
2026-07-31 00:42:55,128 [INFO] [SCAN] 완료: 29개 종목 · 신호 0개 · API 호출 29회 · 캐시 히트 0회
2026-07-31 00:43:12,255 [INFO] [SCAN] 블랙리스트 4개 제외: ['IP/USDT:USDT', 'NES/USDT:USDT', 'WLD/USDT:USDT', 'XAG/USDT:USDT', 'XAU/USDT:USDT', 'XAUT/USDT:USDT']
2026-07-31 00:43:12,256 [INFO] [SCAN] 스캔 시작: 30개 페어 (캐시 29개 보유)
2026-07-31 00:43:24,960 [INFO] [SCAN] 완료: 29개 종목 · 신호 0개 · API 호출 29회 · 캐시 히트 0회
2026-07-31 00:43:40,248 [INFO] [SCAN] 블랙리스트 4개 제외: ['IP/USDT:USDT', 'NES/USDT:USDT', 'WLD/USDT:USDT', 'XAG/USDT:USDT', 'XAU/USDT:USDT', 'XAUT/USDT:USDT']
2026-07-31 00:43:40,248 [INFO] [SCAN] 스캔 시작: 30개 페어 (캐시 29개 보유)
2026-07-31 00:43:41,797 [INFO] [상태] 잔고:$9.11 | 포지션:2개 | 스캔:2회 | 스캐너:ON
2026-07-31 00:43:52,156 [INFO] [CACHE] GRVT/USDT:USDT 초기 로드 9봉
2026-07-31 00:43:54,016 [INFO] [SCAN] 완료: 30개 종목 · 신호 0개 · API 호출 30회 · 캐시 히트 0회
2026-07-31 00:44:09,254 [INFO] [SCAN] 블랙리스트 4개 제외: ['IP/USDT:USDT', 'NES/USDT:USDT', 'WLD/USDT:USDT', 'XAG/USDT:USDT', 'XAU/USDT:USDT', 'XAUT/USDT:USDT']
2026-07-31 00:44:09,255 [INFO] [SCAN] 스캔 시작: 30개 페어 (캐시 30개 보유)
2026-07-31 00:44:22,605 [INFO] [SCAN] 완료: 30개 종목 · 신호 0개 · API 호출 30회 · 캐시 히트 0회
2026-07-31 00:44:39,577 [INFO] [SCAN] 블랙리스트 4개 제외: ['IP/USDT:USDT', 'NES/USDT:USDT', 'WLD/USDT:USDT', 'XAG/USDT:USDT', 'XAU/USDT:USDT', 'XAUT/USDT:USDT']
2026-07-31 00:44:39,577 [INFO] [SCAN] 스캔 시작: 30개 페어 (캐시 30개 보유)
2026-07-31 00:44:42,365 [INFO] [상태] 잔고:$9.11 | 포지션:2개 | 스캔:4회 | 스캐너:ON
2026-07-31 00:44:53,098 [INFO] [SCAN] 완료: 30개 종목 · 신호 0개 · API 호출 30회 · 캐시 히트 0회
2026-07-31 00:45:08,325 [INFO] [SCAN] 블랙리스트 4개 제외: ['IP/USDT:USDT', 'NES/USDT:USDT', 'WLD/USDT:USDT', 'XAG/USDT:USDT', 'XAU/USDT:USDT', 'XAUT/USDT:USDT']
2026-07-31 00:45:08,325 [INFO] [SCAN] 스캔 시작: 30개 페어 (캐시 30개 보유)
2026-07-31 00:45:21,498 [INFO] [SCAN] 완료: 30개 종목 · 신호 0개 · API 호출 30회 · 캐시 히트 0회
2026-07-31 00:45:36,764 [INFO] [SCAN] 블랙리스트 4개 제외: ['IP/USDT:USDT', 'NES/USDT:USDT', 'WLD/USDT:USDT', 'XAG/USDT:USDT', 'XAU/USDT:USDT', 'XAUT/USDT:USDT']
2026-07-31 00:45:36,764 [INFO] [SCAN] 스캔 시작: 30개 페어 (캐시 30개 보유)
2026-07-31 00:45:43,001 [INFO] [상태] 잔고:$9.11 | 포지션:2개 | 스캔:6회 | 스캐너:ON
2026-07-31 00:45:50,272 [INFO] [SCAN] 완료: 30개 종목 · 신호 0개 · API 호출 30회 · 캐시 히트 0회
2026-07-31 00:46:07,353 [INFO] [SCAN] 블랙리스트 4개 제외: ['IP/USDT:USDT', 'NES/USDT:USDT', 'WLD/USDT:USDT', 'XAG/USDT:USDT', 'XAU/USDT:USDT', 'XAUT/USDT:USDT']
2026-07-31 00:46:07,353 [INFO] [SCAN] 스캔 시작: 30개 페어 (캐시 30개 보유)
2026-07-31 00:46:20,481 [INFO] [SCAN] 완료: 30개 종목 · 신호 0개 · API 호출 30회 · 캐시 히트 0회
2026-07-31 00:46:35,729 [INFO] [SCAN] 블랙리스트 4개 제외: ['IP/USDT:USDT', 'NES/USDT:USDT', 'WLD/USDT:USDT', 'XAG/USDT:USDT', 'XAU/USDT:USDT', 'XAUT/USDT:USDT']
2026-07-31 00:46:35,730 [INFO] [SCAN] 스캔 시작: 30개 페어 (캐시 30개 보유)
2026-07-31 00:46:43,581 [INFO] [상태] 잔고:$9.12 | 포지션:2개 | 스캔:8회 | 스캐너:ON
2026-07-31 00:46:49,359 [INFO] [SCAN] 완료: 30개 종목 · 신호 0개 · API 호출 30회 · 캐시 히트 0회
2026-07-31 00:47:04,594 [INFO] [SCAN] 블랙리스트 4개 제외: ['IP/USDT:USDT', 'NES/USDT:USDT', 'WLD/USDT:USDT', 'XAG/USDT:USDT', 'XAU/USDT:USDT', 'XAUT/USDT:USDT']
2026-07-31 00:47:04,594 [INFO] [SCAN] 스캔 시작: 30개 페어 (캐시 30개 보유)
2026-07-31 00:47:17,690 [INFO] [SCAN] 완료: 30개 종목 · 신호 0개 · API 호출 30회 · 캐시 히트 0회
2026-07-31 00:47:34,646 [INFO] [SCAN] 블랙리스트 4개 제외: ['IP/USDT:USDT', 'NES/USDT:USDT', 'WLD/USDT:USDT', 'XAG/USDT:USDT', 'XAU/USDT:USDT', 'XAUT/USDT:USDT']
2026-07-31 00:47:34,646 [INFO] [SCAN] 스캔 시작: 30개 페어 (캐시 30개 보유)
2026-07-31 00:47:44,128 [INFO] [상태] 잔고:$9.12 | 포지션:2개 | 스캔:10회 | 스캐너:ON
2026-07-31 00:47:48,138 [INFO] [SCAN] 완료: 30개 종목 · 신호 0개 · API 호출 30회 · 캐시 히트 0회
2026-07-31 00:48:03,417 [INFO] [SCAN] 블랙리스트 4개 제외: ['IP/USDT:USDT', 'NES/USDT:USDT', 'WLD/USDT:USDT', 'XAG/USDT:USDT', 'XAU/USDT:USDT', 'XAUT/USDT:USDT']
2026-07-31 00:48:03,418 [INFO] [SCAN] 스캔 시작: 30개 페어 (캐시 30개 보유)
2026-07-31 00:48:16,915 [INFO] [SCAN] 완료: 30개 종목 · 신호 0개 · API 호출 30회 · 캐시 히트 0회
2026-07-31 00:48:32,170 [INFO] [SCAN] 블랙리스트 4개 제외: ['IP/USDT:USDT', 'NES/USDT:USDT', 'WLD/USDT:USDT', 'XAG/USDT:USDT', 'XAU/USDT:USDT', 'XAUT/USDT:USDT']
2026-07-31 00:48:32,171 [INFO] [SCAN] 스캔 시작: 30개 페어 (캐시 30개 보유)
2026-07-31 00:48:44,569 [INFO] [상태] 잔고:$9.11 | 포지션:2개 | 스캔:12회 | 스캐너:ON
2026-07-31 00:48:45,563 [INFO] [SCAN] 완료: 30개 종목 · 신호 0개 · API 호출 30회 · 캐시 히트 0회
2026-07-31 00:49:02,499 [INFO] [SCAN] 블랙리스트 4개 제외: ['IP/USDT:USDT', 'NES/USDT:USDT', 'WLD/USDT:USDT', 'XAG/USDT:USDT', 'XAU/USDT:USDT', 'XAUT/USDT:USDT']
2026-07-31 00:49:02,499 [INFO] [SCAN] 스캔 시작: 30개 페어 (캐시 30개 보유)
2026-07-31 00:49:16,056 [INFO] [SCAN] 완료: 30개 종목 · 신호 0개 · API 호출 30회 · 캐시 히트 0회
2026-07-31 00:49:31,287 [INFO] [SCAN] 블랙리스트 4개 제외: ['IP/USDT:USDT', 'NES/USDT:USDT', 'WLD/USDT:USDT', 'XAG/USDT:USDT', 'XAU/USDT:USDT', 'XAUT/USDT:USDT']
2026-07-31 00:49:31,287 [INFO] [SCAN] 스캔 시작: 30개 페어 (캐시 30개 보유)
2026-07-31 00:49:44,750 [INFO] [SCAN] 완료: 30개 종목 · 신호 0개 · API 호출 30회 · 캐시 히트 0회
2026-07-31 00:49:45,153 [INFO] [상태] 잔고:$9.11 | 포지션:2개 | 스캔:15회 | 스캐너:ON
2026-07-31 00:50:00,158 [INFO] [SCAN] 블랙리스트 4개 제외: ['IP/USDT:USDT', 'NES/USDT:USDT', 'WLD/USDT:USDT', 'XAG/USDT:USDT', 'XAU/USDT:USDT', 'XAUT/USDT:USDT']
2026-07-31 00:50:00,158 [INFO] [SCAN] 스캔 시작: 30개 페어 (캐시 30개 보유)
2026-07-31 00:50:09,587 [INFO] [SIG] LTC/USDT:USDT LONG 신호 포착 (강도 100%)
2026-07-31 00:50:09,587 [INFO] [SIGNAL] LTC/USDT:USDT LONG 신호 수신 (strength=100)
2026-07-31 00:50:09,587 [INFO] [🐸 청개구리 역매매] 신호 방향 반전: LONG ➡️ SHORT
2026-07-31 00:50:10,132 [INFO] [RISK OK] LTC/USDT:USDT 리스크 체크 통과
2026-07-31 00:50:10,411 [INFO] [ENTRY OK] LTC/USDT:USDT 포지션 체크 통과 (현재 2/3)
2026-07-31 00:50:10,412 [INFO] [MARGIN] 고정 모드: $1.50
2026-07-31 00:50:10,412 [INFO] [MARGIN DECISION] symbol=LTC/USDT:USDT source=fixed margin=1.50 auto_compound=False compound_pct=33.00 fixed_margin=1.50
2026-07-31 00:50:10,696 [INFO] [M4 SIZING] LTC/USDT:USDT 잔고=$9.12, 리스크=1.00%, SL거리=0.66% → 증거금=$2.73 (Notional: $13.65)
2026-07-31 00:50:10,696 [INFO] [DualBB SL/TP] LTC/USDT:USDT 시그널 내장 가격 기반: SL=44.8400(0.665%) TP=45.7400(1.329%)
2026-07-31 00:50:10,697 [INFO] [FINAL ENTRY] LTC/USDT:USDT SELL 주문 실행 예정: margin=$2.73 SL=0.66% TP=1.33%
2026-07-31 00:50:10,697 [INFO] [ORDER PLACE] LTC/USDT:USDT place_order 호출 중...
2026-07-31 00:50:10,996 [INFO] 레버리지 설정 완료: LTC/USDT:USDT 5x (short)
2026-07-31 00:50:11,338 [INFO] [ORDER] LTC/USDT:USDT short 진입 + TP(44.53) / SL(45.43) 원자 등록 완료
2026-07-31 00:50:12,456 [INFO] [ORDER RESULT] LTC/USDT:USDT 주문 결과: {'order_id': '3789107769551167488', 'symbol': 'LTC/USDT:USDT', 'side': 'short', 'entry_price': 45.13, 'amount': 0.3, 'sl_price': '45.43', 'tp_price': '44.53', 'usdt_margin': 2.73}
2026-07-31 00:50:12,456 [INFO] [ATR TRAIL] LTC/USDT:USDT ATR기반 저장: atr_pct=0.24% → activation=1.00% callback=0.80%
2026-07-31 00:50:12,458 [INFO] [PERSIST] 활성 포지션 상태 저장 완료
2026-07-31 00:50:12,478 [INFO] [PERSIST] 엔진 상태(트레일링 픽, 이전 포지션 심볼, recently_entered) 저장 완료
2026-07-31 00:50:12,479 [INFO] [ORDER] LTC/USDT:USDT SHORT 실행 완료
2026-07-31 00:50:16,376 [INFO] [SCAN] 완료: 30개 종목 · 신호 1개 · API 호출 30회 · 캐시 히트 0회
2026-07-31 00:50:34,275 [INFO] [SCAN] 블랙리스트 4개 제외: ['IP/USDT:USDT', 'NES/USDT:USDT', 'WLD/USDT:USDT', 'XAG/USDT:USDT', 'XAU/USDT:USDT', 'XAUT/USDT:USDT']
2026-07-31 00:50:34,275 [INFO] [SCAN] 스캔 시작: 30개 페어 (캐시 30개 보유)
2026-07-31 00:50:43,614 [INFO] [SIG] LTC/USDT:USDT LONG 신호 포착 (강도 100%)
2026-07-31 00:50:43,614 [INFO] [SIGNAL] LTC/USDT:USDT LONG 신호 수신 (strength=100)
2026-07-31 00:50:43,614 [INFO] [🐸 청개구리 역매매] 신호 방향 반전: LONG ➡️ SHORT
2026-07-31 00:50:44,010 [INFO] [RISK OK] LTC/USDT:USDT 리스크 체크 통과
2026-07-31 00:50:44,295 [INFO] [SYNC] LTC/USDT:USDT 포지션 거래소 반영 확인 → recently_entered 락 해제
2026-07-31 00:50:44,297 [INFO] [PERSIST] 엔진 상태(트레일링 픽, 이전 포지션 심볼, recently_entered) 저장 완료
2026-07-31 00:50:44,297 [INFO] [ENTRY BLOCK] LTC/USDT:USDT — 이미 포지션 보유 또는 진입 주문 전송 중
2026-07-31 00:50:45,616 [INFO] [상태] 잔고:$9.11 | 포지션:3개 | 스캔:16회 | 스캐너:ON
2026-07-31 00:50:48,148 [INFO] [SCAN] 완료: 29개 종목 · 신호 1개 · API 호출 29회 · 캐시 히트 0회
2026-07-31 00:51:03,416 [INFO] [SCAN] 블랙리스트 4개 제외: ['IP/USDT:USDT', 'NES/USDT:USDT', 'WLD/USDT:USDT', 'XAG/USDT:USDT', 'XAU/USDT:USDT', 'XAUT/USDT:USDT']
2026-07-31 00:51:03,417 [INFO] [SCAN] 스캔 시작: 30개 페어 (캐시 30개 보유)
2026-07-31 00:51:12,965 [INFO] [SIG] LTC/USDT:USDT LONG 신호 포착 (강도 100%)
2026-07-31 00:51:12,965 [INFO] [SIGNAL] LTC/USDT:USDT LONG 신호 수신 (strength=100)
2026-07-31 00:51:12,965 [INFO] [🐸 청개구리 역매매] 신호 방향 반전: LONG ➡️ SHORT
2026-07-31 00:51:13,512 [INFO] [RISK OK] LTC/USDT:USDT 리스크 체크 통과
2026-07-31 00:51:13,801 [INFO] [ENTRY BLOCK] LTC/USDT:USDT — 이미 포지션 보유 또는 진입 주문 전송 중
2026-07-31 00:51:17,999 [INFO] [SCAN] 완료: 30개 종목 · 신호 1개 · API 호출 30회 · 캐시 히트 0회
2026-07-31 00:51:36,202 [INFO] [SCAN] 블랙리스트 4개 제외: ['IP/USDT:USDT', 'NES/USDT:USDT', 'WLD/USDT:USDT', 'XAG/USDT:USDT', 'XAU/USDT:USDT', 'XAUT/USDT:USDT']
2026-07-31 00:51:36,202 [INFO] [SCAN] 스캔 시작: 30개 페어 (캐시 30개 보유)
2026-07-31 00:51:45,599 [INFO] [SIG] LTC/USDT:USDT LONG 신호 포착 (강도 100%)
2026-07-31 00:51:45,599 [INFO] [SIGNAL] LTC/USDT:USDT LONG 신호 수신 (strength=100)
2026-07-31 00:51:45,599 [INFO] [🐸 청개구리 역매매] 신호 방향 반전: LONG ➡️ SHORT
2026-07-31 00:51:46,161 [INFO] [RISK OK] LTC/USDT:USDT 리스크 체크 통과
2026-07-31 00:51:46,389 [INFO] [상태] 잔고:$9.11 | 포지션:3개 | 스캔:18회 | 스캐너:ON
2026-07-31 00:51:46,607 [INFO] [ENTRY BLOCK] LTC/USDT:USDT — 이미 포지션 보유 또는 진입 주문 전송 중
2026-07-31 00:51:50,500 [INFO] [SCAN] 완료: 30개 종목 · 신호 1개 · API 호출 30회 · 캐시 히트 0회
2026-07-31 00:52:05,735 [INFO] [SCAN] 블랙리스트 4개 제외: ['IP/USDT:USDT', 'NES/USDT:USDT', 'WLD/USDT:USDT', 'XAG/USDT:USDT', 'XAU/USDT:USDT', 'XAUT/USDT:USDT']
2026-07-31 00:52:05,735 [INFO] [SCAN] 스캔 시작: 30개 페어 (캐시 30개 보유)
2026-07-31 00:52:15,307 [INFO] [SIG] LTC/USDT:USDT LONG 신호 포착 (강도 100%)
2026-07-31 00:52:15,307 [INFO] [SIGNAL] LTC/USDT:USDT LONG 신호 수신 (strength=100)
2026-07-31 00:52:15,307 [INFO] [🐸 청개구리 역매매] 신호 방향 반전: LONG ➡️ SHORT
2026-07-31 00:52:15,704 [INFO] [RISK OK] LTC/USDT:USDT 리스크 체크 통과
2026-07-31 00:52:15,983 [INFO] [ENTRY BLOCK] LTC/USDT:USDT — 이미 포지션 보유 또는 진입 주문 전송 중
2026-07-31 00:52:19,533 [INFO] [SCAN] 완료: 29개 종목 · 신호 1개 · API 호출 29회 · 캐시 히트 0회
2026-07-31 00:52:37,359 [INFO] [SCAN] 블랙리스트 4개 제외: ['IP/USDT:USDT', 'NES/USDT:USDT', 'WLD/USDT:USDT', 'XAG/USDT:USDT', 'XAU/USDT:USDT', 'XAUT/USDT:USDT']
2026-07-31 00:52:37,359 [INFO] [SCAN] 스캔 시작: 30개 페어 (캐시 30개 보유)
2026-07-31 00:52:46,790 [INFO] [SIG] LTC/USDT:USDT LONG 신호 포착 (강도 100%)
2026-07-31 00:52:46,790 [INFO] [SIGNAL] LTC/USDT:USDT LONG 신호 수신 (strength=100)
2026-07-31 00:52:46,790 [INFO] [🐸 청개구리 역매매] 신호 방향 반전: LONG ➡️ SHORT
2026-07-31 00:52:46,907 [INFO] [상태] 잔고:$9.10 | 포지션:3개 | 스캔:20회 | 스캐너:ON
2026-07-31 00:52:47,462 [INFO] [RISK OK] LTC/USDT:USDT 리스크 체크 통과
2026-07-31 00:52:47,743 [INFO] [ENTRY BLOCK] LTC/USDT:USDT — 이미 포지션 보유 또는 진입 주문 전송 중
2026-07-31 00:52:51,263 [INFO] [SCAN] 완료: 29개 종목 · 신호 1개 · API 호출 29회 · 캐시 히트 0회
2026-07-31 00:53:06,505 [INFO] [SCAN] 블랙리스트 4개 제외: ['IP/USDT:USDT', 'NES/USDT:USDT', 'WLD/USDT:USDT', 'XAG/USDT:USDT', 'XAU/USDT:USDT', 'XAUT/USDT:USDT']
2026-07-31 00:53:06,506 [INFO] [SCAN] 스캔 시작: 30개 페어 (캐시 30개 보유)
2026-07-31 00:53:15,986 [INFO] [SIG] LTC/USDT:USDT LONG 신호 포착 (강도 100%)
2026-07-31 00:53:15,986 [INFO] [SIGNAL] LTC/USDT:USDT LONG 신호 수신 (strength=100)
2026-07-31 00:53:15,986 [INFO] [🐸 청개구리 역매매] 신호 방향 반전: LONG ➡️ SHORT
2026-07-31 00:53:16,384 [INFO] [RISK OK] LTC/USDT:USDT 리스크 체크 통과
2026-07-31 00:53:16,777 [INFO] [ENTRY BLOCK] LTC/USDT:USDT — 이미 포지션 보유 또는 진입 주문 전송 중
2026-07-31 00:53:20,925 [INFO] [SCAN] 완료: 30개 종목 · 신호 1개 · API 호출 30회 · 캐시 히트 0회
2026-07-31 00:53:38,671 [INFO] [SCAN] 블랙리스트 4개 제외: ['IP/USDT:USDT', 'NES/USDT:USDT', 'WLD/USDT:USDT', 'XAG/USDT:USDT', 'XAU/USDT:USDT', 'XAUT/USDT:USDT']
2026-07-31 00:53:38,671 [INFO] [SCAN] 스캔 시작: 30개 페어 (캐시 30개 보유)
2026-07-31 00:53:47,576 [INFO] [상태] 잔고:$9.11 | 포지션:3개 | 스캔:22회 | 스캐너:ON
2026-07-31 00:53:48,485 [INFO] [SIG] LTC/USDT:USDT LONG 신호 포착 (강도 100%)
2026-07-31 00:53:48,485 [INFO] [SIGNAL] LTC/USDT:USDT LONG 신호 수신 (strength=100)
2026-07-31 00:53:48,485 [INFO] [🐸 청개구리 역매매] 신호 방향 반전: LONG ➡️ SHORT
2026-07-31 00:53:49,030 [INFO] [RISK OK] LTC/USDT:USDT 리스크 체크 통과
2026-07-31 00:53:49,316 [INFO] [ENTRY BLOCK] LTC/USDT:USDT — 이미 포지션 보유 또는 진입 주문 전송 중
2026-07-31 00:53:53,272 [INFO] [SCAN] 완료: 30개 종목 · 신호 1개 · API 호출 30회 · 캐시 히트 0회
2026-07-31 00:54:08,512 [INFO] [SCAN] 블랙리스트 4개 제외: ['IP/USDT:USDT', 'NES/USDT:USDT', 'WLD/USDT:USDT', 'XAG/USDT:USDT', 'XAU/USDT:USDT', 'XAUT/USDT:USDT']
2026-07-31 00:54:08,512 [INFO] [SCAN] 스캔 시작: 30개 페어 (캐시 30개 보유)
2026-07-31 00:54:18,044 [INFO] [SIG] LTC/USDT:USDT LONG 신호 포착 (강도 100%)
2026-07-31 00:54:18,044 [INFO] [SIGNAL] LTC/USDT:USDT LONG 신호 수신 (strength=100)
2026-07-31 00:54:18,044 [INFO] [🐸 청개구리 역매매] 신호 방향 반전: LONG ➡️ SHORT
2026-07-31 00:54:18,525 [INFO] [RISK OK] LTC/USDT:USDT 리스크 체크 통과
2026-07-31 00:54:18,858 [INFO] [ENTRY BLOCK] LTC/USDT:USDT — 이미 포지션 보유 또는 진입 주문 전송 중
2026-07-31 00:54:22,472 [INFO] [SCAN] 완료: 29개 종목 · 신호 1개 · API 호출 29회 · 캐시 히트 0회
2026-07-31 00:54:40,464 [INFO] [SCAN] 블랙리스트 4개 제외: ['IP/USDT:USDT', 'NES/USDT:USDT', 'WLD/USDT:USDT', 'XAG/USDT:USDT', 'XAU/USDT:USDT', 'XAUT/USDT:USDT']
2026-07-31 00:54:40,465 [INFO] [SCAN] 스캔 시작: 30개 페어 (캐시 30개 보유)
2026-07-31 00:54:48,133 [INFO] [상태] 잔고:$9.11 | 포지션:3개 | 스캔:24회 | 스캐너:ON
2026-07-31 00:54:50,292 [INFO] [SIG] LTC/USDT:USDT LONG 신호 포착 (강도 100%)
2026-07-31 00:54:50,292 [INFO] [SIGNAL] LTC/USDT:USDT LONG 신호 수신 (strength=100)
2026-07-31 00:54:50,292 [INFO] [🐸 청개구리 역매매] 신호 방향 반전: LONG ➡️ SHORT
2026-07-31 00:54:50,803 [INFO] [RISK OK] LTC/USDT:USDT 리스크 체크 통과
2026-07-31 00:54:51,084 [INFO] [ENTRY BLOCK] LTC/USDT:USDT — 이미 포지션 보유 또는 진입 주문 전송 중
2026-07-31 00:54:54,658 [INFO] [SCAN] 완료: 29개 종목 · 신호 1개 · API 호출 29회 · 캐시 히트 0회
2026-07-31 00:55:09,916 [INFO] [SCAN] 블랙리스트 4개 제외: ['IP/USDT:USDT', 'NES/USDT:USDT', 'WLD/USDT:USDT', 'XAG/USDT:USDT', 'XAU/USDT:USDT', 'XAUT/USDT:USDT']
2026-07-31 00:55:09,916 [INFO] [SCAN] 스캔 시작: 30개 페어 (캐시 30개 보유)
2026-07-31 00:55:22,875 [INFO] [SCAN] 완료: 30개 종목 · 신호 0개 · API 호출 30회 · 캐시 히트 0회
2026-07-31 00:55:40,472 [INFO] [SCAN] 블랙리스트 4개 제외: ['IP/USDT:USDT', 'NES/USDT:USDT', 'WLD/USDT:USDT', 'XAG/USDT:USDT', 'XAU/USDT:USDT', 'XAUT/USDT:USDT']
2026-07-31 00:55:40,472 [INFO] [SCAN] 스캔 시작: 30개 페어 (캐시 30개 보유)
2026-07-31 00:55:48,578 [INFO] [상태] 잔고:$9.12 | 포지션:3개 | 스캔:26회 | 스캐너:ON
2026-07-31 00:55:54,003 [INFO] [SCAN] 완료: 30개 종목 · 신호 0개 · API 호출 30회 · 캐시 히트 0회
2026-07-31 00:56:09,292 [INFO] [SCAN] 블랙리스트 4개 제외: ['IP/USDT:USDT', 'NES/USDT:USDT', 'WLD/USDT:USDT', 'XAG/USDT:USDT', 'XAU/USDT:USDT', 'XAUT/USDT:USDT']
2026-07-31 00:56:09,293 [INFO] [SCAN] 스캔 시작: 30개 페어 (캐시 30개 보유)
2026-07-31 00:56:22,628 [INFO] [SCAN] 완료: 30개 종목 · 신호 0개 · API 호출 30회 · 캐시 히트 0회
2026-07-31 00:56:38,144 [INFO] [SCAN] 블랙리스트 4개 제외: ['IP/USDT:USDT', 'NES/USDT:USDT', 'WLD/USDT:USDT', 'XAG/USDT:USDT', 'XAU/USDT:USDT', 'XAUT/USDT:USDT']
2026-07-31 00:56:38,144 [INFO] [SCAN] 스캔 시작: 30개 페어 (캐시 30개 보유)
2026-07-31 00:56:49,059 [INFO] [상태] 잔고:$9.12 | 포지션:3개 | 스캔:28회 | 스캐너:ON
2026-07-31 00:56:52,279 [INFO] [SCAN] 완료: 30개 종목 · 신호 0개 · API 호출 30회 · 캐시 히트 0회
2026-07-31 00:57:10,379 [INFO] [SCAN] 블랙리스트 4개 제외: ['IP/USDT:USDT', 'NES/USDT:USDT', 'WLD/USDT:USDT', 'XAG/USDT:USDT', 'XAU/USDT:USDT', 'XAUT/USDT:USDT']
2026-07-31 00:57:10,380 [INFO] [SCAN] 스캔 시작: 30개 페어 (캐시 30개 보유)
2026-07-31 00:57:23,869 [INFO] [SCAN] 완료: 30개 종목 · 신호 0개 · API 호출 30회 · 캐시 히트 0회
2026-07-31 00:57:39,170 [INFO] [SCAN] 블랙리스트 4개 제외: ['IP/USDT:USDT', 'NES/USDT:USDT', 'WLD/USDT:USDT', 'XAG/USDT:USDT', 'XAU/USDT:USDT', 'XAUT/USDT:USDT']
2026-07-31 00:57:39,171 [INFO] [SCAN] 스캔 시작: 30개 페어 (캐시 30개 보유)
2026-07-31 00:57:49,615 [INFO] [상태] 잔고:$9.14 | 포지션:3개 | 스캔:30회 | 스캐너:ON
2026-07-31 00:57:53,079 [INFO] [SCAN] 완료: 30개 종목 · 신호 0개 · API 호출 30회 · 캐시 히트 0회
2026-07-31 00:58:11,126 [INFO] [SCAN] 블랙리스트 4개 제외: ['IP/USDT:USDT', 'NES/USDT:USDT', 'WLD/USDT:USDT', 'XAG/USDT:USDT', 'XAU/USDT:USDT', 'XAUT/USDT:USDT']
2026-07-31 00:58:11,126 [INFO] [SCAN] 스캔 시작: 30개 페어 (캐시 30개 보유)
2026-07-31 00:58:24,168 [INFO] [SCAN] 완료: 30개 종목 · 신호 0개 · API 호출 30회 · 캐시 히트 0회
2026-07-31 00:58:39,414 [INFO] [SCAN] 블랙리스트 4개 제외: ['IP/USDT:USDT', 'NES/USDT:USDT', 'WLD/USDT:USDT', 'XAG/USDT:USDT', 'XAU/USDT:USDT', 'XAUT/USDT:USDT']
2026-07-31 00:58:39,415 [INFO] [SCAN] 스캔 시작: 30개 페어 (캐시 30개 보유)
2026-07-31 00:58:50,134 [INFO] [상태] 잔고:$9.13 | 포지션:3개 | 스캔:32회 | 스캐너:ON
2026-07-31 00:58:52,715 [INFO] [SCAN] 완료: 30개 종목 · 신호 0개 · API 호출 30회 · 캐시 히트 0회
2026-07-31 00:59:07,944 [INFO] [SCAN] 블랙리스트 4개 제외: ['IP/USDT:USDT', 'NES/USDT:USDT', 'WLD/USDT:USDT', 'XAG/USDT:USDT', 'XAU/USDT:USDT', 'XAUT/USDT:USDT']
2026-07-31 00:59:07,945 [INFO] [SCAN] 스캔 시작: 30개 페어 (캐시 30개 보유)
2026-07-31 00:59:21,227 [INFO] [SCAN] 완료: 30개 종목 · 신호 0개 · API 호출 30회 · 캐시 히트 0회
2026-07-31 00:59:39,102 [INFO] [SCAN] 블랙리스트 4개 제외: ['IP/USDT:USDT', 'NES/USDT:USDT', 'WLD/USDT:USDT', 'XAG/USDT:USDT', 'XAU/USDT:USDT', 'XAUT/USDT:USDT']
2026-07-31 00:59:39,102 [INFO] [SCAN] 스캔 시작: 30개 페어 (캐시 30개 보유)
2026-07-31 00:59:50,639 [INFO] [상태] 잔고:$9.13 | 포지션:3개 | 스캔:34회 | 스캐너:ON
2026-07-31 00:59:52,969 [INFO] [SCAN] 완료: 30개 종목 · 신호 0개 · API 호출 30회 · 캐시 히트 0회
2026-07-31 01:00:08,236 [INFO] [SCAN] 블랙리스트 4개 제외: ['IP/USDT:USDT', 'NES/USDT:USDT', 'WLD/USDT:USDT', 'XAG/USDT:USDT', 'XAU/USDT:USDT', 'XAUT/USDT:USDT']
2026-07-31 01:00:08,236 [INFO] [SCAN] 스캔 시작: 30개 페어 (캐시 30개 보유)
2026-07-31 01:00:21,643 [INFO] [SCAN] 완료: 30개 종목 · 신호 0개 · API 호출 30회 · 캐시 히트 0회
2026-07-31 01:00:39,325 [INFO] [SCAN] 블랙리스트 4개 제외: ['IP/USDT:USDT', 'NES/USDT:USDT', 'WLD/USDT:USDT', 'XAG/USDT:USDT', 'XAU/USDT:USDT', 'XAUT/USDT:USDT']
2026-07-31 01:00:39,325 [INFO] [SCAN] 스캔 시작: 30개 페어 (캐시 30개 보유)
2026-07-31 01:00:51,152 [INFO] [상태] 잔고:$9.13 | 포지션:3개 | 스캔:36회 | 스캐너:ON
2026-07-31 01:00:53,099 [INFO] [SCAN] 완료: 30개 종목 · 신호 0개 · API 호출 30회 · 캐시 히트 0회
2026-07-31 01:01:08,321 [INFO] [SCAN] 블랙리스트 4개 제외: ['IP/USDT:USDT', 'NES/USDT:USDT', 'WLD/USDT:USDT', 'XAG/USDT:USDT', 'XAU/USDT:USDT', 'XAUT/USDT:USDT']
2026-07-31 01:01:08,321 [INFO] [SCAN] 스캔 시작: 30개 페어 (캐시 30개 보유)
2026-07-31 01:01:21,479 [INFO] [SCAN] 완료: 30개 종목 · 신호 0개 · API 호출 30회 · 캐시 히트 0회
2026-07-31 01:01:36,760 [INFO] [SCAN] 블랙리스트 4개 제외: ['IP/USDT:USDT', 'NES/USDT:USDT', 'WLD/USDT:USDT', 'XAG/USDT:USDT', 'XAU/USDT:USDT', 'XAUT/USDT:USDT']
2026-07-31 01:01:36,761 [INFO] [SCAN] 스캔 시작: 30개 페어 (캐시 30개 보유)
2026-07-31 01:01:49,826 [INFO] [SCAN] 완료: 30개 종목 · 신호 0개 · API 호출 30회 · 캐시 히트 0회
2026-07-31 01:01:51,799 [INFO] [상태] 잔고:$9.12 | 포지션:3개 | 스캔:39회 | 스캐너:ON
2026-07-31 01:02:07,985 [INFO] [SCAN] 블랙리스트 4개 제외: ['IP/USDT:USDT', 'NES/USDT:USDT', 'WLD/USDT:USDT', 'XAG/USDT:USDT', 'XAU/USDT:USDT', 'XAUT/USDT:USDT']
2026-07-31 01:02:07,985 [INFO] [SCAN] 스캔 시작: 30개 페어 (캐시 30개 보유)
2026-07-31 01:02:21,232 [INFO] [SCAN] 완료: 30개 종목 · 신호 0개 · API 호출 30회 · 캐시 히트 0회
2026-07-31 01:02:36,484 [INFO] [SCAN] 블랙리스트 4개 제외: ['IP/USDT:USDT', 'NES/USDT:USDT', 'WLD/USDT:USDT', 'XAG/USDT:USDT', 'XAU/USDT:USDT', 'XAUT/USDT:USDT']
2026-07-31 01:02:36,484 [INFO] [SCAN] 스캔 시작: 30개 페어 (캐시 30개 보유)
2026-07-31 01:02:49,890 [INFO] [SCAN] 완료: 30개 종목 · 신호 0개 · API 호출 30회 · 캐시 히트 0회
2026-07-31 01:02:52,398 [INFO] [상태] 잔고:$9.12 | 포지션:3개 | 스캔:41회 | 스캐너:ON
2026-07-31 01:03:08,306 [INFO] [SCAN] 블랙리스트 4개 제외: ['IP/USDT:USDT', 'NES/USDT:USDT', 'WLD/USDT:USDT', 'XAG/USDT:USDT', 'XAU/USDT:USDT', 'XAUT/USDT:USDT']
2026-07-31 01:03:08,307 [INFO] [SCAN] 스캔 시작: 30개 페어 (캐시 30개 보유)
2026-07-31 01:03:21,724 [INFO] [SCAN] 완료: 30개 종목 · 신호 0개 · API 호출 30회 · 캐시 히트 0회
2026-07-31 01:03:36,977 [INFO] [SCAN] 블랙리스트 4개 제외: ['IP/USDT:USDT', 'NES/USDT:USDT', 'WLD/USDT:USDT', 'XAG/USDT:USDT', 'XAU/USDT:USDT', 'XAUT/USDT:USDT']
2026-07-31 01:03:36,978 [INFO] [SCAN] 스캔 시작: 30개 페어 (캐시 30개 보유)
2026-07-31 01:03:50,221 [INFO] [SCAN] 완료: 30개 종목 · 신호 0개 · API 호출 30회 · 캐시 히트 0회
2026-07-31 01:03:53,151 [INFO] [상태] 잔고:$9.12 | 포지션:3개 | 스캔:43회 | 스캐너:ON
2026-07-31 01:04:07,934 [INFO] [SCAN] 블랙리스트 4개 제외: ['IP/USDT:USDT', 'NES/USDT:USDT', 'WLD/USDT:USDT', 'XAG/USDT:USDT', 'XAU/USDT:USDT', 'XAUT/USDT:USDT']
2026-07-31 01:04:07,934 [INFO] [SCAN] 스캔 시작: 30개 페어 (캐시 30개 보유)
2026-07-31 01:04:21,843 [INFO] [SCAN] 완료: 30개 종목 · 신호 0개 · API 호출 30회 · 캐시 히트 0회
2026-07-31 01:04:37,105 [INFO] [SCAN] 블랙리스트 4개 제외: ['IP/USDT:USDT', 'NES/USDT:USDT', 'WLD/USDT:USDT', 'XAG/USDT:USDT', 'XAU/USDT:USDT', 'XAUT/USDT:USDT']
2026-07-31 01:04:37,105 [INFO] [SCAN] 스캔 시작: 30개 페어 (캐시 30개 보유)
2026-07-31 01:04:50,647 [INFO] [SCAN] 완료: 30개 종목 · 신호 0개 · API 호출 30회 · 캐시 히트 0회
2026-07-31 01:04:53,752 [INFO] [상태] 잔고:$9.11 | 포지션:3개 | 스캔:45회 | 스캐너:ON
2026-07-31 01:05:08,705 [INFO] [SCAN] 블랙리스트 4개 제외: ['IP/USDT:USDT', 'NES/USDT:USDT', 'WLD/USDT:USDT', 'XAG/USDT:USDT', 'XAU/USDT:USDT', 'XAUT/USDT:USDT']
2026-07-31 01:05:08,705 [INFO] [SCAN] 스캔 시작: 30개 페어 (캐시 30개 보유)
2026-07-31 01:05:22,228 [INFO] [SCAN] 완료: 30개 종목 · 신호 0개 · API 호출 30회 · 캐시 히트 0회
2026-07-31 01:05:37,509 [INFO] [SCAN] 블랙리스트 4개 제외: ['IP/USDT:USDT', 'NES/USDT:USDT', 'WLD/USDT:USDT', 'XAG/USDT:USDT', 'XAU/USDT:USDT', 'XAUT/USDT:USDT']
2026-07-31 01:05:37,509 [INFO] [SCAN] 스캔 시작: 30개 페어 (캐시 30개 보유)
2026-07-31 01:05:50,520 [INFO] [SCAN] 완료: 30개 종목 · 신호 0개 · API 호출 30회 · 캐시 히트 0회
2026-07-31 01:05:54,186 [INFO] [상태] 잔고:$9.11 | 포지션:3개 | 스캔:47회 | 스캐너:ON
2026-07-31 01:06:05,887 [INFO] [SCAN] 블랙리스트 4개 제외: ['IP/USDT:USDT', 'NES/USDT:USDT', 'WLD/USDT:USDT', 'XAG/USDT:USDT', 'XAU/USDT:USDT', 'XAUT/USDT:USDT']
2026-07-31 01:06:05,890 [INFO] [SCAN] 스캔 시작: 30개 페어 (캐시 30개 보유)
2026-07-31 01:06:18,610 [INFO] [SCAN] 완료: 29개 종목 · 신호 0개 · API 호출 29회 · 캐시 히트 0회
2026-07-31 01:06:36,198 [INFO] [SCAN] 블랙리스트 4개 제외: ['IP/USDT:USDT', 'NES/USDT:USDT', 'WLD/USDT:USDT', 'XAG/USDT:USDT', 'XAU/USDT:USDT', 'XAUT/USDT:USDT']
2026-07-31 01:06:36,198 [INFO] [SCAN] 스캔 시작: 30개 페어 (캐시 30개 보유)
2026-07-31 01:06:49,373 [INFO] [SCAN] 완료: 30개 종목 · 신호 0개 · API 호출 30회 · 캐시 히트 0회
2026-07-31 01:06:54,620 [INFO] [상태] 잔고:$9.12 | 포지션:3개 | 스캔:49회 | 스캐너:ON
2026-07-31 01:07:04,747 [INFO] [SCAN] 블랙리스트 4개 제외: ['IP/USDT:USDT', 'NES/USDT:USDT', 'WLD/USDT:USDT', 'XAG/USDT:USDT', 'XAU/USDT:USDT', 'XAUT/USDT:USDT']
2026-07-31 01:07:04,748 [INFO] [SCAN] 스캔 시작: 30개 페어 (캐시 30개 보유)
2026-07-31 01:07:17,891 [INFO] [SCAN] 완료: 30개 종목 · 신호 0개 · API 호출 30회 · 캐시 히트 0회
2026-07-31 01:07:33,138 [INFO] [SCAN] 블랙리스트 4개 제외: ['IP/USDT:USDT', 'NES/USDT:USDT', 'WLD/USDT:USDT', 'XAG/USDT:USDT', 'XAU/USDT:USDT', 'XAUT/USDT:USDT']
2026-07-31 01:07:33,138 [INFO] [SCAN] 스캔 시작: 30개 페어 (캐시 30개 보유)
2026-07-31 01:07:46,142 [INFO] [SCAN] 완료: 30개 종목 · 신호 0개 · API 호출 30회 · 캐시 히트 0회
2026-07-31 01:07:55,107 [INFO] [상태] 잔고:$9.12 | 포지션:3개 | 스캔:51회 | 스캐너:ON
2026-07-31 01:08:03,873 [INFO] [SCAN] 블랙리스트 4개 제외: ['IP/USDT:USDT', 'NES/USDT:USDT', 'WLD/USDT:USDT', 'XAG/USDT:USDT', 'XAU/USDT:USDT', 'XAUT/USDT:USDT']
2026-07-31 01:08:03,874 [INFO] [SCAN] 스캔 시작: 30개 페어 (캐시 30개 보유)
2026-07-31 01:08:17,109 [INFO] [SCAN] 완료: 30개 종목 · 신호 0개 · API 호출 30회 · 캐시 히트 0회
2026-07-31 01:08:32,347 [INFO] [SCAN] 블랙리스트 4개 제외: ['IP/USDT:USDT', 'NES/USDT:USDT', 'WLD/USDT:USDT', 'XAG/USDT:USDT', 'XAU/USDT:USDT', 'XAUT/USDT:USDT']
2026-07-31 01:08:32,348 [INFO] [SCAN] 스캔 시작: 30개 페어 (캐시 30개 보유)
2026-07-31 01:08:45,441 [INFO] [SCAN] 완료: 30개 종목 · 신호 0개 · API 호출 30회 · 캐시 히트 0회
2026-07-31 01:08:55,576 [INFO] [상태] 잔고:$9.13 | 포지션:3개 | 스캔:53회 | 스캐너:ON
2026-07-31 01:09:00,806 [INFO] [SCAN] 블랙리스트 4개 제외: ['IP/USDT:USDT', 'NES/USDT:USDT', 'WLD/USDT:USDT', 'XAG/USDT:USDT', 'XAU/USDT:USDT', 'XAUT/USDT:USDT']
2026-07-31 01:09:00,806 [INFO] [SCAN] 스캔 시작: 30개 페어 (캐시 30개 보유)
2026-07-31 01:09:13,918 [INFO] [SCAN] 완료: 30개 종목 · 신호 0개 · API 호출 30회 · 캐시 히트 0회
2026-07-31 01:09:31,614 [INFO] [SCAN] 블랙리스트 4개 제외: ['IP/USDT:USDT', 'NES/USDT:USDT', 'WLD/USDT:USDT', 'XAG/USDT:USDT', 'XAU/USDT:USDT', 'XAUT/USDT:USDT']
2026-07-31 01:09:31,615 [INFO] [SCAN] 스캔 시작: 30개 페어 (캐시 30개 보유)
2026-07-31 01:09:45,239 [INFO] [SCAN] 완료: 30개 종목 · 신호 0개 · API 호출 30회 · 캐시 히트 0회
2026-07-31 01:09:56,260 [INFO] [상태] 잔고:$9.11 | 포지션:3개 | 스캔:55회 | 스캐너:ON
2026-07-31 01:10:00,672 [INFO] [SCAN] 블랙리스트 4개 제외: ['IP/USDT:USDT', 'NES/USDT:USDT', 'WLD/USDT:USDT', 'XAG/USDT:USDT', 'XAU/USDT:USDT', 'XAUT/USDT:USDT']
2026-07-31 01:10:00,672 [INFO] [SCAN] 스캔 시작: 30개 페어 (캐시 30개 보유)
2026-07-31 01:10:14,234 [INFO] [SCAN] 완료: 30개 종목 · 신호 0개 · API 호출 30회 · 캐시 히트 0회
2026-07-31 01:10:32,087 [INFO] [SCAN] 블랙리스트 4개 제외: ['IP/USDT:USDT', 'NES/USDT:USDT', 'WLD/USDT:USDT', 'XAG/USDT:USDT', 'XAU/USDT:USDT', 'XAUT/USDT:USDT']
2026-07-31 01:10:32,088 [INFO] [SCAN] 스캔 시작: 30개 페어 (캐시 30개 보유)
2026-07-31 01:10:45,531 [INFO] [SCAN] 완료: 30개 종목 · 신호 0개 · API 호출 30회 · 캐시 히트 0회
2026-07-31 01:10:56,696 [INFO] [상태] 잔고:$9.11 | 포지션:3개 | 스캔:57회 | 스캐너:ON
2026-07-31 01:11:00,913 [INFO] [SCAN] 블랙리스트 4개 제외: ['IP/USDT:USDT', 'NES/USDT:USDT', 'WLD/USDT:USDT', 'XAG/USDT:USDT', 'XAU/USDT:USDT', 'XAUT/USDT:USDT']
2026-07-31 01:11:00,913 [INFO] [SCAN] 스캔 시작: 30개 페어 (캐시 30개 보유)
2026-07-31 01:11:14,364 [INFO] [SCAN] 완료: 30개 종목 · 신호 0개 · API 호출 30회 · 캐시 히트 0회
2026-07-31 01:11:32,313 [INFO] [SCAN] 블랙리스트 4개 제외: ['IP/USDT:USDT', 'NES/USDT:USDT', 'WLD/USDT:USDT', 'XAG/USDT:USDT', 'XAU/USDT:USDT', 'XAUT/USDT:USDT']
2026-07-31 01:11:32,313 [INFO] [SCAN] 스캔 시작: 30개 페어 (캐시 30개 보유)
2026-07-31 01:11:45,668 [INFO] [SCAN] 완료: 30개 종목 · 신호 0개 · API 호출 30회 · 캐시 히트 0회
2026-07-31 01:11:57,209 [INFO] [상태] 잔고:$9.12 | 포지션:3개 | 스캔:59회 | 스캐너:ON
2026-07-31 01:12:01,138 [INFO] [SCAN] 블랙리스트 4개 제외: ['IP/USDT:USDT', 'NES/USDT:USDT', 'WLD/USDT:USDT', 'XAG/USDT:USDT', 'XAU/USDT:USDT', 'XAUT/USDT:USDT']
2026-07-31 01:12:01,138 [INFO] [SCAN] 스캔 시작: 30개 페어 (캐시 30개 보유)
2026-07-31 01:12:14,554 [INFO] [SCAN] 완료: 30개 종목 · 신호 0개 · API 호출 30회 · 캐시 히트 0회
2026-07-31 01:12:32,462 [INFO] [SCAN] 블랙리스트 4개 제외: ['IP/USDT:USDT', 'NES/USDT:USDT', 'WLD/USDT:USDT', 'XAG/USDT:USDT', 'XAU/USDT:USDT', 'XAUT/USDT:USDT']
2026-07-31 01:12:32,462 [INFO] [SCAN] 스캔 시작: 30개 페어 (캐시 30개 보유)
2026-07-31 01:12:46,212 [INFO] [SCAN] 완료: 30개 종목 · 신호 0개 · API 호출 30회 · 캐시 히트 0회
2026-07-31 01:12:57,738 [INFO] [상태] 잔고:$9.11 | 포지션:3개 | 스캔:61회 | 스캐너:ON
2026-07-31 01:13:01,602 [INFO] [SCAN] 블랙리스트 4개 제외: ['IP/USDT:USDT', 'NES/USDT:USDT', 'WLD/USDT:USDT', 'XAG/USDT:USDT', 'XAU/USDT:USDT', 'XAUT/USDT:USDT']
2026-07-31 01:13:01,602 [INFO] [SCAN] 스캔 시작: 30개 페어 (캐시 30개 보유)
2026-07-31 01:13:15,517 [INFO] [SCAN] 완료: 30개 종목 · 신호 0개 · API 호출 30회 · 캐시 히트 0회
2026-07-31 01:13:33,624 [INFO] [SCAN] 블랙리스트 4개 제외: ['IP/USDT:USDT', 'NES/USDT:USDT', 'WLD/USDT:USDT', 'XAG/USDT:USDT', 'XAU/USDT:USDT', 'XAUT/USDT:USDT']
2026-07-31 01:13:33,624 [INFO] [SCAN] 스캔 시작: 30개 페어 (캐시 30개 보유)
2026-07-31 01:13:47,464 [INFO] [SCAN] 완료: 30개 종목 · 신호 0개 · API 호출 30회 · 캐시 히트 0회
2026-07-31 01:13:58,372 [INFO] [상태] 잔고:$9.10 | 포지션:3개 | 스캔:63회 | 스캐너:ON
2026-07-31 01:14:02,864 [INFO] [SCAN] 블랙리스트 4개 제외: ['IP/USDT:USDT', 'NES/USDT:USDT', 'WLD/USDT:USDT', 'XAG/USDT:USDT', 'XAU/USDT:USDT', 'XAUT/USDT:USDT']
2026-07-31 01:14:02,864 [INFO] [SCAN] 스캔 시작: 30개 페어 (캐시 30개 보유)
2026-07-31 01:14:16,636 [INFO] [SCAN] 완료: 30개 종목 · 신호 0개 · API 호출 30회 · 캐시 히트 0회
2026-07-31 01:14:34,716 [INFO] [SCAN] 블랙리스트 4개 제외: ['IP/USDT:USDT', 'NES/USDT:USDT', 'WLD/USDT:USDT', 'XAG/USDT:USDT', 'XAU/USDT:USDT', 'XAUT/USDT:USDT']
2026-07-31 01:14:34,716 [INFO] [SCAN] 스캔 시작: 30개 페어 (캐시 30개 보유)
2026-07-31 01:14:48,128 [INFO] [SCAN] 완료: 30개 종목 · 신호 0개 · API 호출 30회 · 캐시 히트 0회
2026-07-31 01:14:58,818 [INFO] [상태] 잔고:$9.10 | 포지션:3개 | 스캔:65회 | 스캐너:ON
2026-07-31 01:15:03,497 [INFO] [SCAN] 블랙리스트 4개 제외: ['IP/USDT:USDT', 'NES/USDT:USDT', 'WLD/USDT:USDT', 'XAG/USDT:USDT', 'XAU/USDT:USDT', 'XAUT/USDT:USDT']
2026-07-31 01:15:03,497 [INFO] [SCAN] 스캔 시작: 30개 페어 (캐시 30개 보유)
2026-07-31 01:15:16,637 [INFO] [SCAN] 완료: 30개 종목 · 신호 0개 · API 호출 30회 · 캐시 히트 0회
2026-07-31 01:15:34,362 [INFO] [SCAN] 블랙리스트 4개 제외: ['IP/USDT:USDT', 'NES/USDT:USDT', 'WLD/USDT:USDT', 'XAG/USDT:USDT', 'XAU/USDT:USDT', 'XAUT/USDT:USDT']
2026-07-31 01:15:34,362 [INFO] [SCAN] 스캔 시작: 30개 페어 (캐시 30개 보유)
2026-07-31 01:15:47,549 [INFO] [SCAN] 완료: 30개 종목 · 신호 0개 · API 호출 30회 · 캐시 히트 0회
2026-07-31 01:15:59,277 [INFO] [상태] 잔고:$9.11 | 포지션:3개 | 스캔:67회 | 스캐너:ON
2026-07-31 01:16:03,056 [INFO] [SCAN] 블랙리스트 4개 제외: ['IP/USDT:USDT', 'NES/USDT:USDT', 'WLD/USDT:USDT', 'XAG/USDT:USDT', 'XAU/USDT:USDT', 'XAUT/USDT:USDT']
2026-07-31 01:16:03,057 [INFO] [SCAN] 스캔 시작: 30개 페어 (캐시 30개 보유)
2026-07-31 01:16:16,348 [INFO] [SCAN] 완료: 30개 종목 · 신호 0개 · API 호출 30회 · 캐시 히트 0회
2026-07-31 01:16:31,591 [INFO] [SCAN] 블랙리스트 4개 제외: ['IP/USDT:USDT', 'NES/USDT:USDT', 'WLD/USDT:USDT', 'XAG/USDT:USDT', 'XAU/USDT:USDT', 'XAUT/USDT:USDT']
2026-07-31 01:16:31,591 [INFO] [SCAN] 스캔 시작: 30개 페어 (캐시 30개 보유)
2026-07-31 01:16:44,482 [INFO] [SCAN] 완료: 30개 종목 · 신호 0개 · API 호출 30회 · 캐시 히트 0회
2026-07-31 01:16:59,869 [INFO] [상태] 잔고:$9.12 | 포지션:3개 | 스캔:69회 | 스캐너:ON
2026-07-31 01:17:02,170 [INFO] [SCAN] 블랙리스트 4개 제외: ['IP/USDT:USDT', 'NES/USDT:USDT', 'WLD/USDT:USDT', 'XAG/USDT:USDT', 'XAU/USDT:USDT', 'XAUT/USDT:USDT']
2026-07-31 01:17:02,170 [INFO] [SCAN] 스캔 시작: 30개 페어 (캐시 30개 보유)
2026-07-31 01:17:15,107 [INFO] [SCAN] 완료: 30개 종목 · 신호 0개 · API 호출 30회 · 캐시 히트 0회
2026-07-31 01:17:18,576 [INFO] 🛑 봇 종료
2026-07-31 01:17:18,613 [WARNING] okx requires to release all resources with an explicit call to the .close() coroutine. If you are using the exchange instance with async coroutines, add `await exchange.close()` to your code into a place when you're done with the exchange and don't need the exchange instance anymore (at the end of your async coroutine).
2026-07-31 01:17:18,613 [ERROR] Unclosed connector
connections: ['deque([(<aiohttp.client_proto.ResponseHandler object at 0x113ac38e0>, 2081.066652375)])']
connector: <aiohttp.connector.TCPConnector object at 0x113358df0>
